../SEGGER/SEGGER/SEGGER_SYSVIEW.c:381:12:_EncodeStr	12	static
../SEGGER/SEGGER/SEGGER_SYSVIEW.c:1224:6:SEGGER_SYSVIEW_Init	40	static
../SEGGER/SEGGER/SEGGER_SYSVIEW.c:1275:6:SEGGER_SYSVIEW_SetRAMBase	0	static
../SEGGER/SEGGER/SEGGER_SYSVIEW.c:1732:5:SEGGER_SYSVIEW_GetChannelID	0	static
../SEGGER/SEGGER/SEGGER_SYSVIEW.c:1799:6:SEGGER_SYSVIEW_SendTaskList	0	static
../SEGGER/SEGGER/SEGGER_SYSVIEW.c:2320:5:SEGGER_SYSVIEW_EncodeU32	0	static
../SEGGER/SEGGER/SEGGER_SYSVIEW.c:2347:5:SEGGER_SYSVIEW_EncodeString	0	static
../SEGGER/SEGGER/SEGGER_SYSVIEW.c:2373:5:SEGGER_SYSVIEW_EncodeData	12	static
../SEGGER/SEGGER/SEGGER_SYSVIEW.c:2401:5:SEGGER_SYSVIEW_EncodeId	0	static
../SEGGER/SEGGER/SEGGER_SYSVIEW.c:2429:5:SEGGER_SYSVIEW_ShrinkId	0	static
../SEGGER/SEGGER/SEGGER_SYSVIEW.c:2572:6:SEGGER_SYSVIEW_SendModuleDescription	8	static
../SEGGER/SEGGER/SEGGER_SYSVIEW.c:2593:6:SEGGER_SYSVIEW_SendNumModules	8	static,ignoring_inline_asm
../SEGGER/SEGGER/SEGGER_SYSVIEW.c:1659:6:SEGGER_SYSVIEW_Start	16	static,ignoring_inline_asm
../SEGGER/SEGGER/SEGGER_SYSVIEW.c:450:13:_HandleIncomingPacket	16	static
../SEGGER/SEGGER/SEGGER_SYSVIEW.c:620:13:_SendPacket	40	static
../SEGGER/SEGGER/SEGGER_SYSVIEW.c:1289:6:SEGGER_SYSVIEW_RecordVoid	8	static,ignoring_inline_asm
../SEGGER/SEGGER/SEGGER_SYSVIEW.c:1309:6:SEGGER_SYSVIEW_RecordU32	16	static,ignoring_inline_asm
../SEGGER/SEGGER/SEGGER_SYSVIEW.c:1332:6:SEGGER_SYSVIEW_RecordU32x2	16	static,ignoring_inline_asm
../SEGGER/SEGGER/SEGGER_SYSVIEW.c:1847:6:SEGGER_SYSVIEW_RecordSystime	8	static
../SEGGER/SEGGER/SEGGER_SYSVIEW.c:1357:6:SEGGER_SYSVIEW_RecordU32x3	24	static,ignoring_inline_asm
../SEGGER/SEGGER/SEGGER_SYSVIEW.c:1384:6:SEGGER_SYSVIEW_RecordU32x4	24	static,ignoring_inline_asm
../SEGGER/SEGGER/SEGGER_SYSVIEW.c:1413:6:SEGGER_SYSVIEW_RecordU32x5	24	static,ignoring_inline_asm
../SEGGER/SEGGER/SEGGER_SYSVIEW.c:1444:6:SEGGER_SYSVIEW_RecordU32x6	24	static,ignoring_inline_asm
../SEGGER/SEGGER/SEGGER_SYSVIEW.c:1477:6:SEGGER_SYSVIEW_RecordU32x7	32	static,ignoring_inline_asm
../SEGGER/SEGGER/SEGGER_SYSVIEW.c:1512:6:SEGGER_SYSVIEW_RecordU32x8	32	static,ignoring_inline_asm
../SEGGER/SEGGER/SEGGER_SYSVIEW.c:1549:6:SEGGER_SYSVIEW_RecordU32x9	40	static,ignoring_inline_asm
../SEGGER/SEGGER/SEGGER_SYSVIEW.c:1588:6:SEGGER_SYSVIEW_RecordU32x10	48	static,ignoring_inline_asm
../SEGGER/SEGGER/SEGGER_SYSVIEW.c:1623:6:SEGGER_SYSVIEW_RecordString	16	static,ignoring_inline_asm
../SEGGER/SEGGER/SEGGER_SYSVIEW.c:1714:6:SEGGER_SYSVIEW_Stop	16	static,ignoring_inline_asm
../SEGGER/SEGGER/SEGGER_SYSVIEW.c:1744:6:SEGGER_SYSVIEW_GetSysDesc	16	static,ignoring_inline_asm
../SEGGER/SEGGER/SEGGER_SYSVIEW.c:1772:6:SEGGER_SYSVIEW_SendTaskInfo	16	static,ignoring_inline_asm
../SEGGER/SEGGER/SEGGER_SYSVIEW.c:1829:6:SEGGER_SYSVIEW_SendSysDesc	16	static,ignoring_inline_asm
../SEGGER/SEGGER/SEGGER_SYSVIEW.c:1871:6:SEGGER_SYSVIEW_RecordEnterISR	8	static,ignoring_inline_asm
../SEGGER/SEGGER/SEGGER_SYSVIEW.c:1898:6:SEGGER_SYSVIEW_RecordExitISR	8	static,ignoring_inline_asm
../SEGGER/SEGGER/SEGGER_SYSVIEW.c:1920:6:SEGGER_SYSVIEW_RecordExitISRToScheduler	8	static,ignoring_inline_asm
../SEGGER/SEGGER/SEGGER_SYSVIEW.c:1938:6:SEGGER_SYSVIEW_RecordEnterTimer	8	static,ignoring_inline_asm
../SEGGER/SEGGER/SEGGER_SYSVIEW.c:1956:6:SEGGER_SYSVIEW_RecordExitTimer	8	static,ignoring_inline_asm
../SEGGER/SEGGER/SEGGER_SYSVIEW.c:1974:6:SEGGER_SYSVIEW_RecordEndCall	8	static,ignoring_inline_asm
../SEGGER/SEGGER/SEGGER_SYSVIEW.c:1996:6:SEGGER_SYSVIEW_RecordEndCallU32	16	static,ignoring_inline_asm
../SEGGER/SEGGER/SEGGER_SYSVIEW.c:2015:6:SEGGER_SYSVIEW_OnIdle	8	static,ignoring_inline_asm
../SEGGER/SEGGER/SEGGER_SYSVIEW.c:2034:6:SEGGER_SYSVIEW_OnTaskCreate	8	static,ignoring_inline_asm
../SEGGER/SEGGER/SEGGER_SYSVIEW.c:2059:6:SEGGER_SYSVIEW_OnTaskTerminate	8	static,ignoring_inline_asm
../SEGGER/SEGGER/SEGGER_SYSVIEW.c:2083:6:SEGGER_SYSVIEW_OnTaskStartExec	8	static,ignoring_inline_asm
../SEGGER/SEGGER/SEGGER_SYSVIEW.c:2103:6:SEGGER_SYSVIEW_OnTaskStopExec	8	static,ignoring_inline_asm
../SEGGER/SEGGER/SEGGER_SYSVIEW.c:2121:6:SEGGER_SYSVIEW_OnTaskStartReady	8	static,ignoring_inline_asm
../SEGGER/SEGGER/SEGGER_SYSVIEW.c:2144:6:SEGGER_SYSVIEW_OnTaskStopReady	16	static,ignoring_inline_asm
../SEGGER/SEGGER/SEGGER_SYSVIEW.c:2167:6:SEGGER_SYSVIEW_MarkStart	8	static,ignoring_inline_asm
../SEGGER/SEGGER/SEGGER_SYSVIEW.c:2188:6:SEGGER_SYSVIEW_MarkStop	8	static,ignoring_inline_asm
../SEGGER/SEGGER/SEGGER_SYSVIEW.c:2209:6:SEGGER_SYSVIEW_Mark	8	static,ignoring_inline_asm
../SEGGER/SEGGER/SEGGER_SYSVIEW.c:2236:6:SEGGER_SYSVIEW_NameMarker	16	static,ignoring_inline_asm
../SEGGER/SEGGER/SEGGER_SYSVIEW.c:2264:6:SEGGER_SYSVIEW_NameResource	16	static,ignoring_inline_asm
../SEGGER/SEGGER/SEGGER_SYSVIEW.c:2293:5:SEGGER_SYSVIEW_SendPacket	8	static,ignoring_inline_asm
../SEGGER/SEGGER/SEGGER_SYSVIEW.c:2492:6:SEGGER_SYSVIEW_RecordModuleDescription	16	static,ignoring_inline_asm
../SEGGER/SEGGER/SEGGER_SYSVIEW.c:2533:6:SEGGER_SYSVIEW_SendModule	16	static,ignoring_inline_asm
../SEGGER/SEGGER/SEGGER_SYSVIEW.c:2451:6:SEGGER_SYSVIEW_RegisterModule	16	static,ignoring_inline_asm
../SEGGER/SEGGER/SEGGER_SYSVIEW.c:761:12:_VPrintHost	88	static,ignoring_inline_asm
../SEGGER/SEGGER/SEGGER_SYSVIEW.c:842:13:_StoreChar	16	static
../SEGGER/SEGGER/SEGGER_SYSVIEW.c:884:13:_PrintUnsigned	40	static
../SEGGER/SEGGER/SEGGER_SYSVIEW.c:1048:13:_VPrintTarget	80	static,ignoring_inline_asm
../SEGGER/SEGGER/SEGGER_SYSVIEW.c:2620:6:SEGGER_SYSVIEW_PrintfHostEx	12	static
../SEGGER/SEGGER/SEGGER_SYSVIEW.c:2654:6:SEGGER_SYSVIEW_PrintfHost	16	static
../SEGGER/SEGGER/SEGGER_SYSVIEW.c:2689:6:SEGGER_SYSVIEW_WarnfHost	16	static
../SEGGER/SEGGER/SEGGER_SYSVIEW.c:2724:6:SEGGER_SYSVIEW_ErrorfHost	16	static
../SEGGER/SEGGER/SEGGER_SYSVIEW.c:2757:6:SEGGER_SYSVIEW_PrintfTargetEx	12	static
../SEGGER/SEGGER/SEGGER_SYSVIEW.c:2776:6:SEGGER_SYSVIEW_PrintfTarget	16	static
../SEGGER/SEGGER/SEGGER_SYSVIEW.c:2795:6:SEGGER_SYSVIEW_WarnfTarget	16	static
../SEGGER/SEGGER/SEGGER_SYSVIEW.c:2814:6:SEGGER_SYSVIEW_ErrorfTarget	16	static
../SEGGER/SEGGER/SEGGER_SYSVIEW.c:2833:6:SEGGER_SYSVIEW_Print	16	static,ignoring_inline_asm
../SEGGER/SEGGER/SEGGER_SYSVIEW.c:2855:6:SEGGER_SYSVIEW_Warn	16	static,ignoring_inline_asm
../SEGGER/SEGGER/SEGGER_SYSVIEW.c:2877:6:SEGGER_SYSVIEW_Error	16	static,ignoring_inline_asm
../SEGGER/SEGGER/SEGGER_SYSVIEW.c:2899:6:SEGGER_SYSVIEW_EnableEvents	0	static
../SEGGER/SEGGER/SEGGER_SYSVIEW.c:2913:6:SEGGER_SYSVIEW_DisableEvents	0	static
../SEGGER/SEGGER/SEGGER_SYSVIEW.c:2928:5:SEGGER_SYSVIEW_IsStarted	16	static
