../SEGGER/SEGGER/SEGGER_RTT.c:479:17:_GetAvailWriteSpace	0	static
../SEGGER/SEGGER/SEGGER_RTT.c:393:13:_WriteNoCheck	24	static
../SEGGER/SEGGER/SEGGER_RTT.c:329:17:_WriteBlocking	32	static
../SEGGER/SEGGER/SEGGER_RTT.c:274:13:_DoInit	8	static
../SEGGER/SEGGER/SEGGER_RTT.c:457:13:_PostTerminalSwitch.constprop	16	static
../SEGGER/SEGGER/SEGGER_RTT.c:525:10:SEGGER_RTT_ReadUpBufferNoLock	40	static
../SEGGER/SEGGER/SEGGER_RTT.c:619:10:SEGGER_RTT_ReadNoLock	40	static
../SEGGER/SEGGER/SEGGER_RTT.c:718:10:SEGGER_RTT_ReadUpBuffer	8	static,ignoring_inline_asm
../SEGGER/SEGGER/SEGGER_RTT.c:750:10:SEGGER_RTT_Read	8	static,ignoring_inline_asm
../SEGGER/SEGGER/SEGGER_RTT.c:789:6:SEGGER_RTT_WriteWithOverwriteNoLock	48	static
../SEGGER/SEGGER/SEGGER_RTT.c:889:10:SEGGER_RTT_WriteSkipNoLock	40	static
../SEGGER/SEGGER/SEGGER_RTT.c:973:10:SEGGER_RTT_WriteDownBufferNoLock	24	static
../SEGGER/SEGGER/SEGGER_RTT.c:1049:10:SEGGER_RTT_WriteNoLock	24	static
../SEGGER/SEGGER/SEGGER_RTT.c:1126:10:SEGGER_RTT_WriteDownBuffer	24	static,ignoring_inline_asm
../SEGGER/SEGGER/SEGGER_RTT.c:1162:10:SEGGER_RTT_Write	24	static,ignoring_inline_asm
../SEGGER/SEGGER/SEGGER_RTT.c:1199:10:SEGGER_RTT_WriteString	16	static
../SEGGER/SEGGER/SEGGER_RTT.c:1229:10:SEGGER_RTT_PutCharSkipNoLock	20	static
../SEGGER/SEGGER/SEGGER_RTT.c:1276:10:SEGGER_RTT_PutCharSkip	24	static,ignoring_inline_asm
../SEGGER/SEGGER/SEGGER_RTT.c:1332:10:SEGGER_RTT_PutChar	24	static,ignoring_inline_asm
../SEGGER/SEGGER/SEGGER_RTT.c:1393:5:SEGGER_RTT_GetKey	16	static
../SEGGER/SEGGER/SEGGER_RTT.c:1421:5:SEGGER_RTT_WaitKey	8	static
../SEGGER/SEGGER/SEGGER_RTT.c:1444:5:SEGGER_RTT_HasKey	8	static
../SEGGER/SEGGER/SEGGER_RTT.c:1470:10:SEGGER_RTT_HasData	0	static
../SEGGER/SEGGER/SEGGER_RTT.c:1491:10:SEGGER_RTT_HasDataUp	0	static
../SEGGER/SEGGER/SEGGER_RTT.c:1519:5:SEGGER_RTT_AllocDownBuffer	24	static,ignoring_inline_asm
../SEGGER/SEGGER/SEGGER_RTT.c:1564:5:SEGGER_RTT_AllocUpBuffer	24	static,ignoring_inline_asm
../SEGGER/SEGGER/SEGGER_RTT.c:1615:5:SEGGER_RTT_ConfigUpBuffer	24	static,ignoring_inline_asm
../SEGGER/SEGGER/SEGGER_RTT.c:1662:5:SEGGER_RTT_ConfigDownBuffer	32	static,ignoring_inline_asm
../SEGGER/SEGGER/SEGGER_RTT.c:1700:5:SEGGER_RTT_SetNameUpBuffer	16	static,ignoring_inline_asm
../SEGGER/SEGGER/SEGGER_RTT.c:1731:5:SEGGER_RTT_SetNameDownBuffer	16	static,ignoring_inline_asm
../SEGGER/SEGGER/SEGGER_RTT.c:1762:5:SEGGER_RTT_SetFlagsUpBuffer	16	static,ignoring_inline_asm
../SEGGER/SEGGER/SEGGER_RTT.c:1793:5:SEGGER_RTT_SetFlagsDownBuffer	16	static,ignoring_inline_asm
../SEGGER/SEGGER/SEGGER_RTT.c:1817:6:SEGGER_RTT_Init	0	static
../SEGGER/SEGGER/SEGGER_RTT.c:1835:5:SEGGER_RTT_SetTerminal	24	static,ignoring_inline_asm
../SEGGER/SEGGER/SEGGER_RTT.c:1885:5:SEGGER_RTT_TerminalOut	32	static,ignoring_inline_asm
../SEGGER/SEGGER/SEGGER_RTT.c:1973:10:SEGGER_RTT_GetAvailWriteSpace	0	static
../SEGGER/SEGGER/SEGGER_RTT.c:1991:10:SEGGER_RTT_GetBytesInBuffer	0	static
