../Core/Src/Wifi.c:13:6:Wifi_SendRaw	16	static
../Core/Src/Wifi.c:27:6:Wifi_SendString	16	static
../Core/Src/Wifi.c:32:6:Wifi_SendStringAndWait	16	static
../Core/Src/Wifi.c:40:6:Wifi_WaitForString	64	dynamic
../Core/Src/Wifi.c:76:6:Wifi_ReturnString	32	static
../Core/Src/Wifi.c:108:6:Wifi_ReturnStrings	64	dynamic
../Core/Src/Wifi.c:140:6:Wifi_ReturnInteger	24	static
../Core/Src/Wifi.c:151:6:Wifi_ReturnFloat	24	static
../Core/Src/Wifi.c:161:6:Wifi_RemoveChar	24	static
../Core/Src/Wifi.c:173:6:Wifi_RxClear	8	static
../Core/Src/Wifi.c:180:6:Wifi_TxClear	8	static
../Core/Src/Wifi.c:185:6:Wifi_RxCallBack	8	static
../Core/Src/Wifi.c:270:6:WifiTask	24	static
../Core/Src/Wifi.c:319:6:Wifi_Init	56	static
../Core/Src/Wifi.c:333:6:Wifi_Restart	24	static
../Core/Src/Wifi.c:354:6:Wifi_DeepSleep	32	static
../Core/Src/Wifi.c:375:6:Wifi_FactoryReset	24	static
../Core/Src/Wifi.c:396:6:Wifi_Update	24	static
../Core/Src/Wifi.c:417:6:Wifi_SetRfPower	32	static
../Core/Src/Wifi.c:441:6:Wifi_SetMode	32	static
../Core/Src/Wifi.c:463:6:Wifi_GetMode	24	static
../Core/Src/Wifi.c:488:6:Wifi_GetMyIp	32	static
../Core/Src/Wifi.c:532:6:Wifi_Station_ConnectToAp	40	static
../Core/Src/Wifi.c:556:6:Wifi_Station_Disconnect	24	static
../Core/Src/Wifi.c:577:6:Wifi_Station_DhcpEnable	32	static
../Core/Src/Wifi.c:599:6:Wifi_Station_DhcpIsEnable	24	static
../Core/Src/Wifi.c:641:6:Wifi_Station_SetIp	40	static
../Core/Src/Wifi.c:670:7:Wifi_SoftAp_GetConnectedDevices	56	static
../Core/Src/Wifi.c:701:7:Wifi_SoftAp_Create	48	static
../Core/Src/Wifi.c:725:7:Wifi_TcpIp_GetConnectionStatus	56	static
../Core/Src/Wifi.c:764:7:Wifi_TcpIp_Ping	32	static
../Core/Src/Wifi.c:787:7:Wifi_TcpIp_SetMultiConnection	32	static
../Core/Src/Wifi.c:809:7:Wifi_TcpIp_GetMultiConnection	24	static
../Core/Src/Wifi.c:834:7:Wifi_TcpIp_StartTcpConnection	40	static
../Core/Src/Wifi.c:866:7:Wifi_TcpIp_StartUdpConnection	40	static
../Core/Src/Wifi.c:890:7:Wifi_TcpIp_Close	32	static
../Core/Src/Wifi.c:914:7:Wifi_TcpIp_SetEnableTcpServer	32	static
../Core/Src/Wifi.c:946:7:Wifi_TcpIp_SetDisableTcpServer	32	static
../Core/Src/Wifi.c:967:7:Wifi_TcpIp_SendDataUdp	32	static
../Core/Src/Wifi.c:996:7:Wifi_TcpIp_SendDataTcp	32	static
