../Middlewares/Third_Party/FreeRTOS/org/Source/tasks.c:1083:13:prvAddNewTaskToReadyList	32	static,ignoring_inline_asm
../Middlewares/Third_Party/FreeRTOS/org/Source/tasks.c:5106:13:prvAddCurrentTaskToDelayedList	24	static
../Middlewares/Third_Party/FreeRTOS/org/Source/tasks.c:1808:20:prvTaskIsTaskSuspended	0	static,ignoring_inline_asm
../Middlewares/Third_Party/FreeRTOS/org/Source/tasks.c:3905:13:prvResetNextTaskUnblockTime	0	static
../Middlewares/Third_Party/FreeRTOS/org/Source/tasks.c:3851:14:prvDeleteTCB	8	static,ignoring_inline_asm
../Middlewares/Third_Party/FreeRTOS/org/Source/tasks.c:3345:8:prvIdleTask	8	static,ignoring_inline_asm
../Middlewares/Third_Party/FreeRTOS/org/Source/tasks.c:832:13:prvInitialiseNewTask.constprop	32	static
../Middlewares/Third_Party/FreeRTOS/org/Source/tasks.c:589:15:xTaskCreateStatic	40	static,ignoring_inline_asm
../Middlewares/Third_Party/FreeRTOS/org/Source/tasks.c:741:13:xTaskCreate	48	static
../Middlewares/Third_Party/FreeRTOS/org/Source/tasks.c:1168:7:vTaskDelete	16	static,ignoring_inline_asm
../Middlewares/Third_Party/FreeRTOS/org/Source/tasks.c:1389:13:eTaskGetState	24	static,ignoring_inline_asm
../Middlewares/Third_Party/FreeRTOS/org/Source/tasks.c:1481:14:uxTaskPriorityGet	16	static
../Middlewares/Third_Party/FreeRTOS/org/Source/tasks.c:1503:14:uxTaskPriorityGetFromISR	8	static,ignoring_inline_asm
../Middlewares/Third_Party/FreeRTOS/org/Source/tasks.c:1543:7:vTaskPrioritySet	32	static,ignoring_inline_asm
../Middlewares/Third_Party/FreeRTOS/org/Source/tasks.c:1854:7:vTaskResume	24	static,ignoring_inline_asm
../Middlewares/Third_Party/FreeRTOS/org/Source/tasks.c:1908:13:xTaskResumeFromISR	24	static,ignoring_inline_asm
../Middlewares/Third_Party/FreeRTOS/org/Source/tasks.c:1978:6:vTaskStartScheduler	48	static,ignoring_inline_asm
../Middlewares/Third_Party/FreeRTOS/org/Source/tasks.c:2100:6:vTaskEndScheduler	0	static,ignoring_inline_asm
../Middlewares/Third_Party/FreeRTOS/org/Source/tasks.c:2111:6:vTaskSuspendAll	0	static,ignoring_inline_asm
../Middlewares/Third_Party/FreeRTOS/org/Source/tasks.c:2295:12:xTaskGetTickCount	0	static
../Middlewares/Third_Party/FreeRTOS/org/Source/tasks.c:2310:12:xTaskGetTickCountFromISR	8	static
../Middlewares/Third_Party/FreeRTOS/org/Source/tasks.c:2341:13:uxTaskGetNumberOfTasks	0	static
../Middlewares/Third_Party/FreeRTOS/org/Source/tasks.c:2349:7:pcTaskGetName	0	static,ignoring_inline_asm
../Middlewares/Third_Party/FreeRTOS/org/Source/tasks.c:2676:12:xTaskIncrementTick	40	static,ignoring_inline_asm
../Middlewares/Third_Party/FreeRTOS/org/Source/tasks.c:2185:12:xTaskResumeAll	32	static,ignoring_inline_asm
../Middlewares/Third_Party/FreeRTOS/org/Source/tasks.c:1260:7:vTaskDelayUntil	16	static,ignoring_inline_asm
../Middlewares/Third_Party/FreeRTOS/org/Source/tasks.c:1344:7:vTaskDelay	16	static,ignoring_inline_asm
../Middlewares/Third_Party/FreeRTOS/org/Source/tasks.c:2958:6:vTaskSwitchContext	16	static,ignoring_inline_asm
../Middlewares/Third_Party/FreeRTOS/org/Source/tasks.c:1707:7:vTaskSuspend	16	static,ignoring_inline_asm
../Middlewares/Third_Party/FreeRTOS/org/Source/tasks.c:3031:6:vTaskPlaceOnEventList	8	static,ignoring_inline_asm
../Middlewares/Third_Party/FreeRTOS/org/Source/tasks.c:3048:6:vTaskPlaceOnUnorderedEventList	8	static,ignoring_inline_asm
../Middlewares/Third_Party/FreeRTOS/org/Source/tasks.c:3074:7:vTaskPlaceOnEventListRestricted	16	static,ignoring_inline_asm
../Middlewares/Third_Party/FreeRTOS/org/Source/tasks.c:3105:12:xTaskRemoveFromEventList	16	static,ignoring_inline_asm
../Middlewares/Third_Party/FreeRTOS/org/Source/tasks.c:3173:6:vTaskRemoveFromUnorderedEventList	16	static,ignoring_inline_asm
../Middlewares/Third_Party/FreeRTOS/org/Source/tasks.c:3207:6:vTaskSetTimeOutState	8	static,ignoring_inline_asm
../Middlewares/Third_Party/FreeRTOS/org/Source/tasks.c:3219:6:vTaskInternalSetTimeOutState	0	static
../Middlewares/Third_Party/FreeRTOS/org/Source/tasks.c:3227:12:xTaskCheckForTimeOut	16	static,ignoring_inline_asm
../Middlewares/Third_Party/FreeRTOS/org/Source/tasks.c:3290:6:vTaskMissedYield	0	static
../Middlewares/Third_Party/FreeRTOS/org/Source/tasks.c:3298:14:uxTaskGetTaskNumber	0	static
../Middlewares/Third_Party/FreeRTOS/org/Source/tasks.c:3321:7:vTaskSetTaskNumber	0	static
../Middlewares/Third_Party/FreeRTOS/org/Source/tasks.c:3620:7:vTaskGetInfo	16	static
../Middlewares/Third_Party/FreeRTOS/org/Source/tasks.c:3716:21:prvListTasksWithinSingleList	40	static
../Middlewares/Third_Party/FreeRTOS/org/Source/tasks.c:2496:14:uxTaskGetSystemState	32	static
../Middlewares/Third_Party/FreeRTOS/org/Source/tasks.c:3809:14:uxTaskGetStackHighWaterMark	0	static
../Middlewares/Third_Party/FreeRTOS/org/Source/tasks.c:3931:15:xTaskGetCurrentTaskHandle	0	static
../Middlewares/Third_Party/FreeRTOS/org/Source/tasks.c:3948:13:xTaskGetSchedulerState	0	static
../Middlewares/Third_Party/FreeRTOS/org/Source/tasks.c:3976:13:xTaskPriorityInherit	24	static
../Middlewares/Third_Party/FreeRTOS/org/Source/tasks.c:4063:13:xTaskPriorityDisinherit	16	static,ignoring_inline_asm
../Middlewares/Third_Party/FreeRTOS/org/Source/tasks.c:4143:7:vTaskPriorityDisinheritAfterTimeout	24	static,ignoring_inline_asm
../Middlewares/Third_Party/FreeRTOS/org/Source/tasks.c:4558:12:uxTaskResetEventItemValue	0	static
../Middlewares/Third_Party/FreeRTOS/org/Source/tasks.c:4574:15:pvTaskIncrementMutexHeldCount	0	static
../Middlewares/Third_Party/FreeRTOS/org/Source/tasks.c:4591:11:ulTaskNotifyTake	16	static,ignoring_inline_asm
../Middlewares/Third_Party/FreeRTOS/org/Source/tasks.c:4659:13:xTaskNotifyWait	32	static,ignoring_inline_asm
../Middlewares/Third_Party/FreeRTOS/org/Source/tasks.c:4739:13:xTaskGenericNotify	48	static,ignoring_inline_asm
../Middlewares/Third_Party/FreeRTOS/org/Source/tasks.c:4853:13:xTaskGenericNotifyFromISR	56	static,ignoring_inline_asm
../Middlewares/Third_Party/FreeRTOS/org/Source/tasks.c:4982:7:vTaskNotifyGiveFromISR	32	static,ignoring_inline_asm
../Middlewares/Third_Party/FreeRTOS/org/Source/tasks.c:5069:13:xTaskNotifyStateClear	8	static
