../Core/Src/freertos.c:316:6:StartOLEDTask	24	static
../Core/Src/freertos.c:388:6:StartDispatcherTask	8	static
../Core/Src/freertos.c:922:6:StartResumeFromStopTask	8	static
../Core/Src/freertos.c:946:6:CallbackConnectionTaskTimer	8	static
../Core/Src/freertos.c:444:6:StartStopTask	8	static
../Core/Src/freertos.c:897:6:StartWithdrawLightsTask	8	static
../Core/Src/freertos.c:481:6:StartDrivingLightsTask	8	static
../Core/Src/freertos.c:603:6:StartLeftBlinkersTask	24	static
../Core/Src/freertos.c:632:6:StartRightBlinkersTask	24	static
../Core/Src/freertos.c:874:6:StartBrakeLightsTask	8	static
../Core/Src/freertos.c:507:6:StartLEDStripesTask	96	dynamic
../Core/Src/freertos.c:661:6:StartParkLeftTask	8	static
../Core/Src/freertos.c:687:6:StartParkRightTask	8	static
../Core/Src/freertos.c:713:6:StartAccelerateTask	8	static
../Core/Src/freertos.c:750:6:StartDecelerateTask	8	static
../Core/Src/freertos.c:789:6:StartTurnLeftTask	8	static
../Core/Src/freertos.c:820:6:StartTurnRightTask	8	static
../Core/Src/freertos.c:851:6:StartConnectionTask	8	static
../Core/Src/freertos.c:222:6:MX_FREERTOS_Init	8	static
