../Core/Src/freertos.c:316:6:StartOLEDTask	24	static
../Core/Src/freertos.c:388:6:StartDispatcherTask	8	static
../Core/Src/freertos.c:986:6:StartResumeFromStopTask	8	static
../Core/Src/freertos.c:1010:6:CallbackConnectionTaskTimer	8	static
../Core/Src/freertos.c:444:6:StartStopTask	8	static
../Core/Src/freertos.c:961:6:StartWithdrawLightsTask	8	static
../Core/Src/freertos.c:493:6:StartDrivingLightsTask	8	static
../Core/Src/freertos.c:625:6:StartLeftBlinkersTask	24	static
../Core/Src/freertos.c:659:6:StartRightBlinkersTask	24	static
../Core/Src/freertos.c:938:6:StartBrakeLightsTask	8	static
../Core/Src/freertos.c:524:6:StartLEDStripesTask	96	dynamic
../Core/Src/freertos.c:693:6:StartParkLeftTask	8	static
../Core/Src/freertos.c:724:6:StartParkRightTask	8	static
../Core/Src/freertos.c:755:6:StartAccelerateTask	8	static
../Core/Src/freertos.c:797:6:StartDecelerateTask	8	static
../Core/Src/freertos.c:841:6:StartTurnLeftTask	8	static
../Core/Src/freertos.c:878:6:StartTurnRightTask	8	static
../Core/Src/freertos.c:915:6:StartConnectionTask	8	static
../Core/Src/freertos.c:222:6:MX_FREERTOS_Init	8	static
