../Core/Src/freertos.c:315:6:StartOLEDTask	24	static
../Core/Src/freertos.c:385:6:StartDispatcherTask	8	static
../Core/Src/freertos.c:982:6:StartResumeFromStopTask	8	static
../Core/Src/freertos.c:1006:6:CallbackConnectionTaskTimer	8	static
../Core/Src/freertos.c:441:6:StartStopTask	8	static
../Core/Src/freertos.c:957:6:StartWithdrawLightsTask	8	static
../Core/Src/freertos.c:489:6:StartDrivingLightsTask	8	static
../Core/Src/freertos.c:621:6:StartLeftBlinkersTask	24	static
../Core/Src/freertos.c:655:6:StartRightBlinkersTask	24	static
../Core/Src/freertos.c:934:6:StartBrakeLightsTask	8	static
../Core/Src/freertos.c:520:6:StartLEDStripesTask	96	dynamic
../Core/Src/freertos.c:689:6:StartParkLeftTask	8	static
../Core/Src/freertos.c:720:6:StartParkRightTask	8	static
../Core/Src/freertos.c:751:6:StartAccelerateTask	8	static
../Core/Src/freertos.c:793:6:StartDecelerateTask	8	static
../Core/Src/freertos.c:837:6:StartTurnLeftTask	8	static
../Core/Src/freertos.c:874:6:StartTurnRightTask	8	static
../Core/Src/freertos.c:911:6:StartConnectionTask	8	static
../Core/Src/freertos.c:221:6:MX_FREERTOS_Init	8	static
