../Core/Src/stm32f7xx_it.c:73:6:NMI_Handler	0	static
../Core/Src/stm32f7xx_it.c:88:6:HardFault_Handler	0	static
../Core/Src/stm32f7xx_it.c:103:6:MemManage_Handler	0	static
../Core/Src/stm32f7xx_it.c:118:6:BusFault_Handler	0	static
../Core/Src/stm32f7xx_it.c:133:6:UsageFault_Handler	0	static
../Core/Src/stm32f7xx_it.c:148:6:DebugMon_Handler	0	static
../Core/Src/stm32f7xx_it.c:168:6:TIM6_DAC_IRQHandler	8	static
../Core/Src/stm32f7xx_it.c:185:6:DMA2_Stream3_IRQHandler	0	static
../Core/Src/stm32f7xx_it.c:199:6:USART6_IRQHandler	0	static
