../Core/Src/ws2812b.c:219:13:set_init_error_msg	8	static
../Core/Src/ws2812b.c:259:16:construct_double_pulse.isra	16	static
../Core/Src/ws2812b.c:238:13:add_byte	32	static
../Core/Src/ws2812b.c:53:5:ws2812b_init	32	static
../Core/Src/ws2812b.c:116:10:ws2812b_required_buffer_len	0	static
../Core/Src/ws2812b.c:121:6:ws2812b_fill_buffer	32	static
../Core/Src/ws2812b.c:145:6:ws2812b_iter_restart	0	static
../Core/Src/ws2812b.c:147:6:ws2812b_iter_is_finished	0	static
../Core/Src/ws2812b.c:158:9:ws2812b_iter_next	24	static
