Archive member included to satisfy reference by file (symbol)

C:/ST/STM32CubeIDE_1.13.1/STM32CubeIDE/plugins/com.st.stm32cube.ide.mcu.externaltools.gnu-tools-for-stm32.11.3.rel1.win32_1.1.0.202305231506/tools/bin/../lib/gcc/arm-none-eabi/11.3.1/../../../../arm-none-eabi/lib/thumb/v7e-m+dp/hard\libc_nano.a(libc_a-exit.o)
                              C:/ST/STM32CubeIDE_1.13.1/STM32CubeIDE/plugins/com.st.stm32cube.ide.mcu.externaltools.gnu-tools-for-stm32.11.3.rel1.win32_1.1.0.202305231506/tools/bin/../lib/gcc/arm-none-eabi/11.3.1/../../../../arm-none-eabi/lib/thumb/v7e-m+dp/hard/crt0.o (exit)
C:/ST/STM32CubeIDE_1.13.1/STM32CubeIDE/plugins/com.st.stm32cube.ide.mcu.externaltools.gnu-tools-for-stm32.11.3.rel1.win32_1.1.0.202305231506/tools/bin/../lib/gcc/arm-none-eabi/11.3.1/../../../../arm-none-eabi/lib/thumb/v7e-m+dp/hard\libc_nano.a(libc_a-findfp.o)
                              ./Middlewares/Third_Party/FreeRTOS/Source/tasks.o (__sf)
C:/ST/STM32CubeIDE_1.13.1/STM32CubeIDE/plugins/com.st.stm32cube.ide.mcu.externaltools.gnu-tools-for-stm32.11.3.rel1.win32_1.1.0.202305231506/tools/bin/../lib/gcc/arm-none-eabi/11.3.1/../../../../arm-none-eabi/lib/thumb/v7e-m+dp/hard\libc_nano.a(libc_a-fwalk.o)
                              C:/ST/STM32CubeIDE_1.13.1/STM32CubeIDE/plugins/com.st.stm32cube.ide.mcu.externaltools.gnu-tools-for-stm32.11.3.rel1.win32_1.1.0.202305231506/tools/bin/../lib/gcc/arm-none-eabi/11.3.1/../../../../arm-none-eabi/lib/thumb/v7e-m+dp/hard\libc_nano.a(libc_a-findfp.o) (_fwalk_sglue)
C:/ST/STM32CubeIDE_1.13.1/STM32CubeIDE/plugins/com.st.stm32cube.ide.mcu.externaltools.gnu-tools-for-stm32.11.3.rel1.win32_1.1.0.202305231506/tools/bin/../lib/gcc/arm-none-eabi/11.3.1/../../../../arm-none-eabi/lib/thumb/v7e-m+dp/hard\libc_nano.a(libc_a-stdio.o)
                              C:/ST/STM32CubeIDE_1.13.1/STM32CubeIDE/plugins/com.st.stm32cube.ide.mcu.externaltools.gnu-tools-for-stm32.11.3.rel1.win32_1.1.0.202305231506/tools/bin/../lib/gcc/arm-none-eabi/11.3.1/../../../../arm-none-eabi/lib/thumb/v7e-m+dp/hard\libc_nano.a(libc_a-findfp.o) (__sread)
C:/ST/STM32CubeIDE_1.13.1/STM32CubeIDE/plugins/com.st.stm32cube.ide.mcu.externaltools.gnu-tools-for-stm32.11.3.rel1.win32_1.1.0.202305231506/tools/bin/../lib/gcc/arm-none-eabi/11.3.1/../../../../arm-none-eabi/lib/thumb/v7e-m+dp/hard\libc_nano.a(libc_a-memset.o)
                              C:/ST/STM32CubeIDE_1.13.1/STM32CubeIDE/plugins/com.st.stm32cube.ide.mcu.externaltools.gnu-tools-for-stm32.11.3.rel1.win32_1.1.0.202305231506/tools/bin/../lib/gcc/arm-none-eabi/11.3.1/../../../../arm-none-eabi/lib/thumb/v7e-m+dp/hard/crt0.o (memset)
C:/ST/STM32CubeIDE_1.13.1/STM32CubeIDE/plugins/com.st.stm32cube.ide.mcu.externaltools.gnu-tools-for-stm32.11.3.rel1.win32_1.1.0.202305231506/tools/bin/../lib/gcc/arm-none-eabi/11.3.1/../../../../arm-none-eabi/lib/thumb/v7e-m+dp/hard\libc_nano.a(libc_a-closer.o)
                              C:/ST/STM32CubeIDE_1.13.1/STM32CubeIDE/plugins/com.st.stm32cube.ide.mcu.externaltools.gnu-tools-for-stm32.11.3.rel1.win32_1.1.0.202305231506/tools/bin/../lib/gcc/arm-none-eabi/11.3.1/../../../../arm-none-eabi/lib/thumb/v7e-m+dp/hard\libc_nano.a(libc_a-stdio.o) (_close_r)
C:/ST/STM32CubeIDE_1.13.1/STM32CubeIDE/plugins/com.st.stm32cube.ide.mcu.externaltools.gnu-tools-for-stm32.11.3.rel1.win32_1.1.0.202305231506/tools/bin/../lib/gcc/arm-none-eabi/11.3.1/../../../../arm-none-eabi/lib/thumb/v7e-m+dp/hard\libc_nano.a(libc_a-reent.o)
                              ./Middlewares/Third_Party/FreeRTOS/Source/tasks.o (_reclaim_reent)
C:/ST/STM32CubeIDE_1.13.1/STM32CubeIDE/plugins/com.st.stm32cube.ide.mcu.externaltools.gnu-tools-for-stm32.11.3.rel1.win32_1.1.0.202305231506/tools/bin/../lib/gcc/arm-none-eabi/11.3.1/../../../../arm-none-eabi/lib/thumb/v7e-m+dp/hard\libc_nano.a(libc_a-impure.o)
                              ./Middlewares/Third_Party/FreeRTOS/Source/tasks.o (_impure_ptr)
C:/ST/STM32CubeIDE_1.13.1/STM32CubeIDE/plugins/com.st.stm32cube.ide.mcu.externaltools.gnu-tools-for-stm32.11.3.rel1.win32_1.1.0.202305231506/tools/bin/../lib/gcc/arm-none-eabi/11.3.1/../../../../arm-none-eabi/lib/thumb/v7e-m+dp/hard\libc_nano.a(libc_a-lseekr.o)
                              C:/ST/STM32CubeIDE_1.13.1/STM32CubeIDE/plugins/com.st.stm32cube.ide.mcu.externaltools.gnu-tools-for-stm32.11.3.rel1.win32_1.1.0.202305231506/tools/bin/../lib/gcc/arm-none-eabi/11.3.1/../../../../arm-none-eabi/lib/thumb/v7e-m+dp/hard\libc_nano.a(libc_a-stdio.o) (_lseek_r)
C:/ST/STM32CubeIDE_1.13.1/STM32CubeIDE/plugins/com.st.stm32cube.ide.mcu.externaltools.gnu-tools-for-stm32.11.3.rel1.win32_1.1.0.202305231506/tools/bin/../lib/gcc/arm-none-eabi/11.3.1/../../../../arm-none-eabi/lib/thumb/v7e-m+dp/hard\libc_nano.a(libc_a-readr.o)
[...]
Memory Configuration

Name             Origin             Length             Attributes
RAM              0x0000000020000000 0x0000000000080000 xrw
FLASH            0x0000000008000000 0x0000000000200000 xr
*default*        0x0000000000000000 0xffffffffffffffff

Linker script and memory map

LOAD C:/ST/STM32CubeIDE_1.13.1/STM32CubeIDE/plugins/com.st.stm32cube.ide.mcu.externaltools.gnu-tools-for-stm32.11.3.rel1.win32_1.1.0.202305231506/tools/bin/../lib/gcc/arm-none-eabi/11.3.1/thumb/v7e-m+dp/hard/crti.o
LOAD C:/ST/STM32CubeIDE_1.13.1/STM32CubeIDE/plugins/com.st.stm32cube.ide.mcu.externaltools.gnu-tools-for-stm32.11.3.rel1.win32_1.1.0.202305231506/tools/bin/../lib/gcc/arm-none-eabi/11.3.1/thumb/v7e-m+dp/hard/crtbegin.o
LOAD C:/ST/STM32CubeIDE_1.13.1/STM32CubeIDE/plugins/com.st.stm32cube.ide.mcu.externaltools.gnu-tools-for-stm32.11.3.rel1.win32_1.1.0.202305231506/tools/bin/../lib/gcc/arm-none-eabi/11.3.1/../../../../arm-none-eabi/lib/thumb/v7e-m+dp/hard/crt0.o
LOAD ./Core/Src/freertos.o
LOAD ./Core/Src/gpio.o
LOAD ./Core/Src/main.o
LOAD ./Core/Src/stm32f7xx_hal_msp.o
LOAD ./Core/Src/stm32f7xx_hal_timebase_tim.o
LOAD ./Core/Src/stm32f7xx_it.o
LOAD ./Core/Src/syscalls.o
LOAD ./Core/Src/sysmem.o
LOAD ./Core/Src/system_stm32f7xx.o
LOAD ./Core/Src/usart.o
LOAD ./Core/Startup/startup_stm32f767zitx.o
LOAD ./Drivers/STM32F7xx_HAL_Driver/Src/stm32f7xx_hal.o
LOAD ./Drivers/STM32F7xx_HAL_Driver/Src/stm32f7xx_hal_cortex.o
LOAD ./Drivers/STM32F7xx_HAL_Driver/Src/stm32f7xx_hal_dma.o
LOAD ./Drivers/STM32F7xx_HAL_Driver/Src/stm32f7xx_hal_dma_ex.o
LOAD ./Drivers/STM32F7xx_HAL_Driver/Src/stm32f7xx_hal_exti.o
LOAD ./Drivers/STM32F7xx_HAL_Driver/Src/stm32f7xx_hal_flash.o
LOAD ./Drivers/STM32F7xx_HAL_Driver/Src/stm32f7xx_hal_flash_ex.o
LOAD ./Drivers/STM32F7xx_HAL_Driver/Src/stm32f7xx_hal_gpio.o
LOAD ./Drivers/STM32F7xx_HAL_Driver/Src/stm32f7xx_hal_i2c.o
LOAD ./Drivers/STM32F7xx_HAL_Driver/Src/stm32f7xx_hal_i2c_ex.o
LOAD ./Drivers/STM32F7xx_HAL_Driver/Src/stm32f7xx_hal_pwr.o
LOAD ./Drivers/STM32F7xx_HAL_Driver/Src/stm32f7xx_hal_pwr_ex.o
LOAD ./Drivers/STM32F7xx_HAL_Driver/Src/stm32f7xx_hal_rcc.o
LOAD ./Drivers/STM32F7xx_HAL_Driver/Src/stm32f7xx_hal_rcc_ex.o
LOAD ./Drivers/STM32F7xx_HAL_Driver/Src/stm32f7xx_hal_tim.o
LOAD ./Drivers/STM32F7xx_HAL_Driver/Src/stm32f7xx_hal_tim_ex.o
LOAD ./Drivers/STM32F7xx_HAL_Driver/Src/stm32f7xx_hal_uart.o
LOAD ./Drivers/STM32F7xx_HAL_Driver/Src/stm32f7xx_hal_uart_ex.o
LOAD ./Middlewares/Third_Party/FreeRTOS/Source/CMSIS_RTOS_V2/cmsis_os2.o
LOAD ./Middlewares/Third_Party/FreeRTOS/Source/croutine.o
LOAD ./Middlewares/Third_Party/FreeRTOS/Source/event_groups.o
LOAD ./Middlewares/Third_Party/FreeRTOS/Source/list.o
LOAD ./Middlewares/Third_Party/FreeRTOS/Source/queue.o
LOAD ./Middlewares/Third_Party/FreeRTOS/Source/stream_buffer.o
LOAD ./Middlewares/Third_Party/FreeRTOS/Source/tasks.o
LOAD ./Middlewares/Third_Party/FreeRTOS/Source/timers.o
LOAD ./Middlewares/Third_Party/FreeRTOS/Source/portable/GCC/ARM_CM7/r0p1/port.o
LOAD ./Middlewares/Third_Party/FreeRTOS/Source/portable/MemMang/heap_4.o
START GROUP
LOAD C:/ST/STM32CubeIDE_1.13.1/STM32CubeIDE/plugins/com.st.stm32cube.ide.mcu.externaltools.gnu-tools-for-stm32.11.3.rel1.win32_1.1.0.202305231506/tools/bin/../lib/gcc/arm-none-eabi/11.3.1/../../../../arm-none-eabi/lib/thumb/v7e-m+dp/hard\libc_nano.a
LOAD C:/ST/STM32CubeIDE_1.13.1/STM32CubeIDE/plugins/com.st.stm32cube.ide.mcu.externaltools.gnu-tools-for-stm32.11.3.rel1.win32_1.1.0.202305231506/tools/bin/../lib/gcc/arm-none-eabi/11.3.1/../../../../arm-none-eabi/lib/thumb/v7e-m+dp/hard\libm.a
END GROUP
START GROUP
LOAD C:/ST/STM32CubeIDE_1.13.1/STM32CubeIDE/plugins/com.st.stm32cube.ide.mcu.externaltools.gnu-tools-for-stm32.11.3.rel1.win32_1.1.0.202305231506/tools/bin/../lib/gcc/arm-none-eabi/11.3.1/thumb/v7e-m+dp/hard\libgcc.a
LOAD C:/ST/STM32CubeIDE_1.13.1/STM32CubeIDE/plugins/com.st.stm32cube.ide.mcu.externaltools.gnu-tools-for-stm32.11.3.rel1.win32_1.1.0.202305231506/tools/bin/../lib/gcc/arm-none-eabi/11.3.1/../../../../arm-none-eabi/lib/thumb/v7e-m+dp/hard\libc_nano.a
END GROUP
START GROUP
LOAD C:/ST/STM32CubeIDE_1.13.1/STM32CubeIDE/plugins/com.st.stm32cube.ide.mcu.externaltools.gnu-tools-for-stm32.11.3.rel1.win32_1.1.0.202305231506/tools/bin/../lib/gcc/arm-none-eabi/11.3.1/thumb/v7e-m+dp/hard\libgcc.a
LOAD C:/ST/STM32CubeIDE_1.13.1/STM32CubeIDE/plugins/com.st.stm32cube.ide.mcu.externaltools.gnu-tools-for-stm32.11.3.rel1.win32_1.1.0.202305231506/tools/bin/../lib/gcc/arm-none-eabi/11.3.1/../../../../arm-none-eabi/lib/thumb/v7e-m+dp/hard\libc_nano.a
LOAD C:/ST/STM32CubeIDE_1.13.1/STM32CubeIDE/plugins/com.st.stm32cube.ide.mcu.externaltools.gnu-tools-for-stm32.11.3.rel1.win32_1.1.0.202305231506/tools/bin/../lib/gcc/arm-none-eabi/11.3.1/../../../../arm-none-eabi/lib/thumb/v7e-m+dp/hard\libnosys.a
END GROUP
START GROUP
LOAD C:/ST/STM32CubeIDE_1.13.1/STM32CubeIDE/plugins/com.st.stm32cube.ide.mcu.externaltools.gnu-tools-for-stm32.11.3.rel1.win32_1.1.0.202305231506/tools/bin/../lib/gcc/arm-none-eabi/11.3.1/thumb/v7e-m+dp/hard\libgcc.a
LOAD C:/ST/STM32CubeIDE_1.13.1/STM32CubeIDE/plugins/com.st.stm32cube.ide.mcu.externaltools.gnu-tools-for-stm32.11.3.rel1.win32_1.1.0.202305231506/tools/bin/../lib/gcc/arm-none-eabi/11.3.1/../../../../arm-none-eabi/lib/thumb/v7e-m+dp/hard\libc_nano.a
LOAD C:/ST/STM32CubeIDE_1.13.1/STM32CubeIDE/plugins/com.st.stm32cube.ide.mcu.externaltools.gnu-tools-for-stm32.11.3.rel1.win32_1.1.0.202305231506/tools/bin/../lib/gcc/arm-none-eabi/11.3.1/../../../../arm-none-eabi/lib/thumb/v7e-m+dp/hard\libnosys.a
END GROUP
LOAD C:/ST/STM32CubeIDE_1.13.1/STM32CubeIDE/plugins/com.st.stm32cube.ide.mcu.externaltools.gnu-tools-for-stm32.11.3.rel1.win32_1.1.0.202305231506/tools/bin/../lib/gcc/arm-none-eabi/11.3.1/thumb/v7e-m+dp/hard/crtend.o
LOAD C:/ST/STM32CubeIDE_1.13.1/STM32CubeIDE/plugins/com.st.stm32cube.ide.mcu.externaltools.gnu-tools-for-stm32.11.3.rel1.win32_1.1.0.202305231506/tools/bin/../lib/gcc/arm-none-eabi/11.3.1/thumb/v7e-m+dp/hard/crtn.o
                0x0000000020080000                _estack = (ORIGIN (RAM) + LENGTH (RAM))
                0x0000000000000200                _Min_Heap_Size = 0x200
                0x0000000000000400                _Min_Stack_Size = 0x400

.isr_vector     0x0000000008000000      0x1f8
                0x0000000008000000                . = ALIGN (0x4)
 *(.isr_vector)
 .isr_vector    0x0000000008000000      0x1f8 ./Core/Startup/startup_stm32f767zitx.o
                0x0000000008000000                g_pfnVectors
                0x00000000080001f8                . = ALIGN (0x4)

.text           0x0000000008000200     0x70b8
                0x0000000008000200                . = ALIGN (0x4)
 *(.text)
 .text          0x0000000008000200       0x40 C:/ST/STM32CubeIDE_1.13.1/STM32CubeIDE/plugins/com.st.stm32cube.ide.mcu.externaltools.gnu-tools-for-stm32.11.3.rel1.win32_1.1.0.202305231506/tools/bin/../lib/gcc/arm-none-eabi/11.3.1/thumb/v7e-m+dp/hard/crtbegin.o
 .text          0x0000000008000240       0x30 C:/ST/STM32CubeIDE_1.13.1/STM32CubeIDE/plugins/com.st.stm32cube.ide.mcu.externaltools.gnu-tools-for-stm32.11.3.rel1.win32_1.1.0.202305231506/tools/bin/../lib/gcc/arm-none-eabi/11.3.1/thumb/v7e-m+dp/hard\libgcc.a(_aeabi_uldivmod.o)
                0x0000000008000240                __aeabi_uldivmod
 .text          0x0000000008000270      0x2c8 C:/ST/STM32CubeIDE_1.13.1/STM32CubeIDE/plugins/com.st.stm32cube.ide.mcu.externaltools.gnu-tools-for-stm32.11.3.rel1.win32_1.1.0.202305231506/tools/bin/../lib/gcc/arm-none-eabi/11.3.1/thumb/v7e-m+dp/hard\libgcc.a(_udivmoddi4.o)
                0x0000000008000270                __udivmoddi4
 .text          0x0000000008000538        0x4 C:/ST/STM32CubeIDE_1.13.1/STM32CubeIDE/plugins/com.st.stm32cube.ide.mcu.externaltools.gnu-tools-for-stm32.11.3.rel1.win32_1.1.0.202305231506/tools/bin/../lib/gcc/arm-none-eabi/11.3.1/thumb/v7e-m+dp/hard\libgcc.a(_dvmd_tls.o)
                0x0000000008000538                __aeabi_idiv0
                0x0000000008000538                __aeabi_ldiv0
 *(.text*)
 .text.MX_FREERTOS_Init
                0x000000000800053c       0x40 ./Core/Src/freertos.o
                0x000000000800053c                MX_FREERTOS_Init
 .text.StartDefaultTask
                0x000000000800057c       0x10 ./Core/Src/freertos.o
                0x000000000800057c                StartDefaultTask
 .text.StartAPI_dispatcher
                0x000000000800058c       0xb0 ./Core/Src/freertos.o
                0x000000000800058c                StartAPI_dispatcher
 .text.MX_GPIO_Init
                0x000000000800063c      0x258 ./Core/Src/gpio.o
                0x000000000800063c                MX_GPIO_Init
 .text.main     0x0000000008000894       0x34 ./Core/Src/main.o
                0x0000000008000894                main
 .text.SystemClock_Config
                0x00000000080008c8       0xdc ./Core/Src/main.o
                0x00000000080008c8                SystemClock_Config
 .text.HAL_UART_RxCpltCallback
                0x00000000080009a4       0x58 ./Core/Src/main.o
                0x00000000080009a4                HAL_UART_RxCpltCallback
 .text.HAL_UART_TxCpltCallback
                0x00000000080009fc       0x1c ./Core/Src/main.o
                0x00000000080009fc                HAL_UART_TxCpltCallback
 .text.HAL_TIM_PeriodElapsedCallback
                0x0000000008000a18       0x24 ./Core/Src/main.o
                0x0000000008000a18                HAL_TIM_PeriodElapsedCallback
 .text.Error_Handler
                0x0000000008000a3c        0xa ./Core/Src/main.o
                0x0000000008000a3c                Error_Handler
 *fill*         0x0000000008000a46        0x2 
 .text.HAL_MspInit
                0x0000000008000a48       0x50 ./Core/Src/stm32f7xx_hal_msp.o
                0x0000000008000a48                HAL_MspInit
 .text.HAL_InitTick
                0x0000000008000a98       0xf4 ./Core/Src/stm32f7xx_hal_timebase_tim.o
                0x0000000008000a98                HAL_InitTick
 .text.NMI_Handler
                0x0000000008000b8c        0x6 ./Core/Src/stm32f7xx_it.o
                0x0000000008000b8c                NMI_Handler
 .text.HardFault_Handler
                0x0000000008000b92        0x6 ./Core/Src/stm32f7xx_it.o
                0x0000000008000b92                HardFault_Handler
 .text.MemManage_Handler
                0x0000000008000b98        0x6 ./Core/Src/stm32f7xx_it.o
                0x0000000008000b98                MemManage_Handler
 .text.BusFault_Handler
                0x0000000008000b9e        0x6 ./Core/Src/stm32f7xx_it.o
                0x0000000008000b9e                BusFault_Handler
 .text.UsageFault_Handler
                0x0000000008000ba4        0x6 ./Core/Src/stm32f7xx_it.o
                0x0000000008000ba4                UsageFault_Handler
 .text.DebugMon_Handler
                0x0000000008000baa        0xe ./Core/Src/stm32f7xx_it.o
                0x0000000008000baa                DebugMon_Handler
 .text.USART1_IRQHandler
                0x0000000008000bb8       0x14 ./Core/Src/stm32f7xx_it.o
                0x0000000008000bb8                USART1_IRQHandler
 .text.TIM6_DAC_IRQHandler
                0x0000000008000bcc       0x14 ./Core/Src/stm32f7xx_it.o
                0x0000000008000bcc                TIM6_DAC_IRQHandler
 .text.SystemInit
                0x0000000008000be0       0x24 ./Core/Src/system_stm32f7xx.o
                0x0000000008000be0                SystemInit
 .text.MX_USART1_UART_Init
                0x0000000008000c04       0x60 ./Core/Src/usart.o
                0x0000000008000c04                MX_USART1_UART_Init
 .text.HAL_UART_MspInit
                0x0000000008000c64       0xf8 ./Core/Src/usart.o
                0x0000000008000c64                HAL_UART_MspInit
 .text.Reset_Handler
                0x0000000008000d5c       0x50 ./Core/Startup/startup_stm32f767zitx.o
                0x0000000008000d5c                Reset_Handler
 .text.Default_Handler
                0x0000000008000dac        0x2 ./Core/Startup/startup_stm32f767zitx.o
                0x0000000008000dac                RTC_Alarm_IRQHandler
                0x0000000008000dac                EXTI2_IRQHandler
                0x0000000008000dac                TIM8_CC_IRQHandler
                0x0000000008000dac                UART8_IRQHandler
                0x0000000008000dac                SPI4_IRQHandler
                0x0000000008000dac                TIM1_CC_IRQHandler
                0x0000000008000dac                DMA2_Stream5_IRQHandler
                0x0000000008000dac                JPEG_IRQHandler
                0x0000000008000dac                DMA1_Stream5_IRQHandler
                0x0000000008000dac                CAN3_RX1_IRQHandler
                0x0000000008000dac                PVD_IRQHandler
                0x0000000008000dac                TAMP_STAMP_IRQHandler
                0x0000000008000dac                CAN2_RX1_IRQHandler
                0x0000000008000dac                EXTI3_IRQHandler
                0x0000000008000dac                TIM8_TRG_COM_TIM14_IRQHandler
                0x0000000008000dac                DFSDM1_FLT1_IRQHandler
                0x0000000008000dac                TIM1_UP_TIM10_IRQHandler
                0x0000000008000dac                TIM8_UP_TIM13_IRQHandler
                0x0000000008000dac                I2C3_ER_IRQHandler
                0x0000000008000dac                DFSDM1_FLT2_IRQHandler
                0x0000000008000dac                EXTI0_IRQHandler
                0x0000000008000dac                I2C2_EV_IRQHandler
                0x0000000008000dac                DMA1_Stream2_IRQHandler
                0x0000000008000dac                CAN1_RX0_IRQHandler
                0x0000000008000dac                FPU_IRQHandler
                0x0000000008000dac                OTG_HS_WKUP_IRQHandler
                0x0000000008000dac                CAN3_SCE_IRQHandler
                0x0000000008000dac                LTDC_ER_IRQHandler
                0x0000000008000dac                CAN2_SCE_IRQHandler
                0x0000000008000dac                DMA2_Stream2_IRQHandler
                0x0000000008000dac                SPI1_IRQHandler
                0x0000000008000dac                TIM1_BRK_TIM9_IRQHandler
                0x0000000008000dac                DCMI_IRQHandler
                0x0000000008000dac                CAN2_RX0_IRQHandler
                0x0000000008000dac                DMA2_Stream3_IRQHandler
                0x0000000008000dac                SAI2_IRQHandler
                0x0000000008000dac                DFSDM1_FLT3_IRQHandler
                0x0000000008000dac                USART6_IRQHandler
                0x0000000008000dac                CAN3_RX0_IRQHandler
                0x0000000008000dac                USART3_IRQHandler
                0x0000000008000dac                CAN1_RX1_IRQHandler
                0x0000000008000dac                UART5_IRQHandler
                0x0000000008000dac                DMA2_Stream0_IRQHandler
                0x0000000008000dac                TIM4_IRQHandler
                0x0000000008000dac                QUADSPI_IRQHandler
                0x0000000008000dac                I2C1_EV_IRQHandler
                0x0000000008000dac                DMA1_Stream6_IRQHandler
                0x0000000008000dac                DMA1_Stream1_IRQHandler
                0x0000000008000dac                UART4_IRQHandler
                0x0000000008000dac                TIM3_IRQHandler
                0x0000000008000dac                RCC_IRQHandler
                0x0000000008000dac                TIM8_BRK_TIM12_IRQHandler
                0x0000000008000dac                Default_Handler
                0x0000000008000dac                CEC_IRQHandler
                0x0000000008000dac                EXTI15_10_IRQHandler
                0x0000000008000dac                ADC_IRQHandler
                0x0000000008000dac                DMA1_Stream7_IRQHandler
                0x0000000008000dac                SPI5_IRQHandler
                0x0000000008000dac                TIM7_IRQHandler
                0x0000000008000dac                SDMMC1_IRQHandler
                0x0000000008000dac                CAN2_TX_IRQHandler
                0x0000000008000dac                TIM5_IRQHandler
                0x0000000008000dac                DMA2_Stream7_IRQHandler
                0x0000000008000dac                I2C3_EV_IRQHandler
                0x0000000008000dac                EXTI9_5_IRQHandler
                0x0000000008000dac                RTC_WKUP_IRQHandler
                0x0000000008000dac                LTDC_IRQHandler
                0x0000000008000dac                ETH_WKUP_IRQHandler
                0x0000000008000dac                SPDIF_RX_IRQHandler
                0x0000000008000dac                SPI2_IRQHandler
                0x0000000008000dac                OTG_HS_EP1_IN_IRQHandler
                0x0000000008000dac                DMA1_Stream0_IRQHandler
                0x0000000008000dac                CAN1_TX_IRQHandler
                0x0000000008000dac                EXTI4_IRQHandler
                0x0000000008000dac                RNG_IRQHandler
                0x0000000008000dac                ETH_IRQHandler
                0x0000000008000dac                OTG_HS_EP1_OUT_IRQHandler
                0x0000000008000dac                WWDG_IRQHandler
                0x0000000008000dac                SPI6_IRQHandler
                0x0000000008000dac                MDIOS_IRQHandler
                0x0000000008000dac                I2C4_EV_IRQHandler
                0x0000000008000dac                CAN3_TX_IRQHandler
                0x0000000008000dac                TIM2_IRQHandler
                0x0000000008000dac                OTG_FS_WKUP_IRQHandler
                0x0000000008000dac                TIM1_TRG_COM_TIM11_IRQHandler
                0x0000000008000dac                OTG_HS_IRQHandler
                0x0000000008000dac                DMA2D_IRQHandler
                0x0000000008000dac                EXTI1_IRQHandler
                0x0000000008000dac                SDMMC2_IRQHandler
                0x0000000008000dac                UART7_IRQHandler
                0x0000000008000dac                USART2_IRQHandler
                0x0000000008000dac                DFSDM1_FLT0_IRQHandler
                0x0000000008000dac                I2C2_ER_IRQHandler
                0x0000000008000dac                DMA2_Stream1_IRQHandler
                0x0000000008000dac                CAN1_SCE_IRQHandler
                0x0000000008000dac                FLASH_IRQHandler
                0x0000000008000dac                DMA2_Stream4_IRQHandler
                0x0000000008000dac                OTG_FS_IRQHandler
                0x0000000008000dac                SPI3_IRQHandler
                0x0000000008000dac                DMA1_Stream4_IRQHandler
                0x0000000008000dac                I2C1_ER_IRQHandler
                0x0000000008000dac                FMC_IRQHandler
                0x0000000008000dac                LPTIM1_IRQHandler
                0x0000000008000dac                I2C4_ER_IRQHandler
                0x0000000008000dac                DMA2_Stream6_IRQHandler
                0x0000000008000dac                SAI1_IRQHandler
                0x0000000008000dac                DMA1_Stream3_IRQHandler
 .text.HAL_Init
                0x0000000008000dae       0x1a ./Drivers/STM32F7xx_HAL_Driver/Src/stm32f7xx_hal.o
                0x0000000008000dae                HAL_Init
 .text.HAL_IncTick
                0x0000000008000dc8       0x28 ./Drivers/STM32F7xx_HAL_Driver/Src/stm32f7xx_hal.o
                0x0000000008000dc8                HAL_IncTick
 .text.HAL_GetTick
                0x0000000008000df0       0x18 ./Drivers/STM32F7xx_HAL_Driver/Src/stm32f7xx_hal.o
                0x0000000008000df0                HAL_GetTick
 .text.__NVIC_SetPriorityGrouping
                0x0000000008000e08       0x48 ./Drivers/STM32F7xx_HAL_Driver/Src/stm32f7xx_hal_cortex.o
 .text.__NVIC_GetPriorityGrouping
                0x0000000008000e50       0x1c ./Drivers/STM32F7xx_HAL_Driver/Src/stm32f7xx_hal_cortex.o
 .text.__NVIC_EnableIRQ
                0x0000000008000e6c       0x3c ./Drivers/STM32F7xx_HAL_Driver/Src/stm32f7xx_hal_cortex.o
 .text.__NVIC_SetPriority
                0x0000000008000ea8       0x54 ./Drivers/STM32F7xx_HAL_Driver/Src/stm32f7xx_hal_cortex.o
 .text.NVIC_EncodePriority
                0x0000000008000efc       0x66 ./Drivers/STM32F7xx_HAL_Driver/Src/stm32f7xx_hal_cortex.o
 .text.HAL_NVIC_SetPriorityGrouping
                0x0000000008000f62       0x16 ./Drivers/STM32F7xx_HAL_Driver/Src/stm32f7xx_hal_cortex.o
                0x0000000008000f62                HAL_NVIC_SetPriorityGrouping
 .text.HAL_NVIC_SetPriority
                0x0000000008000f78       0x38 ./Drivers/STM32F7xx_HAL_Driver/Src/stm32f7xx_hal_cortex.o
                0x0000000008000f78                HAL_NVIC_SetPriority
 .text.HAL_NVIC_EnableIRQ
                0x0000000008000fb0       0x1c ./Drivers/STM32F7xx_HAL_Driver/Src/stm32f7xx_hal_cortex.o
                0x0000000008000fb0                HAL_NVIC_EnableIRQ
 .text.HAL_DMA_Abort
                0x0000000008000fcc       0xe0 ./Drivers/STM32F7xx_HAL_Driver/Src/stm32f7xx_hal_dma.o
                0x0000000008000fcc                HAL_DMA_Abort
 .text.HAL_DMA_Abort_IT
                0x00000000080010ac       0x44 ./Drivers/STM32F7xx_HAL_Driver/Src/stm32f7xx_hal_dma.o
                0x00000000080010ac                HAL_DMA_Abort_IT
 .text.HAL_GPIO_Init
                0x00000000080010f0      0x358 ./Drivers/STM32F7xx_HAL_Driver/Src/stm32f7xx_hal_gpio.o
                0x00000000080010f0                HAL_GPIO_Init
 .text.HAL_GPIO_WritePin
                0x0000000008001448       0x32 ./Drivers/STM32F7xx_HAL_Driver/Src/stm32f7xx_hal_gpio.o
                0x0000000008001448                HAL_GPIO_WritePin
 .text.HAL_GPIO_TogglePin
                0x000000000800147a       0x34 ./Drivers/STM32F7xx_HAL_Driver/Src/stm32f7xx_hal_gpio.o
                0x000000000800147a                HAL_GPIO_TogglePin
 *fill*         0x00000000080014ae        0x2 
 .text.HAL_PWREx_EnableOverDrive
                0x00000000080014b0       0xa0 ./Drivers/STM32F7xx_HAL_Driver/Src/stm32f7xx_hal_pwr_ex.o
                0x00000000080014b0                HAL_PWREx_EnableOverDrive
 .text.HAL_RCC_OscConfig
                0x0000000008001550      0x55c ./Drivers/STM32F7xx_HAL_Driver/Src/stm32f7xx_hal_rcc.o
                0x0000000008001550                HAL_RCC_OscConfig
 .text.HAL_RCC_ClockConfig
                0x0000000008001aac      0x1d8 ./Drivers/STM32F7xx_HAL_Driver/Src/stm32f7xx_hal_rcc.o
                0x0000000008001aac                HAL_RCC_ClockConfig
 .text.HAL_RCC_GetSysClockFreq
                0x0000000008001c84      0x208 ./Drivers/STM32F7xx_HAL_Driver/Src/stm32f7xx_hal_rcc.o
                0x0000000008001c84                HAL_RCC_GetSysClockFreq
 .text.HAL_RCC_GetHCLKFreq
                0x0000000008001e8c       0x18 ./Drivers/STM32F7xx_HAL_Driver/Src/stm32f7xx_hal_rcc.o
                0x0000000008001e8c                HAL_RCC_GetHCLKFreq
 .text.HAL_RCC_GetPCLK1Freq
                0x0000000008001ea4       0x28 ./Drivers/STM32F7xx_HAL_Driver/Src/stm32f7xx_hal_rcc.o
                0x0000000008001ea4                HAL_RCC_GetPCLK1Freq
 .text.HAL_RCC_GetPCLK2Freq
                0x0000000008001ecc       0x28 ./Drivers/STM32F7xx_HAL_Driver/Src/stm32f7xx_hal_rcc.o
                0x0000000008001ecc                HAL_RCC_GetPCLK2Freq
 .text.HAL_RCC_GetClockConfig
                0x0000000008001ef4       0x64 ./Drivers/STM32F7xx_HAL_Driver/Src/stm32f7xx_hal_rcc.o
                0x0000000008001ef4                HAL_RCC_GetClockConfig
 .text.HAL_RCCEx_PeriphCLKConfig
                0x0000000008001f58      0x850 ./Drivers/STM32F7xx_HAL_Driver/Src/stm32f7xx_hal_rcc_ex.o
                0x0000000008001f58                HAL_RCCEx_PeriphCLKConfig
 .text.HAL_TIM_Base_Init
                0x00000000080027a8       0xae ./Drivers/STM32F7xx_HAL_Driver/Src/stm32f7xx_hal_tim.o
                0x00000000080027a8                HAL_TIM_Base_Init
 .text.HAL_TIM_Base_MspInit
                0x0000000008002856       0x14 ./Drivers/STM32F7xx_HAL_Driver/Src/stm32f7xx_hal_tim.o
                0x0000000008002856                HAL_TIM_Base_MspInit
 *fill*         0x000000000800286a        0x2 
 .text.HAL_TIM_Base_Start_IT
                0x000000000800286c       0xf0 ./Drivers/STM32F7xx_HAL_Driver/Src/stm32f7xx_hal_tim.o
                0x000000000800286c                HAL_TIM_Base_Start_IT
 .text.HAL_TIM_IRQHandler
                0x000000000800295c      0x23e ./Drivers/STM32F7xx_HAL_Driver/Src/stm32f7xx_hal_tim.o
                0x000000000800295c                HAL_TIM_IRQHandler
 .text.HAL_TIM_OC_DelayElapsedCallback
                0x0000000008002b9a       0x14 ./Drivers/STM32F7xx_HAL_Driver/Src/stm32f7xx_hal_tim.o
                0x0000000008002b9a                HAL_TIM_OC_DelayElapsedCallback
 .text.HAL_TIM_IC_CaptureCallback
                0x0000000008002bae       0x14 ./Drivers/STM32F7xx_HAL_Driver/Src/stm32f7xx_hal_tim.o
                0x0000000008002bae                HAL_TIM_IC_CaptureCallback
 .text.HAL_TIM_PWM_PulseFinishedCallback
                0x0000000008002bc2       0x14 ./Drivers/STM32F7xx_HAL_Driver/Src/stm32f7xx_hal_tim.o
                0x0000000008002bc2                HAL_TIM_PWM_PulseFinishedCallback
 .text.HAL_TIM_TriggerCallback
                0x0000000008002bd6       0x14 ./Drivers/STM32F7xx_HAL_Driver/Src/stm32f7xx_hal_tim.o
                0x0000000008002bd6                HAL_TIM_TriggerCallback
 *fill*         0x0000000008002bea        0x2 
 .text.TIM_Base_SetConfig
                0x0000000008002bec      0x140 ./Drivers/STM32F7xx_HAL_Driver/Src/stm32f7xx_hal_tim.o
                0x0000000008002bec                TIM_Base_SetConfig
 .text.HAL_TIMEx_CommutCallback
                0x0000000008002d2c       0x14 ./Drivers/STM32F7xx_HAL_Driver/Src/stm32f7xx_hal_tim_ex.o
                0x0000000008002d2c                HAL_TIMEx_CommutCallback
 .text.HAL_TIMEx_BreakCallback
                0x0000000008002d40       0x14 ./Drivers/STM32F7xx_HAL_Driver/Src/stm32f7xx_hal_tim_ex.o
                0x0000000008002d40                HAL_TIMEx_BreakCallback
 .text.HAL_TIMEx_Break2Callback
                0x0000000008002d54       0x14 ./Drivers/STM32F7xx_HAL_Driver/Src/stm32f7xx_hal_tim_ex.o
                0x0000000008002d54                HAL_TIMEx_Break2Callback
 .text.HAL_UART_Init
                0x0000000008002d68       0x9c ./Drivers/STM32F7xx_HAL_Driver/Src/stm32f7xx_hal_uart.o
                0x0000000008002d68                HAL_UART_Init
 .text.HAL_UART_Receive_IT
                0x0000000008002e04       0x88 ./Drivers/STM32F7xx_HAL_Driver/Src/stm32f7xx_hal_uart.o
                0x0000000008002e04                HAL_UART_Receive_IT
 .text.HAL_UART_IRQHandler
                0x0000000008002e8c      0x5d0 ./Drivers/STM32F7xx_HAL_Driver/Src/stm32f7xx_hal_uart.o
                0x0000000008002e8c                HAL_UART_IRQHandler
 .text.HAL_UART_ErrorCallback
                0x000000000800345c       0x14 ./Drivers/STM32F7xx_HAL_Driver/Src/stm32f7xx_hal_uart.o
                0x000000000800345c                HAL_UART_ErrorCallback
 .text.HAL_UARTEx_RxEventCallback
                0x0000000008003470       0x18 ./Drivers/STM32F7xx_HAL_Driver/Src/stm32f7xx_hal_uart.o
                0x0000000008003470                HAL_UARTEx_RxEventCallback
 .text.HAL_UARTEx_WakeupCallback
                0x0000000008003488       0x14 ./Drivers/STM32F7xx_HAL_Driver/Src/stm32f7xx_hal_uart.o
                0x0000000008003488                HAL_UARTEx_WakeupCallback
 .text.UART_SetConfig
                0x000000000800349c      0x4c8 ./Drivers/STM32F7xx_HAL_Driver/Src/stm32f7xx_hal_uart.o
                0x000000000800349c                UART_SetConfig
 .text.UART_AdvFeatureConfig
                0x0000000008003964      0x144 ./Drivers/STM32F7xx_HAL_Driver/Src/stm32f7xx_hal_uart.o
                0x0000000008003964                UART_AdvFeatureConfig
 .text.UART_CheckIdleState
                0x0000000008003aa8       0x9a ./Drivers/STM32F7xx_HAL_Driver/Src/stm32f7xx_hal_uart.o
                0x0000000008003aa8                UART_CheckIdleState
 .text.UART_WaitOnFlagUntilTimeout
                0x0000000008003b42      0x18c ./Drivers/STM32F7xx_HAL_Driver/Src/stm32f7xx_hal_uart.o
                0x0000000008003b42                UART_WaitOnFlagUntilTimeout
 *fill*         0x0000000008003cce        0x2 
 .text.UART_Start_Receive_IT
                0x0000000008003cd0      0x18c ./Drivers/STM32F7xx_HAL_Driver/Src/stm32f7xx_hal_uart.o
                0x0000000008003cd0                UART_Start_Receive_IT
 .text.UART_EndRxTransfer
                0x0000000008003e5c       0xc8 ./Drivers/STM32F7xx_HAL_Driver/Src/stm32f7xx_hal_uart.o
 .text.UART_DMAAbortOnError
                0x0000000008003f24       0x2c ./Drivers/STM32F7xx_HAL_Driver/Src/stm32f7xx_hal_uart.o
 .text.UART_EndTransmit_IT
                0x0000000008003f50       0x54 ./Drivers/STM32F7xx_HAL_Driver/Src/stm32f7xx_hal_uart.o
 .text.UART_RxISR_8BIT
                0x0000000008003fa4      0x166 ./Drivers/STM32F7xx_HAL_Driver/Src/stm32f7xx_hal_uart.o
 .text.UART_RxISR_16BIT
                0x000000000800410a      0x166 ./Drivers/STM32F7xx_HAL_Driver/Src/stm32f7xx_hal_uart.o
 .text.SVC_Setup
                0x0000000008004270        0xe ./Middlewares/Third_Party/FreeRTOS/Source/CMSIS_RTOS_V2/cmsis_os2.o
 *fill*         0x000000000800427e        0x2 
 .text.osKernelInitialize
                0x0000000008004280       0x68 ./Middlewares/Third_Party/FreeRTOS/Source/CMSIS_RTOS_V2/cmsis_os2.o
                0x0000000008004280                osKernelInitialize
 .text.osKernelStart
                0x00000000080042e8       0x6c ./Middlewares/Third_Party/FreeRTOS/Source/CMSIS_RTOS_V2/cmsis_os2.o
                0x00000000080042e8                osKernelStart
 .text.osThreadNew
                0x0000000008004354      0x14c ./Middlewares/Third_Party/FreeRTOS/Source/CMSIS_RTOS_V2/cmsis_os2.o
                0x0000000008004354                osThreadNew
 .text.vApplicationGetIdleTaskMemory
                0x00000000080044a0       0x34 ./Middlewares/Third_Party/FreeRTOS/Source/CMSIS_RTOS_V2/cmsis_os2.o
                0x00000000080044a0                vApplicationGetIdleTaskMemory
 .text.vApplicationGetTimerTaskMemory
                0x00000000080044d4       0x34 ./Middlewares/Third_Party/FreeRTOS/Source/CMSIS_RTOS_V2/cmsis_os2.o
                0x00000000080044d4                vApplicationGetTimerTaskMemory
 .text.vListInitialise
                0x0000000008004508       0x40 ./Middlewares/Third_Party/FreeRTOS/Source/list.o
                0x0000000008004508                vListInitialise
 .text.vListInitialiseItem
                0x0000000008004548       0x1a ./Middlewares/Third_Party/FreeRTOS/Source/list.o
                0x0000000008004548                vListInitialiseItem
 .text.vListInsertEnd
                0x0000000008004562       0x48 ./Middlewares/Third_Party/FreeRTOS/Source/list.o
                0x0000000008004562                vListInsertEnd
 .text.vListInsert
                0x00000000080045aa       0x72 ./Middlewares/Third_Party/FreeRTOS/Source/list.o
                0x00000000080045aa                vListInsert
 .text.uxListRemove
                0x000000000800461c       0x54 ./Middlewares/Third_Party/FreeRTOS/Source/list.o
                0x000000000800461c                uxListRemove
 .text.xQueueGenericReset
                0x0000000008004670       0xd4 ./Middlewares/Third_Party/FreeRTOS/Source/queue.o
                0x0000000008004670                xQueueGenericReset
 .text.xQueueGenericCreateStatic
                0x0000000008004744      0x104 ./Middlewares/Third_Party/FreeRTOS/Source/queue.o
                0x0000000008004744                xQueueGenericCreateStatic
 .text.prvInitialiseNewQueue
                0x0000000008004848       0x46 ./Middlewares/Third_Party/FreeRTOS/Source/queue.o
 *fill*         0x000000000800488e        0x2 
 .text.xQueueGenericSend
                0x0000000008004890      0x20c ./Middlewares/Third_Party/FreeRTOS/Source/queue.o
                0x0000000008004890                xQueueGenericSend
 .text.xQueueGenericSendFromISR
                0x0000000008004a9c      0x140 ./Middlewares/Third_Party/FreeRTOS/Source/queue.o
                0x0000000008004a9c                xQueueGenericSendFromISR
 .text.xQueueReceive
                0x0000000008004bdc      0x1cc ./Middlewares/Third_Party/FreeRTOS/Source/queue.o
                0x0000000008004bdc                xQueueReceive
 .text.prvCopyDataToQueue
                0x0000000008004da8       0xd4 ./Middlewares/Third_Party/FreeRTOS/Source/queue.o
 .text.prvCopyDataFromQueue
                0x0000000008004e7c       0x4c ./Middlewares/Third_Party/FreeRTOS/Source/queue.o
 .text.prvUnlockQueue
                0x0000000008004ec8       0xa4 ./Middlewares/Third_Party/FreeRTOS/Source/queue.o
 .text.prvIsQueueEmpty
                0x0000000008004f6c       0x2c ./Middlewares/Third_Party/FreeRTOS/Source/queue.o
 .text.prvIsQueueFull
                0x0000000008004f98       0x30 ./Middlewares/Third_Party/FreeRTOS/Source/queue.o
 .text.vQueueAddToRegistry
                0x0000000008004fc8       0x54 ./Middlewares/Third_Party/FreeRTOS/Source/queue.o
                0x0000000008004fc8                vQueueAddToRegistry
 .text.vQueueWaitForMessageRestricted
                0x000000000800501c       0x68 ./Middlewares/Third_Party/FreeRTOS/Source/queue.o
                0x000000000800501c                vQueueWaitForMessageRestricted
 .text.xTaskCreateStatic
                0x0000000008005084       0xc6 ./Middlewares/Third_Party/FreeRTOS/Source/tasks.o
                0x0000000008005084                xTaskCreateStatic
 .text.xTaskCreate
                0x000000000800514a       0x8a ./Middlewares/Third_Party/FreeRTOS/Source/tasks.o
                0x000000000800514a                xTaskCreate
 .text.prvInitialiseNewTask
                0x00000000080051d4      0x150 ./Middlewares/Third_Party/FreeRTOS/Source/tasks.o
 .text.prvAddNewTaskToReadyList
                0x0000000008005324       0xe0 ./Middlewares/Third_Party/FreeRTOS/Source/tasks.o
 .text.vTaskDelete
                0x0000000008005404       0xe8 ./Middlewares/Third_Party/FreeRTOS/Source/tasks.o
                0x0000000008005404                vTaskDelete
 .text.vTaskSuspend
                0x00000000080054ec       0xf0 ./Middlewares/Third_Party/FreeRTOS/Source/tasks.o
                0x00000000080054ec                vTaskSuspend
 .text.prvTaskIsTaskSuspended
                0x00000000080055dc       0x68 ./Middlewares/Third_Party/FreeRTOS/Source/tasks.o
 .text.xTaskResumeFromISR
                0x0000000008005644       0xec ./Middlewares/Third_Party/FreeRTOS/Source/tasks.o
                0x0000000008005644                xTaskResumeFromISR
 .text.vTaskStartScheduler
                0x0000000008005730       0xe8 ./Middlewares/Third_Party/FreeRTOS/Source/tasks.o
                0x0000000008005730                vTaskStartScheduler
 .text.vTaskSuspendAll
                0x0000000008005818       0x1c ./Middlewares/Third_Party/FreeRTOS/Source/tasks.o
                0x0000000008005818                vTaskSuspendAll
 .text.xTaskResumeAll
                0x0000000008005834      0x140 ./Middlewares/Third_Party/FreeRTOS/Source/tasks.o
                0x0000000008005834                xTaskResumeAll
 .text.xTaskGetTickCount
                0x0000000008005974       0x20 ./Middlewares/Third_Party/FreeRTOS/Source/tasks.o
                0x0000000008005974                xTaskGetTickCount
 .text.xTaskIncrementTick
                0x0000000008005994      0x178 ./Middlewares/Third_Party/FreeRTOS/Source/tasks.o
                0x0000000008005994                xTaskIncrementTick
 .text.vTaskSwitchContext
                0x0000000008005b0c       0xcc ./Middlewares/Third_Party/FreeRTOS/Source/tasks.o
                0x0000000008005b0c                vTaskSwitchContext
 .text.vTaskPlaceOnEventList
                0x0000000008005bd8       0x4c ./Middlewares/Third_Party/FreeRTOS/Source/tasks.o
                0x0000000008005bd8                vTaskPlaceOnEventList
 .text.vTaskPlaceOnEventListRestricted
                0x0000000008005c24       0x5c ./Middlewares/Third_Party/FreeRTOS/Source/tasks.o
                0x0000000008005c24                vTaskPlaceOnEventListRestricted
 .text.xTaskRemoveFromEventList
                0x0000000008005c80       0xcc ./Middlewares/Third_Party/FreeRTOS/Source/tasks.o
                0x0000000008005c80                xTaskRemoveFromEventList
 .text.vTaskInternalSetTimeOutState
                0x0000000008005d4c       0x2c ./Middlewares/Third_Party/FreeRTOS/Source/tasks.o
                0x0000000008005d4c                vTaskInternalSetTimeOutState
 .text.xTaskCheckForTimeOut
                0x0000000008005d78       0xcc ./Middlewares/Third_Party/FreeRTOS/Source/tasks.o
                0x0000000008005d78                xTaskCheckForTimeOut
 .text.vTaskMissedYield
                0x0000000008005e44       0x18 ./Middlewares/Third_Party/FreeRTOS/Source/tasks.o
                0x0000000008005e44                vTaskMissedYield
 .text.prvIdleTask
                0x0000000008005e5c       0x30 ./Middlewares/Third_Party/FreeRTOS/Source/tasks.o
 .text.prvInitialiseTaskLists
                0x0000000008005e8c       0x80 ./Middlewares/Third_Party/FreeRTOS/Source/tasks.o
 .text.prvCheckTasksWaitingTermination
                0x0000000008005f0c       0x5c ./Middlewares/Third_Party/FreeRTOS/Source/tasks.o
 .text.prvDeleteTCB
                0x0000000008005f68       0x6c ./Middlewares/Third_Party/FreeRTOS/Source/tasks.o
 .text.prvResetNextTaskUnblockTime
                0x0000000008005fd4       0x40 ./Middlewares/Third_Party/FreeRTOS/Source/tasks.o
 .text.xTaskGetSchedulerState
                0x0000000008006014       0x3c ./Middlewares/Third_Party/FreeRTOS/Source/tasks.o
                0x0000000008006014                xTaskGetSchedulerState
 .text.xTaskPriorityDisinherit
                0x0000000008006050       0xe4 ./Middlewares/Third_Party/FreeRTOS/Source/tasks.o
                0x0000000008006050                xTaskPriorityDisinherit
 .text.prvAddCurrentTaskToDelayedList
                0x0000000008006134       0xa8 ./Middlewares/Third_Party/FreeRTOS/Source/tasks.o
 .text.xTimerCreateTimerTask
                0x00000000080061dc       0x94 ./Middlewares/Third_Party/FreeRTOS/Source/timers.o
                0x00000000080061dc                xTimerCreateTimerTask
 .text.xTimerGenericCommand
                0x0000000008006270       0xa0 ./Middlewares/Third_Party/FreeRTOS/Source/timers.o
                0x0000000008006270                xTimerGenericCommand
 .text.prvProcessExpiredTimer
                0x0000000008006310       0x9c ./Middlewares/Third_Party/FreeRTOS/Source/timers.o
 .text.prvTimerTask
                0x00000000080063ac       0x24 ./Middlewares/Third_Party/FreeRTOS/Source/timers.o
 .text.prvProcessTimerOrBlockTask
                0x00000000080063d0       0x9c ./Middlewares/Third_Party/FreeRTOS/Source/timers.o
 .text.prvGetNextExpireTime
                0x000000000800646c       0x48 ./Middlewares/Third_Party/FreeRTOS/Source/timers.o
 .text.prvSampleTimeNow
                0x00000000080064b4       0x40 ./Middlewares/Third_Party/FreeRTOS/Source/timers.o
 .text.prvInsertTimerInActiveList
                0x00000000080064f4       0x84 ./Middlewares/Third_Party/FreeRTOS/Source/timers.o
 .text.prvProcessReceivedCommands
                0x0000000008006578      0x1d0 ./Middlewares/Third_Party/FreeRTOS/Source/timers.o
 .text.prvSwitchTimerLists
                0x0000000008006748       0xcc ./Middlewares/Third_Party/FreeRTOS/Source/timers.o
 .text.prvCheckForValidListAndQueue
                0x0000000008006814       0x80 ./Middlewares/Third_Party/FreeRTOS/Source/timers.o
 .text.pxPortInitialiseStack
                0x0000000008006894       0x68 ./Middlewares/Third_Party/FreeRTOS/Source/portable/GCC/ARM_CM7/r0p1/port.o
                0x0000000008006894                pxPortInitialiseStack
 .text.prvTaskExitError
                0x00000000080068fc       0x60 ./Middlewares/Third_Party/FreeRTOS/Source/portable/GCC/ARM_CM7/r0p1/port.o
 *fill*         0x000000000800695c        0x4 
 .text.SVC_Handler
                0x0000000008006960       0x28 ./Middlewares/Third_Party/FreeRTOS/Source/portable/GCC/ARM_CM7/r0p1/port.o
                0x0000000008006960                SVC_Handler
 .text.prvPortStartFirstTask
                0x0000000008006988       0x28 ./Middlewares/Third_Party/FreeRTOS/Source/portable/GCC/ARM_CM7/r0p1/port.o
 .text.xPortStartScheduler
                0x00000000080069b0       0xfc ./Middlewares/Third_Party/FreeRTOS/Source/portable/GCC/ARM_CM7/r0p1/port.o
                0x00000000080069b0                xPortStartScheduler
 .text.vPortEnterCritical
                0x0000000008006aac       0x68 ./Middlewares/Third_Party/FreeRTOS/Source/portable/GCC/ARM_CM7/r0p1/port.o
                0x0000000008006aac                vPortEnterCritical
 .text.vPortExitCritical
                0x0000000008006b14       0x58 ./Middlewares/Third_Party/FreeRTOS/Source/portable/GCC/ARM_CM7/r0p1/port.o
                0x0000000008006b14                vPortExitCritical
 *fill*         0x0000000008006b6c        0x4 
 .text.PendSV_Handler
                0x0000000008006b70       0x68 ./Middlewares/Third_Party/FreeRTOS/Source/portable/GCC/ARM_CM7/r0p1/port.o
                0x0000000008006b70                PendSV_Handler
 .text.SysTick_Handler
                0x0000000008006bd8       0x48 ./Middlewares/Third_Party/FreeRTOS/Source/portable/GCC/ARM_CM7/r0p1/port.o
                0x0000000008006bd8                SysTick_Handler
 .text.vPortSetupTimerInterrupt
                0x0000000008006c20       0x48 ./Middlewares/Third_Party/FreeRTOS/Source/portable/GCC/ARM_CM7/r0p1/port.o
                0x0000000008006c20                vPortSetupTimerInterrupt
 .text.vPortEnableVFP
                0x0000000008006c68       0x14 ./Middlewares/Third_Party/FreeRTOS/Source/portable/GCC/ARM_CM7/r0p1/port.o
 .text.vPortValidateInterruptPriority
                0x0000000008006c7c       0x88 ./Middlewares/Third_Party/FreeRTOS/Source/portable/GCC/ARM_CM7/r0p1/port.o
                0x0000000008006c7c                vPortValidateInterruptPriority
 .text.pvPortMalloc
                0x0000000008006d04      0x194 ./Middlewares/Third_Party/FreeRTOS/Source/portable/MemMang/heap_4.o
                0x0000000008006d04                pvPortMalloc
 .text.vPortFree
                0x0000000008006e98       0xbc ./Middlewares/Third_Party/FreeRTOS/Source/portable/MemMang/heap_4.o
                0x0000000008006e98                vPortFree
 .text.prvHeapInit
                0x0000000008006f54       0xc4 ./Middlewares/Third_Party/FreeRTOS/Source/portable/MemMang/heap_4.o
 .text.prvInsertBlockIntoFreeList
                0x0000000008007018       0xb4 ./Middlewares/Third_Party/FreeRTOS/Source/portable/MemMang/heap_4.o
 .text.memset   0x00000000080070cc       0x10 C:/ST/STM32CubeIDE_1.13.1/STM32CubeIDE/plugins/com.st.stm32cube.ide.mcu.externaltools.gnu-tools-for-stm32.11.3.rel1.win32_1.1.0.202305231506/tools/bin/../lib/gcc/arm-none-eabi/11.3.1/../../../../arm-none-eabi/lib/thumb/v7e-m+dp/hard\libc_nano.a(libc_a-memset.o)
                0x00000000080070cc                memset
 .text._reclaim_reent
                0x00000000080070dc       0xac C:/ST/STM32CubeIDE_1.13.1/STM32CubeIDE/plugins/com.st.stm32cube.ide.mcu.externaltools.gnu-tools-for-stm32.11.3.rel1.win32_1.1.0.202305231506/tools/bin/../lib/gcc/arm-none-eabi/11.3.1/../../../../arm-none-eabi/lib/thumb/v7e-m+dp/hard\libc_nano.a(libc_a-reent.o)
                0x00000000080070dc                _reclaim_reent
 .text.__libc_init_array
                0x0000000008007188       0x48 C:/ST/STM32CubeIDE_1.13.1/STM32CubeIDE/plugins/com.st.stm32cube.ide.mcu.externaltools.gnu-tools-for-stm32.11.3.rel1.win32_1.1.0.202305231506/tools/bin/../lib/gcc/arm-none-eabi/11.3.1/../../../../arm-none-eabi/lib/thumb/v7e-m+dp/hard\libc_nano.a(libc_a-init.o)
                0x0000000008007188                __libc_init_array
 .text.__retarget_lock_acquire_recursive
                0x00000000080071d0        0x2 C:/ST/STM32CubeIDE_1.13.1/STM32CubeIDE/plugins/com.st.stm32cube.ide.mcu.externaltools.gnu-tools-for-stm32.11.3.rel1.win32_1.1.0.202305231506/tools/bin/../lib/gcc/arm-none-eabi/11.3.1/../../../../arm-none-eabi/lib/thumb/v7e-m+dp/hard\libc_nano.a(libc_a-lock.o)
                0x00000000080071d0                __retarget_lock_acquire_recursive
 .text.__retarget_lock_release_recursive
                0x00000000080071d2        0x2 C:/ST/STM32CubeIDE_1.13.1/STM32CubeIDE/plugins/com.st.stm32cube.ide.mcu.externaltools.gnu-tools-for-stm32.11.3.rel1.win32_1.1.0.202305231506/tools/bin/../lib/gcc/arm-none-eabi/11.3.1/../../../../arm-none-eabi/lib/thumb/v7e-m+dp/hard\libc_nano.a(libc_a-lock.o)
                0x00000000080071d2                __retarget_lock_release_recursive
 .text.memcpy   0x00000000080071d4       0x1c C:/ST/STM32CubeIDE_1.13.1/STM32CubeIDE/plugins/com.st.stm32cube.ide.mcu.externaltools.gnu-tools-for-stm32.11.3.rel1.win32_1.1.0.202305231506/tools/bin/../lib/gcc/arm-none-eabi/11.3.1/../../../../arm-none-eabi/lib/thumb/v7e-m+dp/hard\libc_nano.a(libc_a-memcpy-stub.o)
                0x00000000080071d4                memcpy
 .text._free_r  0x00000000080071f0       0x98 C:/ST/STM32CubeIDE_1.13.1/STM32CubeIDE/plugins/com.st.stm32cube.ide.mcu.externaltools.gnu-tools-for-stm32.11.3.rel1.win32_1.1.0.202305231506/tools/bin/../lib/gcc/arm-none-eabi/11.3.1/../../../../arm-none-eabi/lib/thumb/v7e-m+dp/hard\libc_nano.a(libc_a-freer.o)
                0x00000000080071f0                _free_r
 .text.__malloc_lock
                0x0000000008007288        0xc C:/ST/STM32CubeIDE_1.13.1/STM32CubeIDE/plugins/com.st.stm32cube.ide.mcu.externaltools.gnu-tools-for-stm32.11.3.rel1.win32_1.1.0.202305231506/tools/bin/../lib/gcc/arm-none-eabi/11.3.1/../../../../arm-none-eabi/lib/thumb/v7e-m+dp/hard\libc_nano.a(libc_a-mlock.o)
                0x0000000008007288                __malloc_lock
 .text.__malloc_unlock
                0x0000000008007294        0xc C:/ST/STM32CubeIDE_1.13.1/STM32CubeIDE/plugins/com.st.stm32cube.ide.mcu.externaltools.gnu-tools-for-stm32.11.3.rel1.win32_1.1.0.202305231506/tools/bin/../lib/gcc/arm-none-eabi/11.3.1/../../../../arm-none-eabi/lib/thumb/v7e-m+dp/hard\libc_nano.a(libc_a-mlock.o)
                0x0000000008007294                __malloc_unlock
 *(.glue_7)
 .glue_7        0x00000000080072a0        0x0 linker stubs
 *(.glue_7t)
 .glue_7t       0x00000000080072a0        0x0 linker stubs
 *(.eh_frame)
 .eh_frame      0x00000000080072a0        0x0 C:/ST/STM32CubeIDE_1.13.1/STM32CubeIDE/plugins/com.st.stm32cube.ide.mcu.externaltools.gnu-tools-for-stm32.11.3.rel1.win32_1.1.0.202305231506/tools/bin/../lib/gcc/arm-none-eabi/11.3.1/thumb/v7e-m+dp/hard/crtbegin.o
 *(.init)
 .init          0x00000000080072a0        0x4 C:/ST/STM32CubeIDE_1.13.1/STM32CubeIDE/plugins/com.st.stm32cube.ide.mcu.externaltools.gnu-tools-for-stm32.11.3.rel1.win32_1.1.0.202305231506/tools/bin/../lib/gcc/arm-none-eabi/11.3.1/thumb/v7e-m+dp/hard/crti.o
                0x00000000080072a0                _init
 .init          0x00000000080072a4        0x8 C:/ST/STM32CubeIDE_1.13.1/STM32CubeIDE/plugins/com.st.stm32cube.ide.mcu.externaltools.gnu-tools-for-stm32.11.3.rel1.win32_1.1.0.202305231506/tools/bin/../lib/gcc/arm-none-eabi/11.3.1/thumb/v7e-m+dp/hard/crtn.o
 *(.fini)
 .fini          0x00000000080072ac        0x4 C:/ST/STM32CubeIDE_1.13.1/STM32CubeIDE/plugins/com.st.stm32cube.ide.mcu.externaltools.gnu-tools-for-stm32.11.3.rel1.win32_1.1.0.202305231506/tools/bin/../lib/gcc/arm-none-eabi/11.3.1/thumb/v7e-m+dp/hard/crti.o
                0x00000000080072ac                _fini
 .fini          0x00000000080072b0        0x8 C:/ST/STM32CubeIDE_1.13.1/STM32CubeIDE/plugins/com.st.stm32cube.ide.mcu.externaltools.gnu-tools-for-stm32.11.3.rel1.win32_1.1.0.202305231506/tools/bin/../lib/gcc/arm-none-eabi/11.3.1/thumb/v7e-m+dp/hard/crtn.o
                0x00000000080072b8                . = ALIGN (0x4)
                0x00000000080072b8                _etext = .

.vfp11_veneer   0x00000000080072b8        0x0
 .vfp11_veneer  0x00000000080072b8        0x0 linker stubs

.v4_bx          0x00000000080072b8        0x0
 .v4_bx         0x00000000080072b8        0x0 linker stubs

.iplt           0x00000000080072b8        0x0
 .iplt          0x00000000080072b8        0x0 C:/ST/STM32CubeIDE_1.13.1/STM32CubeIDE/plugins/com.st.stm32cube.ide.mcu.externaltools.gnu-tools-for-stm32.11.3.rel1.win32_1.1.0.202305231506/tools/bin/../lib/gcc/arm-none-eabi/11.3.1/thumb/v7e-m+dp/hard/crtbegin.o

.rodata         0x00000000080072b8       0x94
                0x00000000080072b8                . = ALIGN (0x4)
 *(.rodata)
 .rodata        0x00000000080072b8       0x1b ./Core/Src/freertos.o
 *fill*         0x00000000080072d3        0x1 
 .rodata        0x00000000080072d4        0x5 ./Middlewares/Third_Party/FreeRTOS/Source/tasks.o
 *fill*         0x00000000080072d9        0x3 
 .rodata        0x00000000080072dc        0xd ./Middlewares/Third_Party/FreeRTOS/Source/timers.o
 *(.rodata*)
 *fill*         0x00000000080072e9        0x3 
 .rodata.defaultTask_attributes
                0x00000000080072ec       0x24 ./Core/Src/freertos.o
                0x00000000080072ec                defaultTask_attributes
 .rodata.API_dispatcher_attributes
                0x0000000008007310       0x24 ./Core/Src/freertos.o
                0x0000000008007310                API_dispatcher_attributes
 .rodata.AHBPrescTable
                0x0000000008007334       0x10 ./Core/Src/system_stm32f7xx.o
                0x0000000008007334                AHBPrescTable
 .rodata.APBPrescTable
                0x0000000008007344        0x8 ./Core/Src/system_stm32f7xx.o
                0x0000000008007344                APBPrescTable
                0x000000000800734c                . = ALIGN (0x4)

.ARM.extab      0x000000000800734c        0x0
                0x000000000800734c                . = ALIGN (0x4)
 *(.ARM.extab* .gnu.linkonce.armextab.*)
                0x000000000800734c                . = ALIGN (0x4)

.ARM            0x000000000800734c        0x8
                0x000000000800734c                . = ALIGN (0x4)
                0x000000000800734c                __exidx_start = .
 *(.ARM.exidx*)
 .ARM.exidx     0x000000000800734c        0x8 C:/ST/STM32CubeIDE_1.13.1/STM32CubeIDE/plugins/com.st.stm32cube.ide.mcu.externaltools.gnu-tools-for-stm32.11.3.rel1.win32_1.1.0.202305231506/tools/bin/../lib/gcc/arm-none-eabi/11.3.1/thumb/v7e-m+dp/hard\libgcc.a(_udivmoddi4.o)
                0x0000000008007354                __exidx_end = .
                0x0000000008007354                . = ALIGN (0x4)

.rel.dyn        0x0000000008007354        0x0
 .rel.iplt      0x0000000008007354        0x0 C:/ST/STM32CubeIDE_1.13.1/STM32CubeIDE/plugins/com.st.stm32cube.ide.mcu.externaltools.gnu-tools-for-stm32.11.3.rel1.win32_1.1.0.202305231506/tools/bin/../lib/gcc/arm-none-eabi/11.3.1/thumb/v7e-m+dp/hard/crtbegin.o

.preinit_array  0x0000000008007354        0x0
                0x0000000008007354                . = ALIGN (0x4)
                0x0000000008007354                PROVIDE (__preinit_array_start = .)
 *(.preinit_array*)
                0x0000000008007354                PROVIDE (__preinit_array_end = .)
                0x0000000008007354                . = ALIGN (0x4)

.init_array     0x0000000008007354        0x4
                0x0000000008007354                . = ALIGN (0x4)
                0x0000000008007354                PROVIDE (__init_array_start = .)
 *(SORT_BY_NAME(.init_array.*))
 *(.init_array*)
 .init_array    0x0000000008007354        0x4 C:/ST/STM32CubeIDE_1.13.1/STM32CubeIDE/plugins/com.st.stm32cube.ide.mcu.externaltools.gnu-tools-for-stm32.11.3.rel1.win32_1.1.0.202305231506/tools/bin/../lib/gcc/arm-none-eabi/11.3.1/thumb/v7e-m+dp/hard/crtbegin.o
                0x0000000008007358                PROVIDE (__init_array_end = .)
                0x0000000008007358                . = ALIGN (0x4)

.fini_array     0x0000000008007358        0x4
                0x0000000008007358                . = ALIGN (0x4)
                [!provide]                        PROVIDE (__fini_array_start = .)
 *(SORT_BY_NAME(.fini_array.*))
 *(.fini_array*)
 .fini_array    0x0000000008007358        0x4 C:/ST/STM32CubeIDE_1.13.1/STM32CubeIDE/plugins/com.st.stm32cube.ide.mcu.externaltools.gnu-tools-for-stm32.11.3.rel1.win32_1.1.0.202305231506/tools/bin/../lib/gcc/arm-none-eabi/11.3.1/thumb/v7e-m+dp/hard/crtbegin.o
                [!provide]                        PROVIDE (__fini_array_end = .)
                0x000000000800735c                . = ALIGN (0x4)
                0x000000000800735c                _sidata = LOADADDR (.data)

.data           0x0000000020000000       0x60 load address 0x000000000800735c
                0x0000000020000000                . = ALIGN (0x4)
                0x0000000020000000                _sdata = .
 *(.data)
 *(.data*)
 .data.SystemCoreClock
                0x0000000020000000        0x4 ./Core/Src/system_stm32f7xx.o
                0x0000000020000000                SystemCoreClock
 .data.uwTickPrio
                0x0000000020000004        0x4 ./Drivers/STM32F7xx_HAL_Driver/Src/stm32f7xx_hal.o
                0x0000000020000004                uwTickPrio
 .data.uwTickFreq
                0x0000000020000008        0x1 ./Drivers/STM32F7xx_HAL_Driver/Src/stm32f7xx_hal.o
                0x0000000020000008                uwTickFreq
 *fill*         0x0000000020000009        0x3 
 .data.uxCriticalNesting
                0x000000002000000c        0x4 ./Middlewares/Third_Party/FreeRTOS/Source/portable/GCC/ARM_CM7/r0p1/port.o
 .data._impure_data
                0x0000000020000010       0x4c C:/ST/STM32CubeIDE_1.13.1/STM32CubeIDE/plugins/com.st.stm32cube.ide.mcu.externaltools.gnu-tools-for-stm32.11.3.rel1.win32_1.1.0.202305231506/tools/bin/../lib/gcc/arm-none-eabi/11.3.1/../../../../arm-none-eabi/lib/thumb/v7e-m+dp/hard\libc_nano.a(libc_a-impure.o)
                0x0000000020000010                _impure_data
 .data._impure_ptr
                0x000000002000005c        0x4 C:/ST/STM32CubeIDE_1.13.1/STM32CubeIDE/plugins/com.st.stm32cube.ide.mcu.externaltools.gnu-tools-for-stm32.11.3.rel1.win32_1.1.0.202305231506/tools/bin/../lib/gcc/arm-none-eabi/11.3.1/../../../../arm-none-eabi/lib/thumb/v7e-m+dp/hard\libc_nano.a(libc_a-impure.o)
                0x000000002000005c                _impure_ptr
 *(.RamFunc)
 *(.RamFunc*)
                0x0000000020000060                . = ALIGN (0x4)
                0x0000000020000060                _edata = .

.igot.plt       0x0000000020000060        0x0 load address 0x00000000080073bc
 .igot.plt      0x0000000020000060        0x0 C:/ST/STM32CubeIDE_1.13.1/STM32CubeIDE/plugins/com.st.stm32cube.ide.mcu.externaltools.gnu-tools-for-stm32.11.3.rel1.win32_1.1.0.202305231506/tools/bin/../lib/gcc/arm-none-eabi/11.3.1/thumb/v7e-m+dp/hard/crtbegin.o
                0x0000000020000060                . = ALIGN (0x4)

.bss            0x0000000020000060     0x4c28 load address 0x00000000080073bc
                0x0000000020000060                _sbss = .
                0x0000000020000060                __bss_start__ = _sbss
 *(.bss)
 .bss           0x0000000020000060       0x1c C:/ST/STM32CubeIDE_1.13.1/STM32CubeIDE/plugins/com.st.stm32cube.ide.mcu.externaltools.gnu-tools-for-stm32.11.3.rel1.win32_1.1.0.202305231506/tools/bin/../lib/gcc/arm-none-eabi/11.3.1/thumb/v7e-m+dp/hard/crtbegin.o
 *(.bss*)
 .bss.defaultTaskHandle
                0x000000002000007c        0x4 ./Core/Src/freertos.o
                0x000000002000007c                defaultTaskHandle
 .bss.API_dispatcherHandle
                0x0000000020000080        0x4 ./Core/Src/freertos.o
                0x0000000020000080                API_dispatcherHandle
 .bss.rx_buffer
                0x0000000020000084        0x8 ./Core/Src/main.o
                0x0000000020000084                rx_buffer
 .bss.checkIfYieldRequired
                0x000000002000008c        0x4 ./Core/Src/main.o
                0x000000002000008c                checkIfYieldRequired
 .bss.htim6     0x0000000020000090       0x4c ./Core/Src/stm32f7xx_hal_timebase_tim.o
                0x0000000020000090                htim6
 .bss.huart1    0x00000000200000dc       0x88 ./Core/Src/usart.o
                0x00000000200000dc                huart1
 .bss.uwTick    0x0000000020000164        0x4 ./Drivers/STM32F7xx_HAL_Driver/Src/stm32f7xx_hal.o
                0x0000000020000164                uwTick
 .bss.KernelState
                0x0000000020000168        0x4 ./Middlewares/Third_Party/FreeRTOS/Source/CMSIS_RTOS_V2/cmsis_os2.o
 .bss.Idle_TCB  0x000000002000016c       0xa8 ./Middlewares/Third_Party/FreeRTOS/Source/CMSIS_RTOS_V2/cmsis_os2.o
 .bss.Idle_Stack
                0x0000000020000214      0x200 ./Middlewares/Third_Party/FreeRTOS/Source/CMSIS_RTOS_V2/cmsis_os2.o
 .bss.Timer_TCB
                0x0000000020000414       0xa8 ./Middlewares/Third_Party/FreeRTOS/Source/CMSIS_RTOS_V2/cmsis_os2.o
 .bss.Timer_Stack
                0x00000000200004bc      0x400 ./Middlewares/Third_Party/FreeRTOS/Source/CMSIS_RTOS_V2/cmsis_os2.o
 .bss.xQueueRegistry
                0x00000000200008bc       0x40 ./Middlewares/Third_Party/FreeRTOS/Source/queue.o
                0x00000000200008bc                xQueueRegistry
 .bss.pxCurrentTCB
                0x00000000200008fc        0x4 ./Middlewares/Third_Party/FreeRTOS/Source/tasks.o
                0x00000000200008fc                pxCurrentTCB
 .bss.pxReadyTasksLists
                0x0000000020000900      0x460 ./Middlewares/Third_Party/FreeRTOS/Source/tasks.o
 .bss.xDelayedTaskList1
                0x0000000020000d60       0x14 ./Middlewares/Third_Party/FreeRTOS/Source/tasks.o
 .bss.xDelayedTaskList2
                0x0000000020000d74       0x14 ./Middlewares/Third_Party/FreeRTOS/Source/tasks.o
 .bss.pxDelayedTaskList
                0x0000000020000d88        0x4 ./Middlewares/Third_Party/FreeRTOS/Source/tasks.o
 .bss.pxOverflowDelayedTaskList
                0x0000000020000d8c        0x4 ./Middlewares/Third_Party/FreeRTOS/Source/tasks.o
 .bss.xPendingReadyList
                0x0000000020000d90       0x14 ./Middlewares/Third_Party/FreeRTOS/Source/tasks.o
 .bss.xTasksWaitingTermination
                0x0000000020000da4       0x14 ./Middlewares/Third_Party/FreeRTOS/Source/tasks.o
 .bss.uxDeletedTasksWaitingCleanUp
                0x0000000020000db8        0x4 ./Middlewares/Third_Party/FreeRTOS/Source/tasks.o
 .bss.xSuspendedTaskList
                0x0000000020000dbc       0x14 ./Middlewares/Third_Party/FreeRTOS/Source/tasks.o
 .bss.uxCurrentNumberOfTasks
                0x0000000020000dd0        0x4 ./Middlewares/Third_Party/FreeRTOS/Source/tasks.o
 .bss.xTickCount
                0x0000000020000dd4        0x4 ./Middlewares/Third_Party/FreeRTOS/Source/tasks.o
 .bss.uxTopReadyPriority
                0x0000000020000dd8        0x4 ./Middlewares/Third_Party/FreeRTOS/Source/tasks.o
 .bss.xSchedulerRunning
                0x0000000020000ddc        0x4 ./Middlewares/Third_Party/FreeRTOS/Source/tasks.o
 .bss.uxPendedTicks
                0x0000000020000de0        0x4 ./Middlewares/Third_Party/FreeRTOS/Source/tasks.o
 .bss.xYieldPending
                0x0000000020000de4        0x4 ./Middlewares/Third_Party/FreeRTOS/Source/tasks.o
 .bss.xNumOfOverflows
                0x0000000020000de8        0x4 ./Middlewares/Third_Party/FreeRTOS/Source/tasks.o
 .bss.uxTaskNumber
                0x0000000020000dec        0x4 ./Middlewares/Third_Party/FreeRTOS/Source/tasks.o
 .bss.xNextTaskUnblockTime
                0x0000000020000df0        0x4 ./Middlewares/Third_Party/FreeRTOS/Source/tasks.o
 .bss.xIdleTaskHandle
                0x0000000020000df4        0x4 ./Middlewares/Third_Party/FreeRTOS/Source/tasks.o
 .bss.uxSchedulerSuspended
                0x0000000020000df8        0x4 ./Middlewares/Third_Party/FreeRTOS/Source/tasks.o
 .bss.xActiveTimerList1
                0x0000000020000dfc       0x14 ./Middlewares/Third_Party/FreeRTOS/Source/timers.o
 .bss.xActiveTimerList2
                0x0000000020000e10       0x14 ./Middlewares/Third_Party/FreeRTOS/Source/timers.o
 .bss.pxCurrentTimerList
                0x0000000020000e24        0x4 ./Middlewares/Third_Party/FreeRTOS/Source/timers.o
 .bss.pxOverflowTimerList
                0x0000000020000e28        0x4 ./Middlewares/Third_Party/FreeRTOS/Source/timers.o
 .bss.xTimerQueue
                0x0000000020000e2c        0x4 ./Middlewares/Third_Party/FreeRTOS/Source/timers.o
 .bss.xTimerTaskHandle
                0x0000000020000e30        0x4 ./Middlewares/Third_Party/FreeRTOS/Source/timers.o
 .bss.xLastTime.2
                0x0000000020000e34        0x4 ./Middlewares/Third_Party/FreeRTOS/Source/timers.o
 .bss.ucStaticTimerQueueStorage.1
                0x0000000020000e38       0xa0 ./Middlewares/Third_Party/FreeRTOS/Source/timers.o
 .bss.xStaticTimerQueue.0
                0x0000000020000ed8       0x50 ./Middlewares/Third_Party/FreeRTOS/Source/timers.o
 .bss.ucMaxSysCallPriority
                0x0000000020000f28        0x1 ./Middlewares/Third_Party/FreeRTOS/Source/portable/GCC/ARM_CM7/r0p1/port.o
 *fill*         0x0000000020000f29        0x3 
 .bss.ulMaxPRIGROUPValue
                0x0000000020000f2c        0x4 ./Middlewares/Third_Party/FreeRTOS/Source/portable/GCC/ARM_CM7/r0p1/port.o
 .bss.ucHeap    0x0000000020000f30     0x3c00 ./Middlewares/Third_Party/FreeRTOS/Source/portable/MemMang/heap_4.o
 .bss.xStart    0x0000000020004b30        0x8 ./Middlewares/Third_Party/FreeRTOS/Source/portable/MemMang/heap_4.o
 .bss.pxEnd     0x0000000020004b38        0x4 ./Middlewares/Third_Party/FreeRTOS/Source/portable/MemMang/heap_4.o
 .bss.xFreeBytesRemaining
                0x0000000020004b3c        0x4 ./Middlewares/Third_Party/FreeRTOS/Source/portable/MemMang/heap_4.o
 .bss.xMinimumEverFreeBytesRemaining
                0x0000000020004b40        0x4 ./Middlewares/Third_Party/FreeRTOS/Source/portable/MemMang/heap_4.o
 .bss.xBlockAllocatedBit
                0x0000000020004b44        0x4 ./Middlewares/Third_Party/FreeRTOS/Source/portable/MemMang/heap_4.o
 .bss.__sf      0x0000000020004b48      0x138 C:/ST/STM32CubeIDE_1.13.1/STM32CubeIDE/plugins/com.st.stm32cube.ide.mcu.externaltools.gnu-tools-for-stm32.11.3.rel1.win32_1.1.0.202305231506/tools/bin/../lib/gcc/arm-none-eabi/11.3.1/../../../../arm-none-eabi/lib/thumb/v7e-m+dp/hard\libc_nano.a(libc_a-findfp.o)
                0x0000000020004b48                __sf
 .bss.__lock___malloc_recursive_mutex
                0x0000000020004c80        0x1 C:/ST/STM32CubeIDE_1.13.1/STM32CubeIDE/plugins/com.st.stm32cube.ide.mcu.externaltools.gnu-tools-for-stm32.11.3.rel1.win32_1.1.0.202305231506/tools/bin/../lib/gcc/arm-none-eabi/11.3.1/../../../../arm-none-eabi/lib/thumb/v7e-m+dp/hard\libc_nano.a(libc_a-lock.o)
                0x0000000020004c80                __lock___malloc_recursive_mutex
 *fill*         0x0000000020004c81        0x3 
 .bss.__malloc_free_list
                0x0000000020004c84        0x4 C:/ST/STM32CubeIDE_1.13.1/STM32CubeIDE/plugins/com.st.stm32cube.ide.mcu.externaltools.gnu-tools-for-stm32.11.3.rel1.win32_1.1.0.202305231506/tools/bin/../lib/gcc/arm-none-eabi/11.3.1/../../../../arm-none-eabi/lib/thumb/v7e-m+dp/hard\libc_nano.a(libc_a-mallocr.o)
                0x0000000020004c84                __malloc_free_list
 *(COMMON)
                0x0000000020004c88                . = ALIGN (0x4)
                0x0000000020004c88                _ebss = .
                0x0000000020004c88                __bss_end__ = _ebss

._user_heap_stack
                0x0000000020004c88      0x600 load address 0x00000000080073bc
                0x0000000020004c88                . = ALIGN (0x8)
                [!provide]                        PROVIDE (end = .)
                0x0000000020004c88                PROVIDE (_end = .)
                0x0000000020004e88                . = (. + _Min_Heap_Size)
 *fill*         0x0000000020004c88      0x200 
                0x0000000020005288                . = (. + _Min_Stack_Size)
 *fill*         0x0000000020004e88      0x400 
                0x0000000020005288                . = ALIGN (0x8)

/DISCARD/
 libc.a(*)
 libm.a(*)
 libgcc.a(*)

.ARM.attributes
                0x0000000000000000       0x2e
 *(.ARM.attributes)
 .ARM.attributes
                0x0000000000000000       0x1e C:/ST/STM32CubeIDE_1.13.1/STM32CubeIDE/plugins/com.st.stm32cube.ide.mcu.externaltools.gnu-tools-for-stm32.11.3.rel1.win32_1.1.0.202305231506/tools/bin/../lib/gcc/arm-none-eabi/11.3.1/thumb/v7e-m+dp/hard/crti.o
 .ARM.attributes
                0x000000000000001e       0x32 C:/ST/STM32CubeIDE_1.13.1/STM32CubeIDE/plugins/com.st.stm32cube.ide.mcu.externaltools.gnu-tools-for-stm32.11.3.rel1.win32_1.1.0.202305231506/tools/bin/../lib/gcc/arm-none-eabi/11.3.1/thumb/v7e-m+dp/hard/crtbegin.o
 .ARM.attributes
                0x0000000000000050       0x32 ./Core/Src/freertos.o
 .ARM.attributes
                0x0000000000000082       0x32 ./Core/Src/gpio.o
 .ARM.attributes
                0x00000000000000b4       0x32 ./Core/Src/main.o
 .ARM.attributes
                0x00000000000000e6       0x32 ./Core/Src/stm32f7xx_hal_msp.o
 .ARM.attributes
                0x0000000000000118       0x32 ./Core/Src/stm32f7xx_hal_timebase_tim.o
 .ARM.attributes
                0x000000000000014a       0x32 ./Core/Src/stm32f7xx_it.o
 .ARM.attributes
                0x000000000000017c       0x32 ./Core/Src/system_stm32f7xx.o
 .ARM.attributes
                0x00000000000001ae       0x32 ./Core/Src/usart.o
 .ARM.attributes
                0x00000000000001e0       0x21 ./Core/Startup/startup_stm32f767zitx.o
 .ARM.attributes
                0x0000000000000201       0x32 ./Drivers/STM32F7xx_HAL_Driver/Src/stm32f7xx_hal.o
 .ARM.attributes
                0x0000000000000233       0x32 ./Drivers/STM32F7xx_HAL_Driver/Src/stm32f7xx_hal_cortex.o
 .ARM.attributes
                0x0000000000000265       0x32 ./Drivers/STM32F7xx_HAL_Driver/Src/stm32f7xx_hal_dma.o
 .ARM.attributes
                0x0000000000000297       0x32 ./Drivers/STM32F7xx_HAL_Driver/Src/stm32f7xx_hal_gpio.o
 .ARM.attributes
                0x00000000000002c9       0x32 ./Drivers/STM32F7xx_HAL_Driver/Src/stm32f7xx_hal_pwr_ex.o
 .ARM.attributes
                0x00000000000002fb       0x32 ./Drivers/STM32F7xx_HAL_Driver/Src/stm32f7xx_hal_rcc.o
 .ARM.attributes
                0x000000000000032d       0x32 ./Drivers/STM32F7xx_HAL_Driver/Src/stm32f7xx_hal_rcc_ex.o
 .ARM.attributes
                0x000000000000035f       0x32 ./Drivers/STM32F7xx_HAL_Driver/Src/stm32f7xx_hal_tim.o
 .ARM.attributes
                0x0000000000000391       0x32 ./Drivers/STM32F7xx_HAL_Driver/Src/stm32f7xx_hal_tim_ex.o
 .ARM.attributes
                0x00000000000003c3       0x32 ./Drivers/STM32F7xx_HAL_Driver/Src/stm32f7xx_hal_uart.o
 .ARM.attributes
                0x00000000000003f5       0x32 ./Middlewares/Third_Party/FreeRTOS/Source/CMSIS_RTOS_V2/cmsis_os2.o
 .ARM.attributes
                0x0000000000000427       0x32 ./Middlewares/Third_Party/FreeRTOS/Source/list.o
 .ARM.attributes
                0x0000000000000459       0x32 ./Middlewares/Third_Party/FreeRTOS/Source/queue.o
 .ARM.attributes
                0x000000000000048b       0x32 ./Middlewares/Third_Party/FreeRTOS/Source/tasks.o
 .ARM.attributes
                0x00000000000004bd       0x32 ./Middlewares/Third_Party/FreeRTOS/Source/timers.o
 .ARM.attributes
                0x00000000000004ef       0x32 ./Middlewares/Third_Party/FreeRTOS/Source/portable/GCC/ARM_CM7/r0p1/port.o
 .ARM.attributes
                0x0000000000000521       0x32 ./Middlewares/Third_Party/FreeRTOS/Source/portable/MemMang/heap_4.o
 .ARM.attributes
                0x0000000000000553       0x32 C:/ST/STM32CubeIDE_1.13.1/STM32CubeIDE/plugins/com.st.stm32cube.ide.mcu.externaltools.gnu-tools-for-stm32.11.3.rel1.win32_1.1.0.202305231506/tools/bin/../lib/gcc/arm-none-eabi/11.3.1/../../../../arm-none-eabi/lib/thumb/v7e-m+dp/hard\libc_nano.a(libc_a-findfp.o)
 .ARM.attributes
                0x0000000000000585       0x32 C:/ST/STM32CubeIDE_1.13.1/STM32CubeIDE/plugins/com.st.stm32cube.ide.mcu.externaltools.gnu-tools-for-stm32.11.3.rel1.win32_1.1.0.202305231506/tools/bin/../lib/gcc/arm-none-eabi/11.3.1/../../../../arm-none-eabi/lib/thumb/v7e-m+dp/hard\libc_nano.a(libc_a-memset.o)
 .ARM.attributes
                0x00000000000005b7       0x32 C:/ST/STM32CubeIDE_1.13.1/STM32CubeIDE/plugins/com.st.stm32cube.ide.mcu.externaltools.gnu-tools-for-stm32.11.3.rel1.win32_1.1.0.202305231506/tools/bin/../lib/gcc/arm-none-eabi/11.3.1/../../../../arm-none-eabi/lib/thumb/v7e-m+dp/hard\libc_nano.a(libc_a-reent.o)
 .ARM.attributes
                0x00000000000005e9       0x32 C:/ST/STM32CubeIDE_1.13.1/STM32CubeIDE/plugins/com.st.stm32cube.ide.mcu.externaltools.gnu-tools-for-stm32.11.3.rel1.win32_1.1.0.202305231506/tools/bin/../lib/gcc/arm-none-eabi/11.3.1/../../../../arm-none-eabi/lib/thumb/v7e-m+dp/hard\libc_nano.a(libc_a-impure.o)
 .ARM.attributes
                0x000000000000061b       0x32 C:/ST/STM32CubeIDE_1.13.1/STM32CubeIDE/plugins/com.st.stm32cube.ide.mcu.externaltools.gnu-tools-for-stm32.11.3.rel1.win32_1.1.0.202305231506/tools/bin/../lib/gcc/arm-none-eabi/11.3.1/../../../../arm-none-eabi/lib/thumb/v7e-m+dp/hard\libc_nano.a(libc_a-init.o)
 .ARM.attributes
                0x000000000000064d       0x32 C:/ST/STM32CubeIDE_1.13.1/STM32CubeIDE/plugins/com.st.stm32cube.ide.mcu.externaltools.gnu-tools-for-stm32.11.3.rel1.win32_1.1.0.202305231506/tools/bin/../lib/gcc/arm-none-eabi/11.3.1/../../../../arm-none-eabi/lib/thumb/v7e-m+dp/hard\libc_nano.a(libc_a-lock.o)
 .ARM.attributes
                0x000000000000067f       0x32 C:/ST/STM32CubeIDE_1.13.1/STM32CubeIDE/plugins/com.st.stm32cube.ide.mcu.externaltools.gnu-tools-for-stm32.11.3.rel1.win32_1.1.0.202305231506/tools/bin/../lib/gcc/arm-none-eabi/11.3.1/../../../../arm-none-eabi/lib/thumb/v7e-m+dp/hard\libc_nano.a(libc_a-memcpy-stub.o)
 .ARM.attributes
                0x00000000000006b1       0x32 C:/ST/STM32CubeIDE_1.13.1/STM32CubeIDE/plugins/com.st.stm32cube.ide.mcu.externaltools.gnu-tools-for-stm32.11.3.rel1.win32_1.1.0.202305231506/tools/bin/../lib/gcc/arm-none-eabi/11.3.1/../../../../arm-none-eabi/lib/thumb/v7e-m+dp/hard\libc_nano.a(libc_a-freer.o)
 .ARM.attributes
                0x00000000000006e3       0x32 C:/ST/STM32CubeIDE_1.13.1/STM32CubeIDE/plugins/com.st.stm32cube.ide.mcu.externaltools.gnu-tools-for-stm32.11.3.rel1.win32_1.1.0.202305231506/tools/bin/../lib/gcc/arm-none-eabi/11.3.1/../../../../arm-none-eabi/lib/thumb/v7e-m+dp/hard\libc_nano.a(libc_a-mallocr.o)
 .ARM.attributes
                0x0000000000000715       0x32 C:/ST/STM32CubeIDE_1.13.1/STM32CubeIDE/plugins/com.st.stm32cube.ide.mcu.externaltools.gnu-tools-for-stm32.11.3.rel1.win32_1.1.0.202305231506/tools/bin/../lib/gcc/arm-none-eabi/11.3.1/../../../../arm-none-eabi/lib/thumb/v7e-m+dp/hard\libc_nano.a(libc_a-mlock.o)
 .ARM.attributes
                0x0000000000000747       0x1e C:/ST/STM32CubeIDE_1.13.1/STM32CubeIDE/plugins/com.st.stm32cube.ide.mcu.externaltools.gnu-tools-for-stm32.11.3.rel1.win32_1.1.0.202305231506/tools/bin/../lib/gcc/arm-none-eabi/11.3.1/thumb/v7e-m+dp/hard\libgcc.a(_aeabi_uldivmod.o)
 .ARM.attributes
                0x0000000000000765       0x32 C:/ST/STM32CubeIDE_1.13.1/STM32CubeIDE/plugins/com.st.stm32cube.ide.mcu.externaltools.gnu-tools-for-stm32.11.3.rel1.win32_1.1.0.202305231506/tools/bin/../lib/gcc/arm-none-eabi/11.3.1/thumb/v7e-m+dp/hard\libgcc.a(_udivmoddi4.o)
 .ARM.attributes
                0x0000000000000797       0x1e C:/ST/STM32CubeIDE_1.13.1/STM32CubeIDE/plugins/com.st.stm32cube.ide.mcu.externaltools.gnu-tools-for-stm32.11.3.rel1.win32_1.1.0.202305231506/tools/bin/../lib/gcc/arm-none-eabi/11.3.1/thumb/v7e-m+dp/hard\libgcc.a(_dvmd_tls.o)
 .ARM.attributes
                0x00000000000007b5       0x1e C:/ST/STM32CubeIDE_1.13.1/STM32CubeIDE/plugins/com.st.stm32cube.ide.mcu.externaltools.gnu-tools-for-stm32.11.3.rel1.win32_1.1.0.202305231506/tools/bin/../lib/gcc/arm-none-eabi/11.3.1/thumb/v7e-m+dp/hard/crtn.o
OUTPUT(FreeRTOS_UART_interrupts.elf elf32-littlearm)
LOAD linker stubs
LOAD C:/ST/STM32CubeIDE_1.13.1/STM32CubeIDE/plugins/com.st.stm32cube.ide.mcu.externaltools.gnu-tools-for-stm32.11.3.rel1.win32_1.1.0.202305231506/tools/bin/../lib/gcc/arm-none-eabi/11.3.1/../../../../arm-none-eabi/lib/thumb/v7e-m+dp/hard\libc.a
LOAD C:/ST/STM32CubeIDE_1.13.1/STM32CubeIDE/plugins/com.st.stm32cube.ide.mcu.externaltools.gnu-tools-for-stm32.11.3.rel1.win32_1.1.0.202305231506/tools/bin/../lib/gcc/arm-none-eabi/11.3.1/../../../../arm-none-eabi/lib/thumb/v7e-m+dp/hard\libm.a
LOAD C:/ST/STM32CubeIDE_1.13.1/STM32CubeIDE/plugins/com.st.stm32cube.ide.mcu.externaltools.gnu-tools-for-stm32.11.3.rel1.win32_1.1.0.202305231506/tools/bin/../lib/gcc/arm-none-eabi/11.3.1/thumb/v7e-m+dp/hard\libgcc.a

.comment        0x0000000000000000       0x43
 .comment       0x0000000000000000       0x43 C:/ST/STM32CubeIDE_1.13.1/STM32CubeIDE/plugins/com.st.stm32cube.ide.mcu.externaltools.gnu-tools-for-stm32.11.3.rel1.win32_1.1.0.202305231506/tools/bin/../lib/gcc/arm-none-eabi/11.3.1/thumb/v7e-m+dp/hard/crtbegin.o
                                         0x44 (size before relaxing)
 .comment       0x0000000000000043       0x44 ./Core/Src/freertos.o
 .comment       0x0000000000000043       0x44 ./Core/Src/gpio.o
 .comment       0x0000000000000043       0x44 ./Core/Src/main.o
 .comment       0x0000000000000043       0x44 ./Core/Src/stm32f7xx_hal_msp.o
 .comment       0x0000000000000043       0x44 ./Core/Src/stm32f7xx_hal_timebase_tim.o
 .comment       0x0000000000000043       0x44 ./Core/Src/stm32f7xx_it.o
 .comment       0x0000000000000043       0x44 ./Core/Src/system_stm32f7xx.o
 .comment       0x0000000000000043       0x44 ./Core/Src/usart.o
 .comment       0x0000000000000043       0x44 ./Drivers/STM32F7xx_HAL_Driver/Src/stm32f7xx_hal.o
 .comment       0x0000000000000043       0x44 ./Drivers/STM32F7xx_HAL_Driver/Src/stm32f7xx_hal_cortex.o
 .comment       0x0000000000000043       0x44 ./Drivers/STM32F7xx_HAL_Driver/Src/stm32f7xx_hal_dma.o
 .comment       0x0000000000000043       0x44 ./Drivers/STM32F7xx_HAL_Driver/Src/stm32f7xx_hal_gpio.o
 .comment       0x0000000000000043       0x44 ./Drivers/STM32F7xx_HAL_Driver/Src/stm32f7xx_hal_pwr_ex.o
 .comment       0x0000000000000043       0x44 ./Drivers/STM32F7xx_HAL_Driver/Src/stm32f7xx_hal_rcc.o
 .comment       0x0000000000000043       0x44 ./Drivers/STM32F7xx_HAL_Driver/Src/stm32f7xx_hal_rcc_ex.o
 .comment       0x0000000000000043       0x44 ./Drivers/STM32F7xx_HAL_Driver/Src/stm32f7xx_hal_tim.o
 .comment       0x0000000000000043       0x44 ./Drivers/STM32F7xx_HAL_Driver/Src/stm32f7xx_hal_tim_ex.o
 .comment       0x0000000000000043       0x44 ./Drivers/STM32F7xx_HAL_Driver/Src/stm32f7xx_hal_uart.o
 .comment       0x0000000000000043       0x44 ./Middlewares/Third_Party/FreeRTOS/Source/CMSIS_RTOS_V2/cmsis_os2.o
 .comment       0x0000000000000043       0x44 ./Middlewares/Third_Party/FreeRTOS/Source/list.o
 .comment       0x0000000000000043       0x44 ./Middlewares/Third_Party/FreeRTOS/Source/queue.o
 .comment       0x0000000000000043       0x44 ./Middlewares/Third_Party/FreeRTOS/Source/tasks.o
 .comment       0x0000000000000043       0x44 ./Middlewares/Third_Party/FreeRTOS/Source/timers.o
 .comment       0x0000000000000043       0x44 ./Middlewares/Third_Party/FreeRTOS/Source/portable/GCC/ARM_CM7/r0p1/port.o
 .comment       0x0000000000000043       0x44 ./Middlewares/Third_Party/FreeRTOS/Source/portable/MemMang/heap_4.o

.debug_info     0x0000000000000000    0x1b680
 .debug_info    0x0000000000000000      0x4b5 ./Core/Src/freertos.o
 .debug_info    0x00000000000004b5      0x47d ./Core/Src/gpio.o
 .debug_info    0x0000000000000932     0x112a ./Core/Src/main.o
 .debug_info    0x0000000000001a5c      0x57d ./Core/Src/stm32f7xx_hal_msp.o
 .debug_info    0x0000000000001fd9      0xd1d ./Core/Src/stm32f7xx_hal_timebase_tim.o
 .debug_info    0x0000000000002cf6      0xa9b ./Core/Src/stm32f7xx_it.o
 .debug_info    0x0000000000003791      0x6ed ./Core/Src/system_stm32f7xx.o
 .debug_info    0x0000000000003e7e      0xf92 ./Core/Src/usart.o
 .debug_info    0x0000000000004e10       0x23 ./Core/Startup/startup_stm32f767zitx.o
 .debug_info    0x0000000000004e33      0xa4c ./Drivers/STM32F7xx_HAL_Driver/Src/stm32f7xx_hal.o
 .debug_info    0x000000000000587f      0xf8b ./Drivers/STM32F7xx_HAL_Driver/Src/stm32f7xx_hal_cortex.o
 .debug_info    0x000000000000680a      0x8e7 ./Drivers/STM32F7xx_HAL_Driver/Src/stm32f7xx_hal_dma.o
 .debug_info    0x00000000000070f1      0x6f3 ./Drivers/STM32F7xx_HAL_Driver/Src/stm32f7xx_hal_gpio.o
 .debug_info    0x00000000000077e4      0x8cd ./Drivers/STM32F7xx_HAL_Driver/Src/stm32f7xx_hal_pwr_ex.o
 .debug_info    0x00000000000080b1      0x937 ./Drivers/STM32F7xx_HAL_Driver/Src/stm32f7xx_hal_rcc.o
 .debug_info    0x00000000000089e8      0x6e1 ./Drivers/STM32F7xx_HAL_Driver/Src/stm32f7xx_hal_rcc_ex.o
 .debug_info    0x00000000000090c9     0x2ab2 ./Drivers/STM32F7xx_HAL_Driver/Src/stm32f7xx_hal_tim.o
 .debug_info    0x000000000000bb7b     0x16bb ./Drivers/STM32F7xx_HAL_Driver/Src/stm32f7xx_hal_tim_ex.o
 .debug_info    0x000000000000d236     0x3a6d ./Drivers/STM32F7xx_HAL_Driver/Src/stm32f7xx_hal_uart.o
 .debug_info    0x0000000000010ca3     0x4057 ./Middlewares/Third_Party/FreeRTOS/Source/CMSIS_RTOS_V2/cmsis_os2.o
 .debug_info    0x0000000000014cfa      0x2af ./Middlewares/Third_Party/FreeRTOS/Source/list.o
 .debug_info    0x0000000000014fa9     0x1b68 ./Middlewares/Third_Party/FreeRTOS/Source/queue.o
 .debug_info    0x0000000000016b11     0x2817 ./Middlewares/Third_Party/FreeRTOS/Source/tasks.o
 .debug_info    0x0000000000019328     0x1aee ./Middlewares/Third_Party/FreeRTOS/Source/timers.o
 .debug_info    0x000000000001ae16      0x4a7 ./Middlewares/Third_Party/FreeRTOS/Source/portable/GCC/ARM_CM7/r0p1/port.o
 .debug_info    0x000000000001b2bd      0x3c3 ./Middlewares/Third_Party/FreeRTOS/Source/portable/MemMang/heap_4.o

.debug_abbrev   0x0000000000000000     0x3a92
 .debug_abbrev  0x0000000000000000      0x1cf ./Core/Src/freertos.o
 .debug_abbrev  0x00000000000001cf      0x152 ./Core/Src/gpio.o
 .debug_abbrev  0x0000000000000321      0x293 ./Core/Src/main.o
 .debug_abbrev  0x00000000000005b4      0x119 ./Core/Src/stm32f7xx_hal_msp.o
 .debug_abbrev  0x00000000000006cd      0x1f4 ./Core/Src/stm32f7xx_hal_timebase_tim.o
 .debug_abbrev  0x00000000000008c1      0x189 ./Core/Src/stm32f7xx_it.o
 .debug_abbrev  0x0000000000000a4a      0x13b ./Core/Src/system_stm32f7xx.o
 .debug_abbrev  0x0000000000000b85      0x218 ./Core/Src/usart.o
 .debug_abbrev  0x0000000000000d9d       0x12 ./Core/Startup/startup_stm32f767zitx.o
 .debug_abbrev  0x0000000000000daf      0x213 ./Drivers/STM32F7xx_HAL_Driver/Src/stm32f7xx_hal.o
 .debug_abbrev  0x0000000000000fc2      0x329 ./Drivers/STM32F7xx_HAL_Driver/Src/stm32f7xx_hal_cortex.o
 .debug_abbrev  0x00000000000012eb      0x264 ./Drivers/STM32F7xx_HAL_Driver/Src/stm32f7xx_hal_dma.o
 .debug_abbrev  0x000000000000154f      0x1d4 ./Drivers/STM32F7xx_HAL_Driver/Src/stm32f7xx_hal_gpio.o
 .debug_abbrev  0x0000000000001723      0x1d5 ./Drivers/STM32F7xx_HAL_Driver/Src/stm32f7xx_hal_pwr_ex.o
 .debug_abbrev  0x00000000000018f8      0x2de ./Drivers/STM32F7xx_HAL_Driver/Src/stm32f7xx_hal_rcc.o
 .debug_abbrev  0x0000000000001bd6      0x1c9 ./Drivers/STM32F7xx_HAL_Driver/Src/stm32f7xx_hal_rcc_ex.o
 .debug_abbrev  0x0000000000001d9f      0x278 ./Drivers/STM32F7xx_HAL_Driver/Src/stm32f7xx_hal_tim.o
 .debug_abbrev  0x0000000000002017      0x283 ./Drivers/STM32F7xx_HAL_Driver/Src/stm32f7xx_hal_tim_ex.o
 .debug_abbrev  0x000000000000229a      0x2e6 ./Drivers/STM32F7xx_HAL_Driver/Src/stm32f7xx_hal_uart.o
 .debug_abbrev  0x0000000000002580      0x48d ./Middlewares/Third_Party/FreeRTOS/Source/CMSIS_RTOS_V2/cmsis_os2.o
 .debug_abbrev  0x0000000000002a0d       0xf5 ./Middlewares/Third_Party/FreeRTOS/Source/list.o
 .debug_abbrev  0x0000000000002b02      0x3b6 ./Middlewares/Third_Party/FreeRTOS/Source/queue.o
 .debug_abbrev  0x0000000000002eb8      0x3fe ./Middlewares/Third_Party/FreeRTOS/Source/tasks.o
 .debug_abbrev  0x00000000000032b6      0x368 ./Middlewares/Third_Party/FreeRTOS/Source/timers.o
 .debug_abbrev  0x000000000000361e      0x26f ./Middlewares/Third_Party/FreeRTOS/Source/portable/GCC/ARM_CM7/r0p1/port.o
 .debug_abbrev  0x000000000000388d      0x205 ./Middlewares/Third_Party/FreeRTOS/Source/portable/MemMang/heap_4.o

.debug_aranges  0x0000000000000000     0x1528
 .debug_aranges
                0x0000000000000000       0x30 ./Core/Src/freertos.o
 .debug_aranges
                0x0000000000000030       0x20 ./Core/Src/gpio.o
 .debug_aranges
                0x0000000000000050       0x48 ./Core/Src/main.o
 .debug_aranges
                0x0000000000000098       0x20 ./Core/Src/stm32f7xx_hal_msp.o
 .debug_aranges
                0x00000000000000b8       0x30 ./Core/Src/stm32f7xx_hal_timebase_tim.o
 .debug_aranges
                0x00000000000000e8       0x58 ./Core/Src/stm32f7xx_it.o
 .debug_aranges
                0x0000000000000140       0x28 ./Core/Src/system_stm32f7xx.o
 .debug_aranges
                0x0000000000000168       0x30 ./Core/Src/usart.o
 .debug_aranges
                0x0000000000000198       0x28 ./Core/Startup/startup_stm32f767zitx.o
 .debug_aranges
                0x00000000000001c0      0x110 ./Drivers/STM32F7xx_HAL_Driver/Src/stm32f7xx_hal.o
 .debug_aranges
                0x00000000000002d0      0x118 ./Drivers/STM32F7xx_HAL_Driver/Src/stm32f7xx_hal_cortex.o
 .debug_aranges
                0x00000000000003e8       0x90 ./Drivers/STM32F7xx_HAL_Driver/Src/stm32f7xx_hal_dma.o
 .debug_aranges
                0x0000000000000478       0x58 ./Drivers/STM32F7xx_HAL_Driver/Src/stm32f7xx_hal_gpio.o
 .debug_aranges
                0x00000000000004d0       0x80 ./Drivers/STM32F7xx_HAL_Driver/Src/stm32f7xx_hal_pwr_ex.o
 .debug_aranges
                0x0000000000000550       0x88 ./Drivers/STM32F7xx_HAL_Driver/Src/stm32f7xx_hal_rcc.o
 .debug_aranges
                0x00000000000005d8       0x50 ./Drivers/STM32F7xx_HAL_Driver/Src/stm32f7xx_hal_rcc_ex.o
 .debug_aranges
                0x0000000000000628      0x3e0 ./Drivers/STM32F7xx_HAL_Driver/Src/stm32f7xx_hal_tim.o
 .debug_aranges
                0x0000000000000a08      0x180 ./Drivers/STM32F7xx_HAL_Driver/Src/stm32f7xx_hal_tim_ex.o
 .debug_aranges
                0x0000000000000b88      0x230 ./Drivers/STM32F7xx_HAL_Driver/Src/stm32f7xx_hal_uart.o
 .debug_aranges
                0x0000000000000db8      0x228 ./Middlewares/Third_Party/FreeRTOS/Source/CMSIS_RTOS_V2/cmsis_os2.o
 .debug_aranges
                0x0000000000000fe0       0x40 ./Middlewares/Third_Party/FreeRTOS/Source/list.o
 .debug_aranges
                0x0000000000001020      0x158 ./Middlewares/Third_Party/FreeRTOS/Source/queue.o
 .debug_aranges
                0x0000000000001178      0x1f8 ./Middlewares/Third_Party/FreeRTOS/Source/tasks.o
 .debug_aranges
                0x0000000000001370       0xe8 ./Middlewares/Third_Party/FreeRTOS/Source/timers.o
 .debug_aranges
                0x0000000000001458       0x80 ./Middlewares/Third_Party/FreeRTOS/Source/portable/GCC/ARM_CM7/r0p1/port.o
 .debug_aranges
                0x00000000000014d8       0x50 ./Middlewares/Third_Party/FreeRTOS/Source/portable/MemMang/heap_4.o

.debug_rnglists
                0x0000000000000000     0x1078
 .debug_rnglists
                0x0000000000000000       0x20 ./Core/Src/freertos.o
 .debug_rnglists
                0x0000000000000020       0x14 ./Core/Src/gpio.o
 .debug_rnglists
                0x0000000000000034       0x32 ./Core/Src/main.o
 .debug_rnglists
                0x0000000000000066       0x13 ./Core/Src/stm32f7xx_hal_msp.o
 .debug_rnglists
                0x0000000000000079       0x20 ./Core/Src/stm32f7xx_hal_timebase_tim.o
 .debug_rnglists
                0x0000000000000099       0x3d ./Core/Src/stm32f7xx_it.o
 .debug_rnglists
                0x00000000000000d6       0x1a ./Core/Src/system_stm32f7xx.o
 .debug_rnglists
                0x00000000000000f0       0x20 ./Core/Src/usart.o
 .debug_rnglists
                0x0000000000000110       0x19 ./Core/Startup/startup_stm32f767zitx.o
 .debug_rnglists
                0x0000000000000129       0xc7 ./Drivers/STM32F7xx_HAL_Driver/Src/stm32f7xx_hal.o
 .debug_rnglists
                0x00000000000001f0       0xce ./Drivers/STM32F7xx_HAL_Driver/Src/stm32f7xx_hal_cortex.o
 .debug_rnglists
                0x00000000000002be       0x70 ./Drivers/STM32F7xx_HAL_Driver/Src/stm32f7xx_hal_dma.o
 .debug_rnglists
                0x000000000000032e       0x3f ./Drivers/STM32F7xx_HAL_Driver/Src/stm32f7xx_hal_gpio.o
 .debug_rnglists
                0x000000000000036d       0x5f ./Drivers/STM32F7xx_HAL_Driver/Src/stm32f7xx_hal_pwr_ex.o
 .debug_rnglists
                0x00000000000003cc       0x67 ./Drivers/STM32F7xx_HAL_Driver/Src/stm32f7xx_hal_rcc.o
 .debug_rnglists
                0x0000000000000433       0x3c ./Drivers/STM32F7xx_HAL_Driver/Src/stm32f7xx_hal_rcc_ex.o
 .debug_rnglists
                0x000000000000046f      0x328 ./Drivers/STM32F7xx_HAL_Driver/Src/stm32f7xx_hal_tim.o
 .debug_rnglists
                0x0000000000000797      0x138 ./Drivers/STM32F7xx_HAL_Driver/Src/stm32f7xx_hal_tim_ex.o
 .debug_rnglists
                0x00000000000008cf      0x1e0 ./Drivers/STM32F7xx_HAL_Driver/Src/stm32f7xx_hal_uart.o
 .debug_rnglists
                0x0000000000000aaf      0x1b5 ./Middlewares/Third_Party/FreeRTOS/Source/CMSIS_RTOS_V2/cmsis_os2.o
 .debug_rnglists
                0x0000000000000c64       0x2b ./Middlewares/Third_Party/FreeRTOS/Source/list.o
 .debug_rnglists
                0x0000000000000c8f      0x10a ./Middlewares/Third_Party/FreeRTOS/Source/queue.o
 .debug_rnglists
                0x0000000000000d99      0x195 ./Middlewares/Third_Party/FreeRTOS/Source/tasks.o
 .debug_rnglists
                0x0000000000000f2e       0xb2 ./Middlewares/Third_Party/FreeRTOS/Source/timers.o
 .debug_rnglists
                0x0000000000000fe0       0x5d ./Middlewares/Third_Party/FreeRTOS/Source/portable/GCC/ARM_CM7/r0p1/port.o
 .debug_rnglists
                0x000000000000103d       0x3b ./Middlewares/Third_Party/FreeRTOS/Source/portable/MemMang/heap_4.o

.debug_macro    0x0000000000000000    0x29fa7
 .debug_macro   0x0000000000000000      0x319 ./Core/Src/freertos.o
 .debug_macro   0x0000000000000319      0xac0 ./Core/Src/freertos.o
 .debug_macro   0x0000000000000dd9      0x174 ./Core/Src/freertos.o
 .debug_macro   0x0000000000000f4d       0x22 ./Core/Src/freertos.o
 .debug_macro   0x0000000000000f6f       0x8e ./Core/Src/freertos.o
 .debug_macro   0x0000000000000ffd       0x51 ./Core/Src/freertos.o
 .debug_macro   0x000000000000104e      0x103 ./Core/Src/freertos.o
 .debug_macro   0x0000000000001151       0x6a ./Core/Src/freertos.o
 .debug_macro   0x00000000000011bb      0x1df ./Core/Src/freertos.o
 .debug_macro   0x000000000000139a      0x13d ./Core/Src/freertos.o
 .debug_macro   0x00000000000014d7      0x15a ./Core/Src/freertos.o
 .debug_macro   0x0000000000001631       0xc9 ./Core/Src/freertos.o
 .debug_macro   0x00000000000016fa       0x1c ./Core/Src/freertos.o
 .debug_macro   0x0000000000001716       0x26 ./Core/Src/freertos.o
 .debug_macro   0x000000000000173c       0x61 ./Core/Src/freertos.o
 .debug_macro   0x000000000000179d       0x29 ./Core/Src/freertos.o
 .debug_macro   0x00000000000017c6       0x43 ./Core/Src/freertos.o
 .debug_macro   0x0000000000001809       0x34 ./Core/Src/freertos.o
 .debug_macro   0x000000000000183d       0x16 ./Core/Src/freertos.o
 .debug_macro   0x0000000000001853       0x43 ./Core/Src/freertos.o
 .debug_macro   0x0000000000001896       0x34 ./Core/Src/freertos.o
 .debug_macro   0x00000000000018ca       0x10 ./Core/Src/freertos.o
 .debug_macro   0x00000000000018da       0x58 ./Core/Src/freertos.o
 .debug_macro   0x0000000000001932       0x8e ./Core/Src/freertos.o
 .debug_macro   0x00000000000019c0       0x1c ./Core/Src/freertos.o
 .debug_macro   0x00000000000019dc      0x177 ./Core/Src/freertos.o
 .debug_macro   0x0000000000001b53       0x10 ./Core/Src/freertos.o
 .debug_macro   0x0000000000001b63       0x35 ./Core/Src/freertos.o
 .debug_macro   0x0000000000001b98      0x4aa ./Core/Src/freertos.o
 .debug_macro   0x0000000000002042       0xb5 ./Core/Src/freertos.o
 .debug_macro   0x00000000000020f7       0xaa ./Core/Src/freertos.o
 .debug_macro   0x00000000000021a1      0x293 ./Core/Src/freertos.o
 .debug_macro   0x0000000000002434       0x2e ./Core/Src/freertos.o
 .debug_macro   0x0000000000002462       0x3b ./Core/Src/freertos.o
 .debug_macro   0x000000000000249d       0x1c ./Core/Src/freertos.o
 .debug_macro   0x00000000000024b9       0x22 ./Core/Src/freertos.o
 .debug_macro   0x00000000000024db       0xd9 ./Core/Src/freertos.o
 .debug_macro   0x00000000000025b4     0x12cd ./Core/Src/freertos.o
 .debug_macro   0x0000000000003881      0x11f ./Core/Src/freertos.o
 .debug_macro   0x00000000000039a0       0x19 ./Core/Src/freertos.o
 .debug_macro   0x00000000000039b9    0x1aa0d ./Core/Src/freertos.o
 .debug_macro   0x000000000001e3c6       0x6d ./Core/Src/freertos.o
 .debug_macro   0x000000000001e433     0x3749 ./Core/Src/freertos.o
 .debug_macro   0x0000000000021b7c       0x63 ./Core/Src/freertos.o
 .debug_macro   0x0000000000021bdf     0x1add ./Core/Src/freertos.o
 .debug_macro   0x00000000000236bc      0x6c4 ./Core/Src/freertos.o
 .debug_macro   0x0000000000023d80      0x18b ./Core/Src/freertos.o
 .debug_macro   0x0000000000023f0b      0x115 ./Core/Src/freertos.o
 .debug_macro   0x0000000000024020      0x26e ./Core/Src/freertos.o
 .debug_macro   0x000000000002428e       0xa5 ./Core/Src/freertos.o
 .debug_macro   0x0000000000024333      0x24f ./Core/Src/freertos.o
 .debug_macro   0x0000000000024582       0x71 ./Core/Src/freertos.o
 .debug_macro   0x00000000000245f3       0x58 ./Core/Src/freertos.o
 .debug_macro   0x000000000002464b      0x236 ./Core/Src/freertos.o
 .debug_macro   0x0000000000024881      0x14e ./Core/Src/freertos.o
 .debug_macro   0x00000000000249cf      0x3db ./Core/Src/freertos.o
 .debug_macro   0x0000000000024daa       0x12 ./Core/Src/freertos.o
 .debug_macro   0x0000000000024dbc      0x22c ./Core/Src/freertos.o
 .debug_macro   0x0000000000024fe8       0x61 ./Core/Src/freertos.o
 .debug_macro   0x0000000000025049       0xa5 ./Core/Src/freertos.o
 .debug_macro   0x00000000000250ee      0x12e ./Core/Src/freertos.o
 .debug_macro   0x000000000002521c      0x108 ./Core/Src/freertos.o
 .debug_macro   0x0000000000025324       0x35 ./Core/Src/freertos.o
 .debug_macro   0x0000000000025359      0xa8a ./Core/Src/freertos.o
 .debug_macro   0x0000000000025de3       0xa9 ./Core/Src/freertos.o
 .debug_macro   0x0000000000025e8c      0x5ba ./Core/Src/freertos.o
 .debug_macro   0x0000000000026446       0x44 ./Core/Src/freertos.o
 .debug_macro   0x000000000002648a      0x15b ./Core/Src/freertos.o
 .debug_macro   0x00000000000265e5      0x178 ./Core/Src/freertos.o
 .debug_macro   0x000000000002675d       0x6c ./Core/Src/freertos.o
 .debug_macro   0x00000000000267c9       0x74 ./Core/Src/freertos.o
 .debug_macro   0x000000000002683d       0xdd ./Core/Src/freertos.o
 .debug_macro   0x000000000002691a      0x1fc ./Core/Src/gpio.o
 .debug_macro   0x0000000000026b16      0x337 ./Core/Src/main.o
 .debug_macro   0x0000000000026e4d      0x13d ./Core/Src/main.o
 .debug_macro   0x0000000000026f8a       0x66 ./Core/Src/main.o
 .debug_macro   0x0000000000026ff0      0x1f2 ./Core/Src/stm32f7xx_hal_msp.o
 .debug_macro   0x00000000000271e2      0x1e3 ./Core/Src/stm32f7xx_hal_timebase_tim.o
 .debug_macro   0x00000000000273c5      0x1fc ./Core/Src/stm32f7xx_it.o
 .debug_macro   0x00000000000275c1      0x1e3 ./Core/Src/system_stm32f7xx.o
 .debug_macro   0x00000000000277a4      0x1fc ./Core/Src/usart.o
 .debug_macro   0x00000000000279a0      0x207 ./Drivers/STM32F7xx_HAL_Driver/Src/stm32f7xx_hal.o
 .debug_macro   0x0000000000027ba7      0x1e3 ./Drivers/STM32F7xx_HAL_Driver/Src/stm32f7xx_hal_cortex.o
 .debug_macro   0x0000000000027d8a      0x1e9 ./Drivers/STM32F7xx_HAL_Driver/Src/stm32f7xx_hal_dma.o
 .debug_macro   0x0000000000027f73      0x1e9 ./Drivers/STM32F7xx_HAL_Driver/Src/stm32f7xx_hal_gpio.o
 .debug_macro   0x000000000002815c      0x1fb ./Drivers/STM32F7xx_HAL_Driver/Src/stm32f7xx_hal_pwr_ex.o
 .debug_macro   0x0000000000028357      0x207 ./Drivers/STM32F7xx_HAL_Driver/Src/stm32f7xx_hal_rcc.o
 .debug_macro   0x000000000002855e      0x1e3 ./Drivers/STM32F7xx_HAL_Driver/Src/stm32f7xx_hal_rcc_ex.o
 .debug_macro   0x0000000000028741      0x1e4 ./Drivers/STM32F7xx_HAL_Driver/Src/stm32f7xx_hal_tim.o
 .debug_macro   0x0000000000028925      0x1e3 ./Drivers/STM32F7xx_HAL_Driver/Src/stm32f7xx_hal_tim_ex.o
 .debug_macro   0x0000000000028b08      0x200 ./Drivers/STM32F7xx_HAL_Driver/Src/stm32f7xx_hal_uart.o
 .debug_macro   0x0000000000028d08      0x259 ./Middlewares/Third_Party/FreeRTOS/Source/CMSIS_RTOS_V2/cmsis_os2.o
 .debug_macro   0x0000000000028f61       0x10 ./Middlewares/Third_Party/FreeRTOS/Source/CMSIS_RTOS_V2/cmsis_os2.o
 .debug_macro   0x0000000000028f71       0x20 ./Middlewares/Third_Party/FreeRTOS/Source/CMSIS_RTOS_V2/cmsis_os2.o
 .debug_macro   0x0000000000028f91       0x10 ./Middlewares/Third_Party/FreeRTOS/Source/CMSIS_RTOS_V2/cmsis_os2.o
 .debug_macro   0x0000000000028fa1       0xd3 ./Middlewares/Third_Party/FreeRTOS/Source/CMSIS_RTOS_V2/cmsis_os2.o
 .debug_macro   0x0000000000029074       0x16 ./Middlewares/Third_Party/FreeRTOS/Source/CMSIS_RTOS_V2/cmsis_os2.o
 .debug_macro   0x000000000002908a       0x91 ./Middlewares/Third_Party/FreeRTOS/Source/CMSIS_RTOS_V2/cmsis_os2.o
 .debug_macro   0x000000000002911b       0x8d ./Middlewares/Third_Party/FreeRTOS/Source/CMSIS_RTOS_V2/cmsis_os2.o
 .debug_macro   0x00000000000291a8       0x9a ./Middlewares/Third_Party/FreeRTOS/Source/CMSIS_RTOS_V2/cmsis_os2.o
 .debug_macro   0x0000000000029242      0x199 ./Middlewares/Third_Party/FreeRTOS/Source/list.o
 .debug_macro   0x00000000000293db      0x228 ./Middlewares/Third_Party/FreeRTOS/Source/queue.o
 .debug_macro   0x0000000000029603       0x16 ./Middlewares/Third_Party/FreeRTOS/Source/queue.o
 .debug_macro   0x0000000000029619       0x87 ./Middlewares/Third_Party/FreeRTOS/Source/queue.o