21:57:41 **** Incremental Build of configuration Debug for project FreeRTOS_WiFi_v2 ****
make -j12 all 
arm-none-eabi-gcc "../Core/Src/freertos.c" -mcpu=cortex-m7 -std=gnu11 -g3 -DDEBUG -DUSE_HAL_DRIVER -DSTM32F767xx -c -I../Core/Inc -I../Drivers/STM32F7xx_HAL_Driver/Inc -I../Drivers/STM32F7xx_HAL_Driver/Inc/Legacy -I../Drivers/CMSIS/Device/ST/STM32F7xx/Include -I../Drivers/CMSIS/Include -I../Middlewares/Third_Party/FreeRTOS/Source/include -I../Middlewares/Third_Party/FreeRTOS/Source/portable/GCC/ARM_CM7/r0p1 -I../Middlewares/Third_Party/FreeRTOS/Source/CMSIS_RTOS -O0 -ffunction-sections -fdata-sections -Wall -fstack-usage -fcyclomatic-complexity -MMD -MP -MF"Core/Src/freertos.d" -MT"Core/Src/freertos.o" --specs=nano.specs -mfpu=fpv5-d16 -mfloat-abi=hard -mthumb -o "Core/Src/freertos.o"
arm-none-eabi-gcc -o "FreeRTOS_WiFi_v2.elf" @"objects.list"   -mcpu=cortex-m7 -T"D:\Projects\GitHub\S-car-lett-A1-Firmware\STM32CubeIDE\STM32 Nucleo F767ZI\FreeRTOS_WiFi_v2\STM32F767ZITX_FLASH.ld" --specs=nosys.specs -Wl,-Map="FreeRTOS_WiFi_v2.map" -Wl,--gc-sections -static --specs=nano.specs -mfpu=fpv5-d16 -mfloat-abi=hard -mthumb -Wl,--start-group -lc -lm -Wl,--end-group
Finished building target: FreeRTOS_WiFi_v2.elf
 
arm-none-eabi-size   FreeRTOS_WiFi_v2.elf 
arm-none-eabi-objdump -h -S  FreeRTOS_WiFi_v2.elf  > "FreeRTOS_WiFi_v2.list"
   text	   data	    bss	    dec	    hex	filename
  43188	    116	  20724	  64028	   fa1c	FreeRTOS_WiFi_v2.elf
Finished building: default.size.stdout
 
Finished building: FreeRTOS_WiFi_v2.list
 
21:58:45 **** Incremental Build of configuration Debug for project FreeRTOS_WiFi_v2 ****
make -j12 all 
arm-none-eabi-size   FreeRTOS_WiFi_v2.elf 
   text	   data	    bss	    dec	    hex	filename
  43188	    116	  20724	  64028	   fa1c	FreeRTOS_WiFi_v2.elf
Finished building: default.size.stdout
 
21:59:25 **** Incremental Build of configuration Debug for project FreeRTOS_WiFi_v2 ****
make -j12 all 
arm-none-eabi-size   FreeRTOS_WiFi_v2.elf 
   text	   data	    bss	    dec	    hex	filename
  43188	    116	  20724	  64028	   fa1c	FreeRTOS_WiFi_v2.elf
Finished building: default.size.stdout
 
22:05:01 **** Incremental Build of configuration Debug for project FreeRTOS_WiFi_v2 ****
make -j12 all 
arm-none-eabi-size   FreeRTOS_WiFi_v2.elf 
   text	   data	    bss	    dec	    hex	filename
  43188	    116	  20724	  64028	   fa1c	FreeRTOS_WiFi_v2.elf
Finished building: default.size.stdout
 
22:06:36 **** Incremental Build of configuration Debug for project FreeRTOS_WiFi_v2 ****
make -j12 all 
arm-none-eabi-size   FreeRTOS_WiFi_v2.elf 
   text	   data	    bss	    dec	    hex	filename
  43188	    116	  20724	  64028	   fa1c	FreeRTOS_WiFi_v2.elf
Finished building: default.size.stdout
 
22:17:01 **** Incremental Build of configuration Debug for project FreeRTOS_WiFi_v2 ****
make -j12 all 
arm-none-eabi-size   FreeRTOS_WiFi_v2.elf 
   text	   data	    bss	    dec	    hex	filename
  43188	    116	  20724	  64028	   fa1c	FreeRTOS_WiFi_v2.elf
Finished building: default.size.stdout
 
22:27:47 **** Build of configuration Debug for project FreeRTOS_WiFi ****
make -j12 all 
arm-none-eabi-size   FreeRTOS_WiFi.elf 
   text	   data	    bss	    dec	    hex	filename
  48232	    436	  22396	  71064	  11598	FreeRTOS_WiFi.elf
Finished building: default.size.stdout
 
22:30:53 **** Incremental Build of configuration Debug for project FreeRTOS_WiFi ****
make -j12 all 
arm-none-eabi-gcc "../Core/Src/Wifi.c" -mcpu=cortex-m7 -std=gnu11 -g3 -DDEBUG -DUSE_HAL_DRIVER -DSTM32F767xx -c -I../Core/Inc -I../Drivers/STM32F7xx_HAL_Driver/Inc -I../Drivers/STM32F7xx_HAL_Driver/Inc/Legacy -I../Drivers/CMSIS/Device/ST/STM32F7xx/Include -I../Drivers/CMSIS/Include -I../Middlewares/Third_Party/FreeRTOS/Source/include -I../Middlewares/Third_Party/FreeRTOS/Source/portable/GCC/ARM_CM7/r0p1 -I../Middlewares/Third_Party/FreeRTOS/Source/CMSIS_RTOS -O0 -ffunction-sections -fdata-sections -Wall -fstack-usage -fcyclomatic-complexity -MMD -MP -MF"Core/Src/Wifi.d" -MT"Core/Src/Wifi.o" --specs=nano.specs -mfpu=fpv5-d16 -mfloat-abi=hard -mthumb -o "Core/Src/Wifi.o"
arm-none-eabi-gcc "../Core/Src/WifiUser.c" -mcpu=cortex-m7 -std=gnu11 -g3 -DDEBUG -DUSE_HAL_DRIVER -DSTM32F767xx -c -I../Core/Inc -I../Drivers/STM32F7xx_HAL_Driver/Inc -I../Drivers/STM32F7xx_HAL_Driver/Inc/Legacy -I../Drivers/CMSIS/Device/ST/STM32F7xx/Include -I../Drivers/CMSIS/Include -I../Middlewares/Third_Party/FreeRTOS/Source/include -I../Middlewares/Third_Party/FreeRTOS/Source/portable/GCC/ARM_CM7/r0p1 -I../Middlewares/Third_Party/FreeRTOS/Source/CMSIS_RTOS -O0 -ffunction-sections -fdata-sections -Wall -fstack-usage -fcyclomatic-complexity -MMD -MP -MF"Core/Src/WifiUser.d" -MT"Core/Src/WifiUser.o" --specs=nano.specs -mfpu=fpv5-d16 -mfloat-abi=hard -mthumb -o "Core/Src/WifiUser.o"
arm-none-eabi-gcc "../Core/Src/stm32f7xx_it.c" -mcpu=cortex-m7 -std=gnu11 -g3 -DDEBUG -DUSE_HAL_DRIVER -DSTM32F767xx -c -I../Core/Inc -I../Drivers/STM32F7xx_HAL_Driver/Inc -I../Drivers/STM32F7xx_HAL_Driver/Inc/Legacy -I../Drivers/CMSIS/Device/ST/STM32F7xx/Include -I../Drivers/CMSIS/Include -I../Middlewares/Third_Party/FreeRTOS/Source/include -I../Middlewares/Third_Party/FreeRTOS/Source/portable/GCC/ARM_CM7/r0p1 -I../Middlewares/Third_Party/FreeRTOS/Source/CMSIS_RTOS -O0 -ffunction-sections -fdata-sections -Wall -fstack-usage -fcyclomatic-complexity -MMD -MP -MF"Core/Src/stm32f7xx_it.d" -MT"Core/Src/stm32f7xx_it.o" --specs=nano.specs -mfpu=fpv5-d16 -mfloat-abi=hard -mthumb -o "Core/Src/stm32f7xx_it.o"
../Core/Src/stm32f7xx_it.c: In function 'USART1_IRQHandler':
../Core/Src/stm32f7xx_it.c:170:9: warning: implicit declaration of function 'Wifi_RxCallBack' [-Wimplicit-function-declaration]
  170 |         Wifi_RxCallBack();
      |         ^~~~~~~~~~~~~~~
../Core/Src/Wifi.c: In function 'Wifi_TcpIp_SendDataTcp':
../Core/Src/Wifi.c:1010:17: warning: this 'if' clause does not guard... [-Wmisleading-indentation]
 1010 |                 if(Wifi_WaitForString(_WIFI_WAIT_TIME_LOW,&result,2,"OK","ERROR")==false)
      |                 ^~
../Core/Src/Wifi.c:1012:25: note: ...this statement, but the latter is misleadingly indented as if it were guarded by the 'if'
 1012 |                         if(Wifi_WaitForString(_WIFI_WAIT_TIME_LOW,&result,3,">","ERROR","busy")==false)
      |                         ^~
arm-none-eabi-gcc -o "FreeRTOS_WiFi.elf" @"objects.list"   -mcpu=cortex-m7 -T"D:\Projects\GitHub\S-car-lett-A1-Firmware\STM32CubeIDE\STM32 Nucleo F767ZI\FreeRTOS_WiFi\STM32F767ZITX_FLASH.ld" --specs=nosys.specs -Wl,-Map="FreeRTOS_WiFi.map" -Wl,--gc-sections -static --specs=nano.specs -mfpu=fpv5-d16 -mfloat-abi=hard -mthumb -Wl,--start-group -lc -lm -Wl,--end-group
Finished building target: FreeRTOS_WiFi.elf
 
arm-none-eabi-size   FreeRTOS_WiFi.elf 
arm-none-eabi-objdump -h -S  FreeRTOS_WiFi.elf  > "FreeRTOS_WiFi.list"
   text	   data	    bss	    dec	    hex	filename
  48240	    436	  22396	  71072	  115a0	FreeRTOS_WiFi.elf
Finished building: default.size.stdout
 
Finished building: FreeRTOS_WiFi.list
 
22:31:31 **** Incremental Build of configuration Debug for project FreeRTOS_WiFi ****
make -j12 all 
arm-none-eabi-gcc "../Core/Src/stm32f7xx_it.c" -mcpu=cortex-m7 -std=gnu11 -g3 -DDEBUG -DUSE_HAL_DRIVER -DSTM32F767xx -c -I../Core/Inc -I../Drivers/STM32F7xx_HAL_Driver/Inc -I../Drivers/STM32F7xx_HAL_Driver/Inc/Legacy -I../Drivers/CMSIS/Device/ST/STM32F7xx/Include -I../Drivers/CMSIS/Include -I../Middlewares/Third_Party/FreeRTOS/Source/include -I../Middlewares/Third_Party/FreeRTOS/Source/portable/GCC/ARM_CM7/r0p1 -I../Middlewares/Third_Party/FreeRTOS/Source/CMSIS_RTOS -O0 -ffunction-sections -fdata-sections -Wall -fstack-usage -fcyclomatic-complexity -MMD -MP -MF"Core/Src/stm32f7xx_it.d" -MT"Core/Src/stm32f7xx_it.o" --specs=nano.specs -mfpu=fpv5-d16 -mfloat-abi=hard -mthumb -o "Core/Src/stm32f7xx_it.o"
arm-none-eabi-gcc -o "FreeRTOS_WiFi.elf" @"objects.list"   -mcpu=cortex-m7 -T"D:\Projects\GitHub\S-car-lett-A1-Firmware\STM32CubeIDE\STM32 Nucleo F767ZI\FreeRTOS_WiFi\STM32F767ZITX_FLASH.ld" --specs=nosys.specs -Wl,-Map="FreeRTOS_WiFi.map" -Wl,--gc-sections -static --specs=nano.specs -mfpu=fpv5-d16 -mfloat-abi=hard -mthumb -Wl,--start-group -lc -lm -Wl,--end-group
Finished building target: FreeRTOS_WiFi.elf
 
arm-none-eabi-size   FreeRTOS_WiFi.elf 
arm-none-eabi-objdump -h -S  FreeRTOS_WiFi.elf  > "FreeRTOS_WiFi.list"
   text	   data	    bss	    dec	    hex	filename
  48240	    436	  22396	  71072	  115a0	FreeRTOS_WiFi.elf
Finished building: default.size.stdout
 
Finished building: FreeRTOS_WiFi.list
 
22:32:10 **** Incremental Build of configuration Debug for project FreeRTOS_WiFi ****
make -j12 all 
arm-none-eabi-size   FreeRTOS_WiFi.elf 
   text	   data	    bss	    dec	    hex	filename
  48240	    436	  22396	  71072	  115a0	FreeRTOS_WiFi.elf
Finished building: default.size.stdout
 
22:32:58 **** Incremental Build of configuration Debug for project FreeRTOS_WiFi ****
make -j12 all 
arm-none-eabi-size   FreeRTOS_WiFi.elf 
   text	   data	    bss	    dec	    hex	filename
  48240	    436	  22396	  71072	  115a0	FreeRTOS_WiFi.elf
Finished building: default.size.stdout
 
22:37:26 **** Incremental Build of configuration Debug for project FreeRTOS_WiFi ****
make -j12 all 
arm-none-eabi-size   FreeRTOS_WiFi.elf 
   text	   data	    bss	    dec	    hex	filename
  48240	    436	  22396	  71072	  115a0	FreeRTOS_WiFi.elf
Finished building: default.size.stdout
 
