14:01:07 **** Build of configuration Debug for project FreeRTOS_lab_task ****
make -j12 all 
arm-none-eabi-gcc -o "FreeRTOS_lab_task.elf" @"objects.list"   -mcpu=cortex-m7 -T"D:\Projects\GitHub\S-car-lett-A1-Firmware\STM32CubeIDE\STM32 Nucleo F767ZI\FreeRTOS_lab_task\STM32F767ZITX_FLASH.ld" --specs=nosys.specs -Wl,-Map="FreeRTOS_lab_task.map" -Wl,--gc-sections -static --specs=nano.specs -mfpu=fpv5-d16 -mfloat-abi=hard -mthumb -Wl,--start-group -lc -lm -Wl,--end-group
Finished building target: FreeRTOS_lab_task.elf
 
arm-none-eabi-size   FreeRTOS_lab_task.elf 
arm-none-eabi-objdump -h -S  FreeRTOS_lab_task.elf  > "FreeRTOS_lab_task.list"
   text	   data	    bss	    dec	    hex	filename
  20360	    104	  20904	  41368	   a198	FreeRTOS_lab_task.elf
Finished building: default.size.stdout
 
Finished building: FreeRTOS_lab_task.list
 
14:05:30 **** Incremental Build of configuration Debug for project FreeRTOS_lab_task ****
make -j12 all 
arm-none-eabi-size   FreeRTOS_lab_task.elf 
   text	   data	    bss	    dec	    hex	filename
  20360	    104	  20904	  41368	   a198	FreeRTOS_lab_task.elf
Finished building: default.size.stdout
 
