../Core/Src/freertos.c:211:6:MX_FREERTOS_Init	8	static
../Core/Src/freertos.c:298:6:StartOLEDTask	24	static
../Core/Src/freertos.c:370:6:StartDispatcherTask	16	static
../Core/Src/freertos.c:426:6:StartStopTask	16	static
../Core/Src/freertos.c:455:6:StartDrivingLightsTask	16	static
../Core/Src/freertos.c:474:6:StartLEDStripesTask	112	dynamic
../Core/Src/freertos.c:571:6:StartLeftBlinkersTask	24	static
../Core/Src/freertos.c:594:6:StartRightBlinkersTask	24	static
../Core/Src/freertos.c:617:6:StartParkLeftTask	16	static
../Core/Src/freertos.c:635:6:StartParkRightTask	16	static
../Core/Src/freertos.c:653:6:StartAccelerateTask	16	static
../Core/Src/freertos.c:697:6:StartDecelerateTask	16	static
../Core/Src/freertos.c:743:6:StartTurnLeftTask	16	static
../Core/Src/freertos.c:772:6:StartTurnRightTask	16	static
../Core/Src/freertos.c:800:6:StartConnectionTask	16	static
../Core/Src/freertos.c:818:6:StartBrakeLightsTask	16	static
../Core/Src/freertos.c:840:6:StartWithdrawLightsTask	16	static
