../Core/Inc/commonVariables.h:49:6:setStripesEffect	16	static
../Core/Src/freertos.c:190:6:MX_FREERTOS_Init	8	static
../Core/Src/freertos.c:271:6:StartOLEDTask	24	static
../Core/Src/freertos.c:310:6:StartDispatcherTask	16	static
../Core/Src/freertos.c:366:6:StartStopTask	16	static
../Core/Src/freertos.c:384:6:StartDrivingLightsTask	16	static
../Core/Src/freertos.c:403:6:StartLEDStripesTask	120	dynamic
../Core/Src/freertos.c:491:6:StartLeftBlinkersTask	24	static
../Core/Src/freertos.c:514:6:StartRightBlinkersTask	24	static
../Core/Src/freertos.c:537:6:StartParkLeftTask	16	static
../Core/Src/freertos.c:555:6:StartParkRightTask	16	static
../Core/Src/freertos.c:573:6:StartAccelerateTask	16	static
../Core/Src/freertos.c:591:6:StartDecelerateTask	16	static
../Core/Src/freertos.c:612:6:StartTurnLeftTask	16	static
../Core/Src/freertos.c:630:6:StartTurnRightTask	16	static
../Core/Src/freertos.c:648:6:StartConnectionTask	16	static
