../Core/Src/freertos.c:222:6:MX_FREERTOS_Init	8	static
../Core/Src/freertos.c:309:6:StartOLEDTask	24	static
../Core/Src/freertos.c:381:6:StartDispatcherTask	16	static
../Core/Src/freertos.c:437:6:StartStopTask	16	static
../Core/Src/freertos.c:455:6:StartDrivingLightsTask	16	static
../Core/Src/freertos.c:474:6:StartLEDStripesTask	112	dynamic
../Core/Src/freertos.c:560:6:StartLeftBlinkersTask	24	static
../Core/Src/freertos.c:583:6:StartRightBlinkersTask	24	static
../Core/Src/freertos.c:606:6:StartParkLeftTask	16	static
../Core/Src/freertos.c:624:6:StartParkRightTask	16	static
../Core/Src/freertos.c:642:6:StartAccelerateTask	16	static
../Core/Src/freertos.c:673:6:StartDecelerateTask	16	static
../Core/Src/freertos.c:706:6:StartTurnLeftTask	16	static
../Core/Src/freertos.c:724:6:StartTurnRightTask	16	static
../Core/Src/freertos.c:742:6:StartConnectionTask	16	static
../Core/Src/freertos.c:760:6:StartBrakeLightsTask	16	static
../Core/Src/freertos.c:782:6:StartWithdrawLightsTask	16	static
