../Core/Src/freertos.c:222:6:MX_FREERTOS_Init	8	static
../Core/Src/freertos.c:316:6:StartOLEDTask	24	static
../Core/Src/freertos.c:388:6:StartDispatcherTask	16	static
../Core/Src/freertos.c:444:6:StartStopTask	16	static
../Core/Src/freertos.c:495:6:StartDrivingLightsTask	16	static
../Core/Src/freertos.c:521:6:StartLEDStripesTask	112	dynamic
../Core/Src/freertos.c:617:6:StartLeftBlinkersTask	24	static
../Core/Src/freertos.c:646:6:StartRightBlinkersTask	24	static
../Core/Src/freertos.c:675:6:StartParkLeftTask	16	static
../Core/Src/freertos.c:700:6:StartParkRightTask	16	static
../Core/Src/freertos.c:725:6:StartAccelerateTask	16	static
../Core/Src/freertos.c:762:6:StartDecelerateTask	16	static
../Core/Src/freertos.c:801:6:StartTurnLeftTask	16	static
../Core/Src/freertos.c:833:6:StartTurnRightTask	16	static
../Core/Src/freertos.c:865:6:StartConnectionTask	16	static
../Core/Src/freertos.c:888:6:StartBrakeLightsTask	16	static
../Core/Src/freertos.c:911:6:StartWithdrawLightsTask	16	static
../Core/Src/freertos.c:936:6:StartResumeFromStopTask	16	static
../Core/Src/freertos.c:960:6:CallbackConnectionTaskTimer	16	static
