../Core/Src/freertos.c:194:6:MX_FREERTOS_Init	8	static
../Core/Src/freertos.c:275:6:StartOLEDTask	24	static
../Core/Src/freertos.c:347:6:StartDispatcherTask	16	static
../Core/Src/freertos.c:403:6:StartStopTask	16	static
../Core/Src/freertos.c:421:6:StartDrivingLightsTask	16	static
../Core/Src/freertos.c:440:6:StartLEDStripesTask	120	dynamic
../Core/Src/freertos.c:528:6:StartLeftBlinkersTask	24	static
../Core/Src/freertos.c:551:6:StartRightBlinkersTask	24	static
../Core/Src/freertos.c:574:6:StartParkLeftTask	16	static
../Core/Src/freertos.c:592:6:StartParkRightTask	16	static
../Core/Src/freertos.c:610:6:StartAccelerateTask	16	static
../Core/Src/freertos.c:628:6:StartDecelerateTask	16	static
../Core/Src/freertos.c:649:6:StartTurnLeftTask	16	static
../Core/Src/freertos.c:667:6:StartTurnRightTask	16	static
../Core/Src/freertos.c:685:6:StartConnectionTask	16	static
