../Core/Src/freertos.c:221:6:MX_FREERTOS_Init	8	static
../Core/Src/freertos.c:315:6:StartOLEDTask	24	static
../Core/Src/freertos.c:385:6:StartDispatcherTask	16	static
../Core/Src/freertos.c:441:6:StartStopTask	16	static
../Core/Src/freertos.c:489:6:StartDrivingLightsTask	16	static
../Core/Src/freertos.c:520:6:StartLEDStripesTask	112	dynamic
../Core/Src/freertos.c:621:6:StartLeftBlinkersTask	24	static
../Core/Src/freertos.c:655:6:StartRightBlinkersTask	24	static
../Core/Src/freertos.c:689:6:StartParkLeftTask	16	static
../Core/Src/freertos.c:720:6:StartParkRightTask	16	static
../Core/Src/freertos.c:751:6:StartAccelerateTask	16	static
../Core/Src/freertos.c:793:6:StartDecelerateTask	16	static
../Core/Src/freertos.c:837:6:StartTurnLeftTask	16	static
../Core/Src/freertos.c:873:6:StartTurnRightTask	16	static
../Core/Src/freertos.c:909:6:StartConnectionTask	16	static
../Core/Src/freertos.c:932:6:StartBrakeLightsTask	16	static
../Core/Src/freertos.c:955:6:StartWithdrawLightsTask	16	static
../Core/Src/freertos.c:980:6:StartResumeFromStopTask	16	static
../Core/Src/freertos.c:1004:6:CallbackConnectionTaskTimer	16	static
