../Core/Src/freertos.c:186:6:MX_FREERTOS_Init	8	static
../Core/Src/freertos.c:267:6:StartOLEDTask	24	static
../Core/Src/freertos.c:306:6:StartDispatcherTask	16	static
../Core/Src/freertos.c:363:6:StartStopTask	16	static
../Core/Src/freertos.c:381:6:StartDrivingLightsTask	16	static
../Core/Src/freertos.c:400:6:StartLEDStripeTask	16	static
../Core/Src/freertos.c:418:6:StartLeftBlinkersTask	24	static
../Core/Src/freertos.c:441:6:StartRightBlinkersTask	24	static
../Core/Src/freertos.c:464:6:StartParkLeftTask	16	static
../Core/Src/freertos.c:482:6:StartParkRightTask	16	static
../Core/Src/freertos.c:500:6:StartAccelerateTask	16	static
../Core/Src/freertos.c:518:6:StartDecelerateTask	16	static
../Core/Src/freertos.c:539:6:StartTurnLeftTask	16	static
../Core/Src/freertos.c:557:6:StartTurnRightTask	16	static
../Core/Src/freertos.c:575:6:StartConnectionTask	16	static
