../Core/Src/freertos.c:193:6:MX_FREERTOS_Init	8	static
../Core/Src/freertos.c:274:6:StartOLEDTask	24	static
../Core/Src/freertos.c:313:6:StartDispatcherTask	16	static
../Core/Src/freertos.c:369:6:StartStopTask	16	static
../Core/Src/freertos.c:387:6:StartDrivingLightsTask	16	static
../Core/Src/freertos.c:406:6:StartLEDStripesTask	120	dynamic
../Core/Src/freertos.c:494:6:StartLeftBlinkersTask	24	static
../Core/Src/freertos.c:517:6:StartRightBlinkersTask	24	static
../Core/Src/freertos.c:540:6:StartParkLeftTask	16	static
../Core/Src/freertos.c:558:6:StartParkRightTask	16	static
../Core/Src/freertos.c:576:6:StartAccelerateTask	16	static
../Core/Src/freertos.c:594:6:StartDecelerateTask	16	static
../Core/Src/freertos.c:615:6:StartTurnLeftTask	16	static
../Core/Src/freertos.c:633:6:StartTurnRightTask	16	static
../Core/Src/freertos.c:651:6:StartConnectionTask	16	static
