../Core/Src/freertos.c:189:6:MX_FREERTOS_Init	8	static
../Core/Src/freertos.c:270:6:StartOLEDTask	24	static
../Core/Src/freertos.c:309:6:StartDispatcherTask	16	static
../Core/Src/freertos.c:365:6:StartStopTask	16	static
../Core/Src/freertos.c:383:6:StartDrivingLightsTask	16	static
../Core/Src/freertos.c:402:6:StartLEDStripesTask	112	dynamic
../Core/Src/freertos.c:468:6:StartLeftBlinkersTask	24	static
../Core/Src/freertos.c:491:6:StartRightBlinkersTask	24	static
../Core/Src/freertos.c:514:6:StartParkLeftTask	16	static
../Core/Src/freertos.c:532:6:StartParkRightTask	16	static
../Core/Src/freertos.c:550:6:StartAccelerateTask	16	static
../Core/Src/freertos.c:568:6:StartDecelerateTask	16	static
../Core/Src/freertos.c:589:6:StartTurnLeftTask	16	static
../Core/Src/freertos.c:607:6:StartTurnRightTask	16	static
../Core/Src/freertos.c:625:6:StartConnectionTask	16	static
