../Core/Src/freertos.c:220:6:MX_FREERTOS_Init	8	static
../Core/Src/freertos.c:314:6:StartOLEDTask	24	static
../Core/Src/freertos.c:386:6:StartDispatcherTask	16	static
../Core/Src/freertos.c:442:6:StartStopTask	16	static
../Core/Src/freertos.c:471:6:StartDrivingLightsTask	16	static
../Core/Src/freertos.c:490:6:StartLEDStripesTask	112	dynamic
../Core/Src/freertos.c:587:6:StartLeftBlinkersTask	24	static
../Core/Src/freertos.c:610:6:StartRightBlinkersTask	24	static
../Core/Src/freertos.c:633:6:StartParkLeftTask	16	static
../Core/Src/freertos.c:651:6:StartParkRightTask	16	static
../Core/Src/freertos.c:669:6:StartAccelerateTask	16	static
../Core/Src/freertos.c:713:6:StartDecelerateTask	16	static
../Core/Src/freertos.c:759:6:StartTurnLeftTask	16	static
../Core/Src/freertos.c:788:6:StartTurnRightTask	16	static
../Core/Src/freertos.c:817:6:StartConnectionTask	16	static
../Core/Src/freertos.c:835:6:StartBrakeLightsTask	16	static
../Core/Src/freertos.c:857:6:StartWithdrawLightsTask	16	static
../Core/Src/freertos.c:875:6:turnLeftTimerCallback	16	static
../Core/Src/freertos.c:883:6:turnRightTimerCallback	16	static
