../Core/Src/freertos.c:186:6:MX_FREERTOS_Init	8	static
../Core/Src/freertos.c:267:6:StartOLEDTask	24	static
../Core/Src/freertos.c:306:6:StartDispatcherTask	16	static
../Core/Src/freertos.c:362:6:StartStopTask	16	static
../Core/Src/freertos.c:380:6:StartDrivingLightsTask	16	static
../Core/Src/freertos.c:399:6:StartLEDStripeTask	16	static
../Core/Src/freertos.c:417:6:StartLeftBlinkersTask	24	static
../Core/Src/freertos.c:440:6:StartRightBlinkersTask	24	static
../Core/Src/freertos.c:463:6:StartParkLeftTask	16	static
../Core/Src/freertos.c:481:6:StartParkRightTask	16	static
../Core/Src/freertos.c:499:6:StartAccelerateTask	16	static
../Core/Src/freertos.c:517:6:StartDecelerateTask	16	static
../Core/Src/freertos.c:538:6:StartTurnLeftTask	16	static
../Core/Src/freertos.c:556:6:StartTurnRightTask	16	static
../Core/Src/freertos.c:574:6:StartConnectionTask	16	static
