../Core/Src/freertos.c:208:6:MX_FREERTOS_Init	8	static
../Core/Src/freertos.c:295:6:StartOLEDTask	24	static
../Core/Src/freertos.c:367:6:StartDispatcherTask	16	static
../Core/Src/freertos.c:423:6:StartStopTask	16	static
../Core/Src/freertos.c:452:6:StartDrivingLightsTask	16	static
../Core/Src/freertos.c:471:6:StartLEDStripesTask	112	dynamic
../Core/Src/freertos.c:568:6:StartLeftBlinkersTask	24	static
../Core/Src/freertos.c:591:6:StartRightBlinkersTask	24	static
../Core/Src/freertos.c:614:6:StartParkLeftTask	16	static
../Core/Src/freertos.c:632:6:StartParkRightTask	16	static
../Core/Src/freertos.c:650:6:StartAccelerateTask	16	static
../Core/Src/freertos.c:694:6:StartDecelerateTask	16	static
../Core/Src/freertos.c:740:6:StartTurnLeftTask	16	static
../Core/Src/freertos.c:768:6:StartTurnRightTask	16	static
../Core/Src/freertos.c:796:6:StartConnectionTask	16	static
../Core/Src/freertos.c:814:6:StartBrakeLightsTask	16	static
../Core/Src/freertos.c:836:6:StartWithdrawLightsTask	16	static
