../Core/Src/freertos.c:221:6:MX_FREERTOS_Init	8	static
../Core/Src/freertos.c:315:6:StartOLEDTask	24	static
../Core/Src/freertos.c:385:6:StartDispatcherTask	16	static
../Core/Src/freertos.c:441:6:StartStopTask	16	static
../Core/Src/freertos.c:490:6:StartDrivingLightsTask	16	static
../Core/Src/freertos.c:521:6:StartLEDStripesTask	112	dynamic
../Core/Src/freertos.c:622:6:StartLeftBlinkersTask	24	static
../Core/Src/freertos.c:656:6:StartRightBlinkersTask	24	static
../Core/Src/freertos.c:690:6:StartParkLeftTask	16	static
../Core/Src/freertos.c:721:6:StartParkRightTask	16	static
../Core/Src/freertos.c:752:6:StartAccelerateTask	16	static
../Core/Src/freertos.c:794:6:StartDecelerateTask	16	static
../Core/Src/freertos.c:838:6:StartTurnLeftTask	16	static
../Core/Src/freertos.c:875:6:StartTurnRightTask	16	static
../Core/Src/freertos.c:912:6:StartConnectionTask	16	static
../Core/Src/freertos.c:935:6:StartBrakeLightsTask	16	static
../Core/Src/freertos.c:958:6:StartWithdrawLightsTask	16	static
../Core/Src/freertos.c:983:6:StartResumeFromStopTask	16	static
../Core/Src/freertos.c:1007:6:CallbackConnectionTaskTimer	16	static
