Archive member included to satisfy reference by file (symbol)

C:/ST/STM32CubeIDE_1.13.1/STM32CubeIDE/plugins/com.st.stm32cube.ide.mcu.externaltools.gnu-tools-for-stm32.11.3.rel1.win32_1.1.0.202305231506/tools/bin/../lib/gcc/arm-none-eabi/11.3.1/../../../../arm-none-eabi/lib/thumb/v7e-m+dp/hard\libc_nano.a(libc_a-exit.o)
                              C:/ST/STM32CubeIDE_1.13.1/STM32CubeIDE/plugins/com.st.stm32cube.ide.mcu.externaltools.gnu-tools-for-stm32.11.3.rel1.win32_1.1.0.202305231506/tools/bin/../lib/gcc/arm-none-eabi/11.3.1/../../../../arm-none-eabi/lib/thumb/v7e-m+dp/hard/crt0.o (exit)
C:/ST/STM32CubeIDE_1.13.1/STM32CubeIDE/plugins/com.st.stm32cube.ide.mcu.externaltools.gnu-tools-for-stm32.11.3.rel1.win32_1.1.0.202305231506/tools/bin/../lib/gcc/arm-none-eabi/11.3.1/../../../../arm-none-eabi/lib/thumb/v7e-m+dp/hard\libc_nano.a(libc_a-findfp.o)
                              C:/ST/STM32CubeIDE_1.13.1/STM32CubeIDE/plugins/com.st.stm32cube.ide.mcu.externaltools.gnu-tools-for-stm32.11.3.rel1.win32_1.1.0.202305231506/tools/bin/../lib/gcc/arm-none-eabi/11.3.1/../../../../arm-none-eabi/lib/thumb/v7e-m+dp/hard\libc_nano.a(libc_a-exit.o) (__stdio_exit_handler)
C:/ST/STM32CubeIDE_1.13.1/STM32CubeIDE/plugins/com.st.stm32cube.ide.mcu.externaltools.gnu-tools-for-stm32.11.3.rel1.win32_1.1.0.202305231506/tools/bin/../lib/gcc/arm-none-eabi/11.3.1/../../../../arm-none-eabi/lib/thumb/v7e-m+dp/hard\libc_nano.a(libc_a-fwalk.o)
                              C:/ST/STM32CubeIDE_1.13.1/STM32CubeIDE/plugins/com.st.stm32cube.ide.mcu.externaltools.gnu-tools-for-stm32.11.3.rel1.win32_1.1.0.202305231506/tools/bin/../lib/gcc/arm-none-eabi/11.3.1/../../../../arm-none-eabi/lib/thumb/v7e-m+dp/hard\libc_nano.a(libc_a-findfp.o) (_fwalk_sglue)
C:/ST/STM32CubeIDE_1.13.1/STM32CubeIDE/plugins/com.st.stm32cube.ide.mcu.externaltools.gnu-tools-for-stm32.11.3.rel1.win32_1.1.0.202305231506/tools/bin/../lib/gcc/arm-none-eabi/11.3.1/../../../../arm-none-eabi/lib/thumb/v7e-m+dp/hard\libc_nano.a(libc_a-sprintf.o)
                              ./Core/Src/ESP_DATA_HANDLER.o (sprintf)
C:/ST/STM32CubeIDE_1.13.1/STM32CubeIDE/plugins/com.st.stm32cube.ide.mcu.externaltools.gnu-tools-for-stm32.11.3.rel1.win32_1.1.0.202305231506/tools/bin/../lib/gcc/arm-none-eabi/11.3.1/../../../../arm-none-eabi/lib/thumb/v7e-m+dp/hard\libc_nano.a(libc_a-stdio.o)
                              C:/ST/STM32CubeIDE_1.13.1/STM32CubeIDE/plugins/com.st.stm32cube.ide.mcu.externaltools.gnu-tools-for-stm32.11.3.rel1.win32_1.1.0.202305231506/tools/bin/../lib/gcc/arm-none-eabi/11.3.1/../../../../arm-none-eabi/lib/thumb/v7e-m+dp/hard\libc_nano.a(libc_a-findfp.o) (__sread)
C:/ST/STM32CubeIDE_1.13.1/STM32CubeIDE/plugins/com.st.stm32cube.ide.mcu.externaltools.gnu-tools-for-stm32.11.3.rel1.win32_1.1.0.202305231506/tools/bin/../lib/gcc/arm-none-eabi/11.3.1/../../../../arm-none-eabi/lib/thumb/v7e-m+dp/hard\libc_nano.a(libc_a-memset.o)
                              C:/ST/STM32CubeIDE_1.13.1/STM32CubeIDE/plugins/com.st.stm32cube.ide.mcu.externaltools.gnu-tools-for-stm32.11.3.rel1.win32_1.1.0.202305231506/tools/bin/../lib/gcc/arm-none-eabi/11.3.1/../../../../arm-none-eabi/lib/thumb/v7e-m+dp/hard/crt0.o (memset)
C:/ST/STM32CubeIDE_1.13.1/STM32CubeIDE/plugins/com.st.stm32cube.ide.mcu.externaltools.gnu-tools-for-stm32.11.3.rel1.win32_1.1.0.202305231506/tools/bin/../lib/gcc/arm-none-eabi/11.3.1/../../../../arm-none-eabi/lib/thumb/v7e-m+dp/hard\libc_nano.a(libc_a-strcat.o)
                              ./Core/Src/ESP_DATA_HANDLER.o (strcat)
C:/ST/STM32CubeIDE_1.13.1/STM32CubeIDE/plugins/com.st.stm32cube.ide.mcu.externaltools.gnu-tools-for-stm32.11.3.rel1.win32_1.1.0.202305231506/tools/bin/../lib/gcc/arm-none-eabi/11.3.1/../../../../arm-none-eabi/lib/thumb/v7e-m+dp/hard\libc_nano.a(libc_a-closer.o)
                              C:/ST/STM32CubeIDE_1.13.1/STM32CubeIDE/plugins/com.st.stm32cube.ide.mcu.externaltools.gnu-tools-for-stm32.11.3.rel1.win32_1.1.0.202305231506/tools/bin/../lib/gcc/arm-none-eabi/11.3.1/../../../../arm-none-eabi/lib/thumb/v7e-m+dp/hard\libc_nano.a(libc_a-stdio.o) (_close_r)
C:/ST/STM32CubeIDE_1.13.1/STM32CubeIDE/plugins/com.st.stm32cube.ide.mcu.externaltools.gnu-tools-for-stm32.11.3.rel1.win32_1.1.0.202305231506/tools/bin/../lib/gcc/arm-none-eabi/11.3.1/../../../../arm-none-eabi/lib/thumb/v7e-m+dp/hard\libc_nano.a(libc_a-reent.o)
                              C:/ST/STM32CubeIDE_1.13.1/STM32CubeIDE/plugins/com.st.stm32cube.ide.mcu.externaltools.gnu-tools-for-stm32.11.3.rel1.win32_1.1.0.202305231506/tools/bin/../lib/gcc/arm-none-eabi/11.3.1/../../../../arm-none-eabi/lib/thumb/v7e-m+dp/hard\libc_nano.a(libc_a-closer.o) (errno)
C:/ST/STM32CubeIDE_1.13.1/STM32CubeIDE/plugins/com.st.stm32cube.ide.mcu.externaltools.gnu-tools-for-stm32.11.3.rel1.win32_1.1.0.202305231506/tools/bin/../lib/gcc/arm-none-eabi/11.3.1/../../../../arm-none-eabi/lib/thumb/v7e-m+dp/hard\libc_nano.a(libc_a-impure.o)
[...]
Memory Configuration

Name             Origin             Length             Attributes
RAM              0x0000000020000000 0x0000000000080000 xrw
FLASH            0x0000000008000000 0x0000000000200000 xr
*default*        0x0000000000000000 0xffffffffffffffff

Linker script and memory map

LOAD C:/ST/STM32CubeIDE_1.13.1/STM32CubeIDE/plugins/com.st.stm32cube.ide.mcu.externaltools.gnu-tools-for-stm32.11.3.rel1.win32_1.1.0.202305231506/tools/bin/../lib/gcc/arm-none-eabi/11.3.1/thumb/v7e-m+dp/hard/crti.o
LOAD C:/ST/STM32CubeIDE_1.13.1/STM32CubeIDE/plugins/com.st.stm32cube.ide.mcu.externaltools.gnu-tools-for-stm32.11.3.rel1.win32_1.1.0.202305231506/tools/bin/../lib/gcc/arm-none-eabi/11.3.1/thumb/v7e-m+dp/hard/crtbegin.o
LOAD C:/ST/STM32CubeIDE_1.13.1/STM32CubeIDE/plugins/com.st.stm32cube.ide.mcu.externaltools.gnu-tools-for-stm32.11.3.rel1.win32_1.1.0.202305231506/tools/bin/../lib/gcc/arm-none-eabi/11.3.1/../../../../arm-none-eabi/lib/thumb/v7e-m+dp/hard/crt0.o
LOAD ./Core/Src/ESP_DATA_HANDLER.o
LOAD ./Core/Src/UartRingbuffer.o
LOAD ./Core/Src/gpio.o
LOAD ./Core/Src/main.o
LOAD ./Core/Src/stm32f7xx_hal_msp.o
LOAD ./Core/Src/stm32f7xx_it.o
LOAD ./Core/Src/syscalls.o
LOAD ./Core/Src/sysmem.o
LOAD ./Core/Src/system_stm32f7xx.o
LOAD ./Core/Src/usart.o
LOAD ./Core/Startup/startup_stm32f767zitx.o
LOAD ./Drivers/STM32F7xx_HAL_Driver/Src/stm32f7xx_hal.o
LOAD ./Drivers/STM32F7xx_HAL_Driver/Src/stm32f7xx_hal_cortex.o
LOAD ./Drivers/STM32F7xx_HAL_Driver/Src/stm32f7xx_hal_dma.o
LOAD ./Drivers/STM32F7xx_HAL_Driver/Src/stm32f7xx_hal_dma_ex.o
LOAD ./Drivers/STM32F7xx_HAL_Driver/Src/stm32f7xx_hal_exti.o
LOAD ./Drivers/STM32F7xx_HAL_Driver/Src/stm32f7xx_hal_flash.o
LOAD ./Drivers/STM32F7xx_HAL_Driver/Src/stm32f7xx_hal_flash_ex.o
LOAD ./Drivers/STM32F7xx_HAL_Driver/Src/stm32f7xx_hal_gpio.o
LOAD ./Drivers/STM32F7xx_HAL_Driver/Src/stm32f7xx_hal_i2c.o
LOAD ./Drivers/STM32F7xx_HAL_Driver/Src/stm32f7xx_hal_i2c_ex.o
LOAD ./Drivers/STM32F7xx_HAL_Driver/Src/stm32f7xx_hal_pwr.o
LOAD ./Drivers/STM32F7xx_HAL_Driver/Src/stm32f7xx_hal_pwr_ex.o
LOAD ./Drivers/STM32F7xx_HAL_Driver/Src/stm32f7xx_hal_rcc.o
LOAD ./Drivers/STM32F7xx_HAL_Driver/Src/stm32f7xx_hal_rcc_ex.o
LOAD ./Drivers/STM32F7xx_HAL_Driver/Src/stm32f7xx_hal_tim.o
LOAD ./Drivers/STM32F7xx_HAL_Driver/Src/stm32f7xx_hal_tim_ex.o
LOAD ./Drivers/STM32F7xx_HAL_Driver/Src/stm32f7xx_hal_uart.o
LOAD ./Drivers/STM32F7xx_HAL_Driver/Src/stm32f7xx_hal_uart_ex.o
START GROUP
LOAD C:/ST/STM32CubeIDE_1.13.1/STM32CubeIDE/plugins/com.st.stm32cube.ide.mcu.externaltools.gnu-tools-for-stm32.11.3.rel1.win32_1.1.0.202305231506/tools/bin/../lib/gcc/arm-none-eabi/11.3.1/../../../../arm-none-eabi/lib/thumb/v7e-m+dp/hard\libc_nano.a
LOAD C:/ST/STM32CubeIDE_1.13.1/STM32CubeIDE/plugins/com.st.stm32cube.ide.mcu.externaltools.gnu-tools-for-stm32.11.3.rel1.win32_1.1.0.202305231506/tools/bin/../lib/gcc/arm-none-eabi/11.3.1/../../../../arm-none-eabi/lib/thumb/v7e-m+dp/hard\libm.a
END GROUP
START GROUP
LOAD C:/ST/STM32CubeIDE_1.13.1/STM32CubeIDE/plugins/com.st.stm32cube.ide.mcu.externaltools.gnu-tools-for-stm32.11.3.rel1.win32_1.1.0.202305231506/tools/bin/../lib/gcc/arm-none-eabi/11.3.1/thumb/v7e-m+dp/hard\libgcc.a
LOAD C:/ST/STM32CubeIDE_1.13.1/STM32CubeIDE/plugins/com.st.stm32cube.ide.mcu.externaltools.gnu-tools-for-stm32.11.3.rel1.win32_1.1.0.202305231506/tools/bin/../lib/gcc/arm-none-eabi/11.3.1/../../../../arm-none-eabi/lib/thumb/v7e-m+dp/hard\libc_nano.a
END GROUP
START GROUP
LOAD C:/ST/STM32CubeIDE_1.13.1/STM32CubeIDE/plugins/com.st.stm32cube.ide.mcu.externaltools.gnu-tools-for-stm32.11.3.rel1.win32_1.1.0.202305231506/tools/bin/../lib/gcc/arm-none-eabi/11.3.1/thumb/v7e-m+dp/hard\libgcc.a
LOAD C:/ST/STM32CubeIDE_1.13.1/STM32CubeIDE/plugins/com.st.stm32cube.ide.mcu.externaltools.gnu-tools-for-stm32.11.3.rel1.win32_1.1.0.202305231506/tools/bin/../lib/gcc/arm-none-eabi/11.3.1/../../../../arm-none-eabi/lib/thumb/v7e-m+dp/hard\libc_nano.a
LOAD C:/ST/STM32CubeIDE_1.13.1/STM32CubeIDE/plugins/com.st.stm32cube.ide.mcu.externaltools.gnu-tools-for-stm32.11.3.rel1.win32_1.1.0.202305231506/tools/bin/../lib/gcc/arm-none-eabi/11.3.1/../../../../arm-none-eabi/lib/thumb/v7e-m+dp/hard\libnosys.a
END GROUP
START GROUP
LOAD C:/ST/STM32CubeIDE_1.13.1/STM32CubeIDE/plugins/com.st.stm32cube.ide.mcu.externaltools.gnu-tools-for-stm32.11.3.rel1.win32_1.1.0.202305231506/tools/bin/../lib/gcc/arm-none-eabi/11.3.1/thumb/v7e-m+dp/hard\libgcc.a
LOAD C:/ST/STM32CubeIDE_1.13.1/STM32CubeIDE/plugins/com.st.stm32cube.ide.mcu.externaltools.gnu-tools-for-stm32.11.3.rel1.win32_1.1.0.202305231506/tools/bin/../lib/gcc/arm-none-eabi/11.3.1/../../../../arm-none-eabi/lib/thumb/v7e-m+dp/hard\libc_nano.a
LOAD C:/ST/STM32CubeIDE_1.13.1/STM32CubeIDE/plugins/com.st.stm32cube.ide.mcu.externaltools.gnu-tools-for-stm32.11.3.rel1.win32_1.1.0.202305231506/tools/bin/../lib/gcc/arm-none-eabi/11.3.1/../../../../arm-none-eabi/lib/thumb/v7e-m+dp/hard\libnosys.a
END GROUP
LOAD C:/ST/STM32CubeIDE_1.13.1/STM32CubeIDE/plugins/com.st.stm32cube.ide.mcu.externaltools.gnu-tools-for-stm32.11.3.rel1.win32_1.1.0.202305231506/tools/bin/../lib/gcc/arm-none-eabi/11.3.1/thumb/v7e-m+dp/hard/crtend.o
LOAD C:/ST/STM32CubeIDE_1.13.1/STM32CubeIDE/plugins/com.st.stm32cube.ide.mcu.externaltools.gnu-tools-for-stm32.11.3.rel1.win32_1.1.0.202305231506/tools/bin/../lib/gcc/arm-none-eabi/11.3.1/thumb/v7e-m+dp/hard/crtn.o
                0x0000000020080000                _estack = (ORIGIN (RAM) + LENGTH (RAM))
                0x0000000000000200                _Min_Heap_Size = 0x200
                0x0000000000000400                _Min_Stack_Size = 0x400

.isr_vector     0x0000000008000000      0x1f8
                0x0000000008000000                . = ALIGN (0x4)
 *(.isr_vector)
 .isr_vector    0x0000000008000000      0x1f8 ./Core/Startup/startup_stm32f767zitx.o
                0x0000000008000000                g_pfnVectors
                0x00000000080001f8                . = ALIGN (0x4)

.text           0x0000000008000200     0x4a74
                0x0000000008000200                . = ALIGN (0x4)
 *(.text)
 .text          0x0000000008000200       0x40 C:/ST/STM32CubeIDE_1.13.1/STM32CubeIDE/plugins/com.st.stm32cube.ide.mcu.externaltools.gnu-tools-for-stm32.11.3.rel1.win32_1.1.0.202305231506/tools/bin/../lib/gcc/arm-none-eabi/11.3.1/thumb/v7e-m+dp/hard/crtbegin.o
 .text          0x0000000008000240       0x14 C:/ST/STM32CubeIDE_1.13.1/STM32CubeIDE/plugins/com.st.stm32cube.ide.mcu.externaltools.gnu-tools-for-stm32.11.3.rel1.win32_1.1.0.202305231506/tools/bin/../lib/gcc/arm-none-eabi/11.3.1/../../../../arm-none-eabi/lib/thumb/v7e-m+dp/hard\libc_nano.a(libc_a-strcmp.o)
                0x0000000008000240                strcmp
 .text          0x0000000008000254       0x10 C:/ST/STM32CubeIDE_1.13.1/STM32CubeIDE/plugins/com.st.stm32cube.ide.mcu.externaltools.gnu-tools-for-stm32.11.3.rel1.win32_1.1.0.202305231506/tools/bin/../lib/gcc/arm-none-eabi/11.3.1/../../../../arm-none-eabi/lib/thumb/v7e-m+dp/hard\libc_nano.a(libc_a-strlen.o)
                0x0000000008000254                strlen
 *fill*         0x0000000008000264        0xc 
 .text          0x0000000008000270       0xa0 C:/ST/STM32CubeIDE_1.13.1/STM32CubeIDE/plugins/com.st.stm32cube.ide.mcu.externaltools.gnu-tools-for-stm32.11.3.rel1.win32_1.1.0.202305231506/tools/bin/../lib/gcc/arm-none-eabi/11.3.1/../../../../arm-none-eabi/lib/thumb/v7e-m+dp/hard\libc_nano.a(libc_a-memchr.o)
                0x0000000008000270                memchr
 .text          0x0000000008000310       0x30 C:/ST/STM32CubeIDE_1.13.1/STM32CubeIDE/plugins/com.st.stm32cube.ide.mcu.externaltools.gnu-tools-for-stm32.11.3.rel1.win32_1.1.0.202305231506/tools/bin/../lib/gcc/arm-none-eabi/11.3.1/thumb/v7e-m+dp/hard\libgcc.a(_aeabi_uldivmod.o)
                0x0000000008000310                __aeabi_uldivmod
 .text          0x0000000008000340      0x2c8 C:/ST/STM32CubeIDE_1.13.1/STM32CubeIDE/plugins/com.st.stm32cube.ide.mcu.externaltools.gnu-tools-for-stm32.11.3.rel1.win32_1.1.0.202305231506/tools/bin/../lib/gcc/arm-none-eabi/11.3.1/thumb/v7e-m+dp/hard\libgcc.a(_udivmoddi4.o)
                0x0000000008000340                __udivmoddi4
 .text          0x0000000008000608        0x4 C:/ST/STM32CubeIDE_1.13.1/STM32CubeIDE/plugins/com.st.stm32cube.ide.mcu.externaltools.gnu-tools-for-stm32.11.3.rel1.win32_1.1.0.202305231506/tools/bin/../lib/gcc/arm-none-eabi/11.3.1/thumb/v7e-m+dp/hard\libgcc.a(_dvmd_tls.o)
                0x0000000008000608                __aeabi_idiv0
                0x0000000008000608                __aeabi_ldiv0
 *(.text*)
 .text.sizeofuser
                0x000000000800060c       0x36 ./Core/Src/ESP_DATA_HANDLER.o
                0x000000000800060c                sizeofuser
 *fill*         0x0000000008000642        0x2 
 .text.ESP_Init
                0x0000000008000644       0xfc ./Core/Src/ESP_DATA_HANDLER.o
                0x0000000008000644                ESP_Init
 .text.Server_Send
                0x0000000008000740       0x9c ./Core/Src/ESP_DATA_HANDLER.o
                0x0000000008000740                Server_Send
 .text.Server_Handle
                0x00000000080007dc      0x258 ./Core/Src/ESP_DATA_HANDLER.o
                0x00000000080007dc                Server_Handle
 .text.Server_Start
                0x0000000008000a34      0x16c ./Core/Src/ESP_DATA_HANDLER.o
                0x0000000008000a34                Server_Start
 .text.Ringbuf_init
                0x0000000008000ba0       0x50 ./Core/Src/UartRingbuffer.o
                0x0000000008000ba0                Ringbuf_init
 .text.store_char
                0x0000000008000bf0       0x3e ./Core/Src/UartRingbuffer.o
                0x0000000008000bf0                store_char
 .text.Look_for
                0x0000000008000c2e       0xa4 ./Core/Src/UartRingbuffer.o
                0x0000000008000c2e                Look_for
 *fill*         0x0000000008000cd2        0x2 
 .text.Uart_read
                0x0000000008000cd4       0x50 ./Core/Src/UartRingbuffer.o
                0x0000000008000cd4                Uart_read
 .text.Uart_write
                0x0000000008000d24       0x68 ./Core/Src/UartRingbuffer.o
                0x0000000008000d24                Uart_write
 .text.IsDataAvailable
                0x0000000008000d8c       0x30 ./Core/Src/UartRingbuffer.o
                0x0000000008000d8c                IsDataAvailable
 .text.Uart_sendstring
                0x0000000008000dbc       0x2a ./Core/Src/UartRingbuffer.o
                0x0000000008000dbc                Uart_sendstring
 .text.GetDataFromBuffer
                0x0000000008000de6      0x140 ./Core/Src/UartRingbuffer.o
                0x0000000008000de6                GetDataFromBuffer
 *fill*         0x0000000008000f26        0x2 
 .text.Uart_flush
                0x0000000008000f28       0x24 ./Core/Src/UartRingbuffer.o
                0x0000000008000f28                Uart_flush
 .text.Uart_peek
                0x0000000008000f4c       0x34 ./Core/Src/UartRingbuffer.o
                0x0000000008000f4c                Uart_peek
 .text.Copy_upto
                0x0000000008000f80       0xe8 ./Core/Src/UartRingbuffer.o
                0x0000000008000f80                Copy_upto
 .text.Get_after
                0x0000000008001068       0x56 ./Core/Src/UartRingbuffer.o
                0x0000000008001068                Get_after
 *fill*         0x00000000080010be        0x2 
 .text.Wait_for
                0x00000000080010c0       0xa8 ./Core/Src/UartRingbuffer.o
                0x00000000080010c0                Wait_for
 .text.Uart_isr
                0x0000000008001168       0xb4 ./Core/Src/UartRingbuffer.o
                0x0000000008001168                Uart_isr
 .text.MX_GPIO_Init
                0x000000000800121c      0x22c ./Core/Src/gpio.o
                0x000000000800121c                MX_GPIO_Init
 .text.main     0x0000000008001448       0x30 ./Core/Src/main.o
                0x0000000008001448                main
 .text.SystemClock_Config
                0x0000000008001478       0xdc ./Core/Src/main.o
                0x0000000008001478                SystemClock_Config
 .text.Error_Handler
                0x0000000008001554        0xa ./Core/Src/main.o
                0x0000000008001554                Error_Handler
 *fill*         0x000000000800155e        0x2 
 .text.HAL_MspInit
                0x0000000008001560       0x48 ./Core/Src/stm32f7xx_hal_msp.o
                0x0000000008001560                HAL_MspInit
 .text.NMI_Handler
                0x00000000080015a8        0x6 ./Core/Src/stm32f7xx_it.o
                0x00000000080015a8                NMI_Handler
 .text.HardFault_Handler
                0x00000000080015ae        0x6 ./Core/Src/stm32f7xx_it.o
                0x00000000080015ae                HardFault_Handler
 .text.MemManage_Handler
                0x00000000080015b4        0x6 ./Core/Src/stm32f7xx_it.o
                0x00000000080015b4                MemManage_Handler
 .text.BusFault_Handler
                0x00000000080015ba        0x6 ./Core/Src/stm32f7xx_it.o
                0x00000000080015ba                BusFault_Handler
 .text.UsageFault_Handler
                0x00000000080015c0        0x6 ./Core/Src/stm32f7xx_it.o
                0x00000000080015c0                UsageFault_Handler
 .text.SVC_Handler
                0x00000000080015c6        0xe ./Core/Src/stm32f7xx_it.o
                0x00000000080015c6                SVC_Handler
 .text.DebugMon_Handler
                0x00000000080015d4        0xe ./Core/Src/stm32f7xx_it.o
                0x00000000080015d4                DebugMon_Handler
 .text.PendSV_Handler
                0x00000000080015e2        0xe ./Core/Src/stm32f7xx_it.o
                0x00000000080015e2                PendSV_Handler
 .text.SysTick_Handler
                0x00000000080015f0        0xc ./Core/Src/stm32f7xx_it.o
                0x00000000080015f0                SysTick_Handler
 .text.USART1_IRQHandler
                0x00000000080015fc       0x18 ./Core/Src/stm32f7xx_it.o
                0x00000000080015fc                USART1_IRQHandler
 .text._sbrk    0x0000000008001614       0x6c ./Core/Src/sysmem.o
                0x0000000008001614                _sbrk
 .text.SystemInit
                0x0000000008001680       0x24 ./Core/Src/system_stm32f7xx.o
                0x0000000008001680                SystemInit
 .text.MX_USART1_UART_Init
                0x00000000080016a4       0x60 ./Core/Src/usart.o
                0x00000000080016a4                MX_USART1_UART_Init
 .text.HAL_UART_MspInit
                0x0000000008001704       0xf8 ./Core/Src/usart.o
                0x0000000008001704                HAL_UART_MspInit
 .text.Reset_Handler
                0x00000000080017fc       0x50 ./Core/Startup/startup_stm32f767zitx.o
                0x00000000080017fc                Reset_Handler
 .text.Default_Handler
                0x000000000800184c        0x2 ./Core/Startup/startup_stm32f767zitx.o
                0x000000000800184c                RTC_Alarm_IRQHandler
                0x000000000800184c                EXTI2_IRQHandler
                0x000000000800184c                TIM8_CC_IRQHandler
                0x000000000800184c                UART8_IRQHandler
                0x000000000800184c                SPI4_IRQHandler
                0x000000000800184c                TIM1_CC_IRQHandler
                0x000000000800184c                DMA2_Stream5_IRQHandler
                0x000000000800184c                JPEG_IRQHandler
                0x000000000800184c                DMA1_Stream5_IRQHandler
                0x000000000800184c                CAN3_RX1_IRQHandler
                0x000000000800184c                PVD_IRQHandler
                0x000000000800184c                TAMP_STAMP_IRQHandler
                0x000000000800184c                CAN2_RX1_IRQHandler
                0x000000000800184c                EXTI3_IRQHandler
                0x000000000800184c                TIM8_TRG_COM_TIM14_IRQHandler
                0x000000000800184c                DFSDM1_FLT1_IRQHandler
                0x000000000800184c                TIM1_UP_TIM10_IRQHandler
                0x000000000800184c                TIM8_UP_TIM13_IRQHandler
                0x000000000800184c                I2C3_ER_IRQHandler
                0x000000000800184c                DFSDM1_FLT2_IRQHandler
                0x000000000800184c                EXTI0_IRQHandler
                0x000000000800184c                I2C2_EV_IRQHandler
                0x000000000800184c                DMA1_Stream2_IRQHandler
                0x000000000800184c                CAN1_RX0_IRQHandler
                0x000000000800184c                FPU_IRQHandler
                0x000000000800184c                OTG_HS_WKUP_IRQHandler
                0x000000000800184c                CAN3_SCE_IRQHandler
                0x000000000800184c                LTDC_ER_IRQHandler
                0x000000000800184c                CAN2_SCE_IRQHandler
                0x000000000800184c                DMA2_Stream2_IRQHandler
                0x000000000800184c                SPI1_IRQHandler
                0x000000000800184c                TIM6_DAC_IRQHandler
                0x000000000800184c                TIM1_BRK_TIM9_IRQHandler
                0x000000000800184c                DCMI_IRQHandler
                0x000000000800184c                CAN2_RX0_IRQHandler
                0x000000000800184c                DMA2_Stream3_IRQHandler
                0x000000000800184c                SAI2_IRQHandler
                0x000000000800184c                DFSDM1_FLT3_IRQHandler
                0x000000000800184c                USART6_IRQHandler
                0x000000000800184c                CAN3_RX0_IRQHandler
                0x000000000800184c                USART3_IRQHandler
                0x000000000800184c                CAN1_RX1_IRQHandler
                0x000000000800184c                UART5_IRQHandler
                0x000000000800184c                DMA2_Stream0_IRQHandler
                0x000000000800184c                TIM4_IRQHandler
                0x000000000800184c                QUADSPI_IRQHandler
                0x000000000800184c                I2C1_EV_IRQHandler
                0x000000000800184c                DMA1_Stream6_IRQHandler
                0x000000000800184c                DMA1_Stream1_IRQHandler
                0x000000000800184c                UART4_IRQHandler
                0x000000000800184c                TIM3_IRQHandler
                0x000000000800184c                RCC_IRQHandler
                0x000000000800184c                TIM8_BRK_TIM12_IRQHandler
                0x000000000800184c                Default_Handler
                0x000000000800184c                CEC_IRQHandler
                0x000000000800184c                EXTI15_10_IRQHandler
                0x000000000800184c                ADC_IRQHandler
                0x000000000800184c                DMA1_Stream7_IRQHandler
                0x000000000800184c                SPI5_IRQHandler
                0x000000000800184c                TIM7_IRQHandler
                0x000000000800184c                SDMMC1_IRQHandler
                0x000000000800184c                CAN2_TX_IRQHandler
                0x000000000800184c                TIM5_IRQHandler
                0x000000000800184c                DMA2_Stream7_IRQHandler
                0x000000000800184c                I2C3_EV_IRQHandler
                0x000000000800184c                EXTI9_5_IRQHandler
                0x000000000800184c                RTC_WKUP_IRQHandler
                0x000000000800184c                LTDC_IRQHandler
                0x000000000800184c                ETH_WKUP_IRQHandler
                0x000000000800184c                SPDIF_RX_IRQHandler
                0x000000000800184c                SPI2_IRQHandler
                0x000000000800184c                OTG_HS_EP1_IN_IRQHandler
                0x000000000800184c                DMA1_Stream0_IRQHandler
                0x000000000800184c                CAN1_TX_IRQHandler
                0x000000000800184c                EXTI4_IRQHandler
                0x000000000800184c                RNG_IRQHandler
                0x000000000800184c                ETH_IRQHandler
                0x000000000800184c                OTG_HS_EP1_OUT_IRQHandler
                0x000000000800184c                WWDG_IRQHandler
                0x000000000800184c                SPI6_IRQHandler
                0x000000000800184c                MDIOS_IRQHandler
                0x000000000800184c                I2C4_EV_IRQHandler
                0x000000000800184c                CAN3_TX_IRQHandler
                0x000000000800184c                TIM2_IRQHandler
                0x000000000800184c                OTG_FS_WKUP_IRQHandler
                0x000000000800184c                TIM1_TRG_COM_TIM11_IRQHandler
                0x000000000800184c                OTG_HS_IRQHandler
                0x000000000800184c                DMA2D_IRQHandler
                0x000000000800184c                EXTI1_IRQHandler
                0x000000000800184c                SDMMC2_IRQHandler
                0x000000000800184c                UART7_IRQHandler
                0x000000000800184c                USART2_IRQHandler
                0x000000000800184c                DFSDM1_FLT0_IRQHandler
                0x000000000800184c                I2C2_ER_IRQHandler
                0x000000000800184c                DMA2_Stream1_IRQHandler
                0x000000000800184c                CAN1_SCE_IRQHandler
                0x000000000800184c                FLASH_IRQHandler
                0x000000000800184c                DMA2_Stream4_IRQHandler
                0x000000000800184c                OTG_FS_IRQHandler
                0x000000000800184c                SPI3_IRQHandler
                0x000000000800184c                DMA1_Stream4_IRQHandler
                0x000000000800184c                I2C1_ER_IRQHandler
                0x000000000800184c                FMC_IRQHandler
                0x000000000800184c                LPTIM1_IRQHandler
                0x000000000800184c                I2C4_ER_IRQHandler
                0x000000000800184c                DMA2_Stream6_IRQHandler
                0x000000000800184c                SAI1_IRQHandler
                0x000000000800184c                DMA1_Stream3_IRQHandler
 .text.HAL_Init
                0x000000000800184e       0x1a ./Drivers/STM32F7xx_HAL_Driver/Src/stm32f7xx_hal.o
                0x000000000800184e                HAL_Init
 .text.HAL_InitTick
                0x0000000008001868       0x60 ./Drivers/STM32F7xx_HAL_Driver/Src/stm32f7xx_hal.o
                0x0000000008001868                HAL_InitTick
 .text.HAL_IncTick
                0x00000000080018c8       0x28 ./Drivers/STM32F7xx_HAL_Driver/Src/stm32f7xx_hal.o
                0x00000000080018c8                HAL_IncTick
 .text.HAL_GetTick
                0x00000000080018f0       0x18 ./Drivers/STM32F7xx_HAL_Driver/Src/stm32f7xx_hal.o
                0x00000000080018f0                HAL_GetTick
 .text.HAL_Delay
                0x0000000008001908       0x48 ./Drivers/STM32F7xx_HAL_Driver/Src/stm32f7xx_hal.o
                0x0000000008001908                HAL_Delay
 .text.__NVIC_SetPriorityGrouping
                0x0000000008001950       0x48 ./Drivers/STM32F7xx_HAL_Driver/Src/stm32f7xx_hal_cortex.o
 .text.__NVIC_GetPriorityGrouping
                0x0000000008001998       0x1c ./Drivers/STM32F7xx_HAL_Driver/Src/stm32f7xx_hal_cortex.o
 .text.__NVIC_EnableIRQ
                0x00000000080019b4       0x3c ./Drivers/STM32F7xx_HAL_Driver/Src/stm32f7xx_hal_cortex.o
 .text.__NVIC_SetPriority
                0x00000000080019f0       0x54 ./Drivers/STM32F7xx_HAL_Driver/Src/stm32f7xx_hal_cortex.o
 .text.NVIC_EncodePriority
                0x0000000008001a44       0x66 ./Drivers/STM32F7xx_HAL_Driver/Src/stm32f7xx_hal_cortex.o
 *fill*         0x0000000008001aaa        0x2 
 .text.SysTick_Config
                0x0000000008001aac       0x44 ./Drivers/STM32F7xx_HAL_Driver/Src/stm32f7xx_hal_cortex.o
 .text.HAL_NVIC_SetPriorityGrouping
                0x0000000008001af0       0x16 ./Drivers/STM32F7xx_HAL_Driver/Src/stm32f7xx_hal_cortex.o
                0x0000000008001af0                HAL_NVIC_SetPriorityGrouping
 .text.HAL_NVIC_SetPriority
                0x0000000008001b06       0x38 ./Drivers/STM32F7xx_HAL_Driver/Src/stm32f7xx_hal_cortex.o
                0x0000000008001b06                HAL_NVIC_SetPriority
 .text.HAL_NVIC_EnableIRQ
                0x0000000008001b3e       0x1c ./Drivers/STM32F7xx_HAL_Driver/Src/stm32f7xx_hal_cortex.o
                0x0000000008001b3e                HAL_NVIC_EnableIRQ
 .text.HAL_SYSTICK_Config
                0x0000000008001b5a       0x18 ./Drivers/STM32F7xx_HAL_Driver/Src/stm32f7xx_hal_cortex.o
                0x0000000008001b5a                HAL_SYSTICK_Config
 .text.HAL_DMA_Abort
                0x0000000008001b72       0xe0 ./Drivers/STM32F7xx_HAL_Driver/Src/stm32f7xx_hal_dma.o
                0x0000000008001b72                HAL_DMA_Abort
 .text.HAL_DMA_Abort_IT
                0x0000000008001c52       0x44 ./Drivers/STM32F7xx_HAL_Driver/Src/stm32f7xx_hal_dma.o
                0x0000000008001c52                HAL_DMA_Abort_IT
 *fill*         0x0000000008001c96        0x2 
 .text.HAL_GPIO_Init
                0x0000000008001c98      0x358 ./Drivers/STM32F7xx_HAL_Driver/Src/stm32f7xx_hal_gpio.o
                0x0000000008001c98                HAL_GPIO_Init
 .text.HAL_GPIO_WritePin
                0x0000000008001ff0       0x32 ./Drivers/STM32F7xx_HAL_Driver/Src/stm32f7xx_hal_gpio.o
                0x0000000008001ff0                HAL_GPIO_WritePin
 *fill*         0x0000000008002022        0x2 
 .text.HAL_PWREx_EnableOverDrive
                0x0000000008002024       0xa0 ./Drivers/STM32F7xx_HAL_Driver/Src/stm32f7xx_hal_pwr_ex.o
                0x0000000008002024                HAL_PWREx_EnableOverDrive
 .text.HAL_RCC_OscConfig
                0x00000000080020c4      0x55c ./Drivers/STM32F7xx_HAL_Driver/Src/stm32f7xx_hal_rcc.o
                0x00000000080020c4                HAL_RCC_OscConfig
 .text.HAL_RCC_ClockConfig
                0x0000000008002620      0x1d8 ./Drivers/STM32F7xx_HAL_Driver/Src/stm32f7xx_hal_rcc.o
                0x0000000008002620                HAL_RCC_ClockConfig
 .text.HAL_RCC_GetSysClockFreq
                0x00000000080027f8      0x208 ./Drivers/STM32F7xx_HAL_Driver/Src/stm32f7xx_hal_rcc.o
                0x00000000080027f8                HAL_RCC_GetSysClockFreq
 .text.HAL_RCC_GetHCLKFreq
                0x0000000008002a00       0x18 ./Drivers/STM32F7xx_HAL_Driver/Src/stm32f7xx_hal_rcc.o
                0x0000000008002a00                HAL_RCC_GetHCLKFreq
 .text.HAL_RCC_GetPCLK1Freq
                0x0000000008002a18       0x28 ./Drivers/STM32F7xx_HAL_Driver/Src/stm32f7xx_hal_rcc.o
                0x0000000008002a18                HAL_RCC_GetPCLK1Freq
 .text.HAL_RCC_GetPCLK2Freq
                0x0000000008002a40       0x28 ./Drivers/STM32F7xx_HAL_Driver/Src/stm32f7xx_hal_rcc.o
                0x0000000008002a40                HAL_RCC_GetPCLK2Freq
 .text.HAL_RCCEx_PeriphCLKConfig
                0x0000000008002a68      0x850 ./Drivers/STM32F7xx_HAL_Driver/Src/stm32f7xx_hal_rcc_ex.o
                0x0000000008002a68                HAL_RCCEx_PeriphCLKConfig
 .text.HAL_UART_Init
                0x00000000080032b8       0x9c ./Drivers/STM32F7xx_HAL_Driver/Src/stm32f7xx_hal_uart.o
                0x00000000080032b8                HAL_UART_Init
 .text.HAL_UART_IRQHandler
                0x0000000008003354      0x5d0 ./Drivers/STM32F7xx_HAL_Driver/Src/stm32f7xx_hal_uart.o
                0x0000000008003354                HAL_UART_IRQHandler
 .text.HAL_UART_TxCpltCallback
                0x0000000008003924       0x14 ./Drivers/STM32F7xx_HAL_Driver/Src/stm32f7xx_hal_uart.o
                0x0000000008003924                HAL_UART_TxCpltCallback
 .text.HAL_UART_ErrorCallback
                0x0000000008003938       0x14 ./Drivers/STM32F7xx_HAL_Driver/Src/stm32f7xx_hal_uart.o
                0x0000000008003938                HAL_UART_ErrorCallback
 .text.HAL_UARTEx_RxEventCallback
                0x000000000800394c       0x18 ./Drivers/STM32F7xx_HAL_Driver/Src/stm32f7xx_hal_uart.o
                0x000000000800394c                HAL_UARTEx_RxEventCallback
 .text.HAL_UARTEx_WakeupCallback
                0x0000000008003964       0x14 ./Drivers/STM32F7xx_HAL_Driver/Src/stm32f7xx_hal_uart.o
                0x0000000008003964                HAL_UARTEx_WakeupCallback
 .text.UART_SetConfig
                0x0000000008003978      0x4c8 ./Drivers/STM32F7xx_HAL_Driver/Src/stm32f7xx_hal_uart.o
                0x0000000008003978                UART_SetConfig
 .text.UART_AdvFeatureConfig
                0x0000000008003e40      0x144 ./Drivers/STM32F7xx_HAL_Driver/Src/stm32f7xx_hal_uart.o
                0x0000000008003e40                UART_AdvFeatureConfig
 .text.UART_CheckIdleState
                0x0000000008003f84       0x9a ./Drivers/STM32F7xx_HAL_Driver/Src/stm32f7xx_hal_uart.o
                0x0000000008003f84                UART_CheckIdleState
 .text.UART_WaitOnFlagUntilTimeout
                0x000000000800401e      0x18c ./Drivers/STM32F7xx_HAL_Driver/Src/stm32f7xx_hal_uart.o
                0x000000000800401e                UART_WaitOnFlagUntilTimeout
 .text.UART_EndRxTransfer
                0x00000000080041aa       0xc8 ./Drivers/STM32F7xx_HAL_Driver/Src/stm32f7xx_hal_uart.o
 .text.UART_DMAAbortOnError
                0x0000000008004272       0x2c ./Drivers/STM32F7xx_HAL_Driver/Src/stm32f7xx_hal_uart.o
 .text.UART_EndTransmit_IT
                0x000000000800429e       0x54 ./Drivers/STM32F7xx_HAL_Driver/Src/stm32f7xx_hal_uart.o
 *fill*         0x00000000080042f2        0x2 
 .text.sprintf  0x00000000080042f4       0x40 C:/ST/STM32CubeIDE_1.13.1/STM32CubeIDE/plugins/com.st.stm32cube.ide.mcu.externaltools.gnu-tools-for-stm32.11.3.rel1.win32_1.1.0.202305231506/tools/bin/../lib/gcc/arm-none-eabi/11.3.1/../../../../arm-none-eabi/lib/thumb/v7e-m+dp/hard\libc_nano.a(libc_a-sprintf.o)
                0x00000000080042f4                siprintf
                0x00000000080042f4                sprintf
 .text.memset   0x0000000008004334       0x10 C:/ST/STM32CubeIDE_1.13.1/STM32CubeIDE/plugins/com.st.stm32cube.ide.mcu.externaltools.gnu-tools-for-stm32.11.3.rel1.win32_1.1.0.202305231506/tools/bin/../lib/gcc/arm-none-eabi/11.3.1/../../../../arm-none-eabi/lib/thumb/v7e-m+dp/hard\libc_nano.a(libc_a-memset.o)
                0x0000000008004334                memset
 .text.strcat   0x0000000008004344       0x1e C:/ST/STM32CubeIDE_1.13.1/STM32CubeIDE/plugins/com.st.stm32cube.ide.mcu.externaltools.gnu-tools-for-stm32.11.3.rel1.win32_1.1.0.202305231506/tools/bin/../lib/gcc/arm-none-eabi/11.3.1/../../../../arm-none-eabi/lib/thumb/v7e-m+dp/hard\libc_nano.a(libc_a-strcat.o)
                0x0000000008004344                strcat
 *fill*         0x0000000008004362        0x2 
 .text.__errno  0x0000000008004364        0xc C:/ST/STM32CubeIDE_1.13.1/STM32CubeIDE/plugins/com.st.stm32cube.ide.mcu.externaltools.gnu-tools-for-stm32.11.3.rel1.win32_1.1.0.202305231506/tools/bin/../lib/gcc/arm-none-eabi/11.3.1/../../../../arm-none-eabi/lib/thumb/v7e-m+dp/hard\libc_nano.a(libc_a-errno.o)
                0x0000000008004364                __errno
 .text.__libc_init_array
                0x0000000008004370       0x48 C:/ST/STM32CubeIDE_1.13.1/STM32CubeIDE/plugins/com.st.stm32cube.ide.mcu.externaltools.gnu-tools-for-stm32.11.3.rel1.win32_1.1.0.202305231506/tools/bin/../lib/gcc/arm-none-eabi/11.3.1/../../../../arm-none-eabi/lib/thumb/v7e-m+dp/hard\libc_nano.a(libc_a-init.o)
                0x0000000008004370                __libc_init_array
 .text.__retarget_lock_acquire_recursive
                0x00000000080043b8        0x2 C:/ST/STM32CubeIDE_1.13.1/STM32CubeIDE/plugins/com.st.stm32cube.ide.mcu.externaltools.gnu-tools-for-stm32.11.3.rel1.win32_1.1.0.202305231506/tools/bin/../lib/gcc/arm-none-eabi/11.3.1/../../../../arm-none-eabi/lib/thumb/v7e-m+dp/hard\libc_nano.a(libc_a-lock.o)
                0x00000000080043b8                __retarget_lock_acquire_recursive
 .text.__retarget_lock_release_recursive
                0x00000000080043ba        0x2 C:/ST/STM32CubeIDE_1.13.1/STM32CubeIDE/plugins/com.st.stm32cube.ide.mcu.externaltools.gnu-tools-for-stm32.11.3.rel1.win32_1.1.0.202305231506/tools/bin/../lib/gcc/arm-none-eabi/11.3.1/../../../../arm-none-eabi/lib/thumb/v7e-m+dp/hard\libc_nano.a(libc_a-lock.o)
                0x00000000080043ba                __retarget_lock_release_recursive
 .text._free_r  0x00000000080043bc       0x98 C:/ST/STM32CubeIDE_1.13.1/STM32CubeIDE/plugins/com.st.stm32cube.ide.mcu.externaltools.gnu-tools-for-stm32.11.3.rel1.win32_1.1.0.202305231506/tools/bin/../lib/gcc/arm-none-eabi/11.3.1/../../../../arm-none-eabi/lib/thumb/v7e-m+dp/hard\libc_nano.a(libc_a-freer.o)
                0x00000000080043bc                _free_r
 .text.sbrk_aligned
                0x0000000008004454       0x40 C:/ST/STM32CubeIDE_1.13.1/STM32CubeIDE/plugins/com.st.stm32cube.ide.mcu.externaltools.gnu-tools-for-stm32.11.3.rel1.win32_1.1.0.202305231506/tools/bin/../lib/gcc/arm-none-eabi/11.3.1/../../../../arm-none-eabi/lib/thumb/v7e-m+dp/hard\libc_nano.a(libc_a-mallocr.o)
 .text._malloc_r
                0x0000000008004494      0x100 C:/ST/STM32CubeIDE_1.13.1/STM32CubeIDE/plugins/com.st.stm32cube.ide.mcu.externaltools.gnu-tools-for-stm32.11.3.rel1.win32_1.1.0.202305231506/tools/bin/../lib/gcc/arm-none-eabi/11.3.1/../../../../arm-none-eabi/lib/thumb/v7e-m+dp/hard\libc_nano.a(libc_a-mallocr.o)
                0x0000000008004494                _malloc_r
 .text.__malloc_lock
                0x0000000008004594        0xc C:/ST/STM32CubeIDE_1.13.1/STM32CubeIDE/plugins/com.st.stm32cube.ide.mcu.externaltools.gnu-tools-for-stm32.11.3.rel1.win32_1.1.0.202305231506/tools/bin/../lib/gcc/arm-none-eabi/11.3.1/../../../../arm-none-eabi/lib/thumb/v7e-m+dp/hard\libc_nano.a(libc_a-mlock.o)
                0x0000000008004594                __malloc_lock
 .text.__malloc_unlock
                0x00000000080045a0        0xc C:/ST/STM32CubeIDE_1.13.1/STM32CubeIDE/plugins/com.st.stm32cube.ide.mcu.externaltools.gnu-tools-for-stm32.11.3.rel1.win32_1.1.0.202305231506/tools/bin/../lib/gcc/arm-none-eabi/11.3.1/../../../../arm-none-eabi/lib/thumb/v7e-m+dp/hard\libc_nano.a(libc_a-mlock.o)
                0x00000000080045a0                __malloc_unlock
 .text.__ssputs_r
                0x00000000080045ac       0xb4 C:/ST/STM32CubeIDE_1.13.1/STM32CubeIDE/plugins/com.st.stm32cube.ide.mcu.externaltools.gnu-tools-for-stm32.11.3.rel1.win32_1.1.0.202305231506/tools/bin/../lib/gcc/arm-none-eabi/11.3.1/../../../../arm-none-eabi/lib/thumb/v7e-m+dp/hard\libc_nano.a(libc_a-nano-svfprintf.o)
                0x00000000080045ac                __ssputs_r
 .text._svfprintf_r
                0x0000000008004660      0x1fc C:/ST/STM32CubeIDE_1.13.1/STM32CubeIDE/plugins/com.st.stm32cube.ide.mcu.externaltools.gnu-tools-for-stm32.11.3.rel1.win32_1.1.0.202305231506/tools/bin/../lib/gcc/arm-none-eabi/11.3.1/../../../../arm-none-eabi/lib/thumb/v7e-m+dp/hard\libc_nano.a(libc_a-nano-svfprintf.o)
                0x0000000008004660                _svfiprintf_r
                0x0000000008004660                _svfprintf_r
 .text._printf_common
                0x000000000800485c       0xda C:/ST/STM32CubeIDE_1.13.1/STM32CubeIDE/plugins/com.st.stm32cube.ide.mcu.externaltools.gnu-tools-for-stm32.11.3.rel1.win32_1.1.0.202305231506/tools/bin/../lib/gcc/arm-none-eabi/11.3.1/../../../../arm-none-eabi/lib/thumb/v7e-m+dp/hard\libc_nano.a(libc_a-nano-vfprintf_i.o)
                0x000000000800485c                _printf_common
 *fill*         0x0000000008004936        0x2 
 .text._printf_i
                0x0000000008004938      0x244 C:/ST/STM32CubeIDE_1.13.1/STM32CubeIDE/plugins/com.st.stm32cube.ide.mcu.externaltools.gnu-tools-for-stm32.11.3.rel1.win32_1.1.0.202305231506/tools/bin/../lib/gcc/arm-none-eabi/11.3.1/../../../../arm-none-eabi/lib/thumb/v7e-m+dp/hard\libc_nano.a(libc_a-nano-vfprintf_i.o)
                0x0000000008004938                _printf_i
 .text.memmove  0x0000000008004b7c       0x34 C:/ST/STM32CubeIDE_1.13.1/STM32CubeIDE/plugins/com.st.stm32cube.ide.mcu.externaltools.gnu-tools-for-stm32.11.3.rel1.win32_1.1.0.202305231506/tools/bin/../lib/gcc/arm-none-eabi/11.3.1/../../../../arm-none-eabi/lib/thumb/v7e-m+dp/hard\libc_nano.a(libc_a-memmove.o)
                0x0000000008004b7c                memmove
 .text._sbrk_r  0x0000000008004bb0       0x20 C:/ST/STM32CubeIDE_1.13.1/STM32CubeIDE/plugins/com.st.stm32cube.ide.mcu.externaltools.gnu-tools-for-stm32.11.3.rel1.win32_1.1.0.202305231506/tools/bin/../lib/gcc/arm-none-eabi/11.3.1/../../../../arm-none-eabi/lib/thumb/v7e-m+dp/hard\libc_nano.a(libc_a-sbrkr.o)
                0x0000000008004bb0                _sbrk_r
 .text.memcpy   0x0000000008004bd0       0x1c C:/ST/STM32CubeIDE_1.13.1/STM32CubeIDE/plugins/com.st.stm32cube.ide.mcu.externaltools.gnu-tools-for-stm32.11.3.rel1.win32_1.1.0.202305231506/tools/bin/../lib/gcc/arm-none-eabi/11.3.1/../../../../arm-none-eabi/lib/thumb/v7e-m+dp/hard\libc_nano.a(libc_a-memcpy-stub.o)
                0x0000000008004bd0                memcpy
 .text._realloc_r
                0x0000000008004bec       0x5e C:/ST/STM32CubeIDE_1.13.1/STM32CubeIDE/plugins/com.st.stm32cube.ide.mcu.externaltools.gnu-tools-for-stm32.11.3.rel1.win32_1.1.0.202305231506/tools/bin/../lib/gcc/arm-none-eabi/11.3.1/../../../../arm-none-eabi/lib/thumb/v7e-m+dp/hard\libc_nano.a(libc_a-reallocr.o)
                0x0000000008004bec                _realloc_r
 .text._malloc_usable_size_r
                0x0000000008004c4a       0x10 C:/ST/STM32CubeIDE_1.13.1/STM32CubeIDE/plugins/com.st.stm32cube.ide.mcu.externaltools.gnu-tools-for-stm32.11.3.rel1.win32_1.1.0.202305231506/tools/bin/../lib/gcc/arm-none-eabi/11.3.1/../../../../arm-none-eabi/lib/thumb/v7e-m+dp/hard\libc_nano.a(libc_a-msizer.o)
                0x0000000008004c4a                _malloc_usable_size_r
 *(.glue_7)
 .glue_7        0x0000000008004c5a        0x0 linker stubs
 *(.glue_7t)
 .glue_7t       0x0000000008004c5a        0x0 linker stubs
 *(.eh_frame)
 *fill*         0x0000000008004c5a        0x2 
 .eh_frame      0x0000000008004c5c        0x0 C:/ST/STM32CubeIDE_1.13.1/STM32CubeIDE/plugins/com.st.stm32cube.ide.mcu.externaltools.gnu-tools-for-stm32.11.3.rel1.win32_1.1.0.202305231506/tools/bin/../lib/gcc/arm-none-eabi/11.3.1/thumb/v7e-m+dp/hard/crtbegin.o
 *(.init)
 .init          0x0000000008004c5c        0x4 C:/ST/STM32CubeIDE_1.13.1/STM32CubeIDE/plugins/com.st.stm32cube.ide.mcu.externaltools.gnu-tools-for-stm32.11.3.rel1.win32_1.1.0.202305231506/tools/bin/../lib/gcc/arm-none-eabi/11.3.1/thumb/v7e-m+dp/hard/crti.o
                0x0000000008004c5c                _init
 .init          0x0000000008004c60        0x8 C:/ST/STM32CubeIDE_1.13.1/STM32CubeIDE/plugins/com.st.stm32cube.ide.mcu.externaltools.gnu-tools-for-stm32.11.3.rel1.win32_1.1.0.202305231506/tools/bin/../lib/gcc/arm-none-eabi/11.3.1/thumb/v7e-m+dp/hard/crtn.o
 *(.fini)
 .fini          0x0000000008004c68        0x4 C:/ST/STM32CubeIDE_1.13.1/STM32CubeIDE/plugins/com.st.stm32cube.ide.mcu.externaltools.gnu-tools-for-stm32.11.3.rel1.win32_1.1.0.202305231506/tools/bin/../lib/gcc/arm-none-eabi/11.3.1/thumb/v7e-m+dp/hard/crti.o
                0x0000000008004c68                _fini
 .fini          0x0000000008004c6c        0x8 C:/ST/STM32CubeIDE_1.13.1/STM32CubeIDE/plugins/com.st.stm32cube.ide.mcu.externaltools.gnu-tools-for-stm32.11.3.rel1.win32_1.1.0.202305231506/tools/bin/../lib/gcc/arm-none-eabi/11.3.1/thumb/v7e-m+dp/hard/crtn.o
                0x0000000008004c74                . = ALIGN (0x4)
                0x0000000008004c74                _etext = .

.vfp11_veneer   0x0000000008004c74        0x0
 .vfp11_veneer  0x0000000008004c74        0x0 linker stubs

.v4_bx          0x0000000008004c74        0x0
 .v4_bx         0x0000000008004c74        0x0 linker stubs

.iplt           0x0000000008004c74        0x0
 .iplt          0x0000000008004c74        0x0 C:/ST/STM32CubeIDE_1.13.1/STM32CubeIDE/plugins/com.st.stm32cube.ide.mcu.externaltools.gnu-tools-for-stm32.11.3.rel1.win32_1.1.0.202305231506/tools/bin/../lib/gcc/arm-none-eabi/11.3.1/thumb/v7e-m+dp/hard/crtbegin.o

.rodata         0x0000000008004c74      0x75c
                0x0000000008004c74                . = ALIGN (0x4)
 *(.rodata)
 .rodata        0x0000000008004c74      0x6ef ./Core/Src/ESP_DATA_HANDLER.o
 *fill*         0x0000000008005363        0x1 
 .rodata        0x0000000008005364       0x1d ./Core/Src/main.o
 *(.rodata*)
 *fill*         0x0000000008005381        0x3 
 .rodata.AHBPrescTable
                0x0000000008005384       0x10 ./Core/Src/system_stm32f7xx.o
                0x0000000008005384                AHBPrescTable
 .rodata.APBPrescTable
                0x0000000008005394        0x8 ./Core/Src/system_stm32f7xx.o
                0x0000000008005394                APBPrescTable
 .rodata._svfprintf_r.str1.1
                0x000000000800539c       0x11 C:/ST/STM32CubeIDE_1.13.1/STM32CubeIDE/plugins/com.st.stm32cube.ide.mcu.externaltools.gnu-tools-for-stm32.11.3.rel1.win32_1.1.0.202305231506/tools/bin/../lib/gcc/arm-none-eabi/11.3.1/../../../../arm-none-eabi/lib/thumb/v7e-m+dp/hard\libc_nano.a(libc_a-nano-svfprintf.o)
 .rodata._printf_i.str1.1
                0x00000000080053ad       0x22 C:/ST/STM32CubeIDE_1.13.1/STM32CubeIDE/plugins/com.st.stm32cube.ide.mcu.externaltools.gnu-tools-for-stm32.11.3.rel1.win32_1.1.0.202305231506/tools/bin/../lib/gcc/arm-none-eabi/11.3.1/../../../../arm-none-eabi/lib/thumb/v7e-m+dp/hard\libc_nano.a(libc_a-nano-vfprintf_i.o)
                0x00000000080053d0                . = ALIGN (0x4)
 *fill*         0x00000000080053cf        0x1 

.ARM.extab      0x00000000080053d0        0x0
                0x00000000080053d0                . = ALIGN (0x4)
 *(.ARM.extab* .gnu.linkonce.armextab.*)
                0x00000000080053d0                . = ALIGN (0x4)

.ARM            0x00000000080053d0        0x8
                0x00000000080053d0                . = ALIGN (0x4)
                0x00000000080053d0                __exidx_start = .
 *(.ARM.exidx*)
 .ARM.exidx     0x00000000080053d0        0x8 C:/ST/STM32CubeIDE_1.13.1/STM32CubeIDE/plugins/com.st.stm32cube.ide.mcu.externaltools.gnu-tools-for-stm32.11.3.rel1.win32_1.1.0.202305231506/tools/bin/../lib/gcc/arm-none-eabi/11.3.1/thumb/v7e-m+dp/hard\libgcc.a(_udivmoddi4.o)
                0x00000000080053d8                __exidx_end = .
                0x00000000080053d8                . = ALIGN (0x4)

.rel.dyn        0x00000000080053d8        0x0
 .rel.iplt      0x00000000080053d8        0x0 C:/ST/STM32CubeIDE_1.13.1/STM32CubeIDE/plugins/com.st.stm32cube.ide.mcu.externaltools.gnu-tools-for-stm32.11.3.rel1.win32_1.1.0.202305231506/tools/bin/../lib/gcc/arm-none-eabi/11.3.1/thumb/v7e-m+dp/hard/crtbegin.o

.preinit_array  0x00000000080053d8        0x0
                0x00000000080053d8                . = ALIGN (0x4)
                0x00000000080053d8                PROVIDE (__preinit_array_start = .)
 *(.preinit_array*)
                0x00000000080053d8                PROVIDE (__preinit_array_end = .)
                0x00000000080053d8                . = ALIGN (0x4)

.init_array     0x00000000080053d8        0x4
                0x00000000080053d8                . = ALIGN (0x4)
                0x00000000080053d8                PROVIDE (__init_array_start = .)
 *(SORT_BY_NAME(.init_array.*))
 *(.init_array*)
 .init_array    0x00000000080053d8        0x4 C:/ST/STM32CubeIDE_1.13.1/STM32CubeIDE/plugins/com.st.stm32cube.ide.mcu.externaltools.gnu-tools-for-stm32.11.3.rel1.win32_1.1.0.202305231506/tools/bin/../lib/gcc/arm-none-eabi/11.3.1/thumb/v7e-m+dp/hard/crtbegin.o
                0x00000000080053dc                PROVIDE (__init_array_end = .)
                0x00000000080053dc                . = ALIGN (0x4)

.fini_array     0x00000000080053dc        0x4
                0x00000000080053dc                . = ALIGN (0x4)
                [!provide]                        PROVIDE (__fini_array_start = .)
 *(SORT_BY_NAME(.fini_array.*))
 *(.fini_array*)
 .fini_array    0x00000000080053dc        0x4 C:/ST/STM32CubeIDE_1.13.1/STM32CubeIDE/plugins/com.st.stm32cube.ide.mcu.externaltools.gnu-tools-for-stm32.11.3.rel1.win32_1.1.0.202305231506/tools/bin/../lib/gcc/arm-none-eabi/11.3.1/thumb/v7e-m+dp/hard/crtbegin.o
                [!provide]                        PROVIDE (__fini_array_end = .)
                0x00000000080053e0                . = ALIGN (0x4)
                0x00000000080053e0                _sidata = LOADADDR (.data)

.data           0x0000000020000000       0x70 load address 0x00000000080053e0
                0x0000000020000000                . = ALIGN (0x4)
                0x0000000020000000                _sdata = .
 *(.data)
 *(.data*)
 .data.home     0x0000000020000000        0x4 ./Core/Src/ESP_DATA_HANDLER.o
                0x0000000020000000                home
 .data.page1    0x0000000020000004        0x4 ./Core/Src/ESP_DATA_HANDLER.o
                0x0000000020000004                page1
 .data.page2_Top
                0x0000000020000008        0x4 ./Core/Src/ESP_DATA_HANDLER.o
                0x0000000020000008                page2_Top
 .data.page2_end
                0x000000002000000c        0x4 ./Core/Src/ESP_DATA_HANDLER.o
                0x000000002000000c                page2_end
 .data.table    0x0000000020000010        0x4 ./Core/Src/ESP_DATA_HANDLER.o
                0x0000000020000010                table
 .data.SystemCoreClock
                0x0000000020000014        0x4 ./Core/Src/system_stm32f7xx.o
                0x0000000020000014                SystemCoreClock
 .data.uwTickPrio
                0x0000000020000018        0x4 ./Drivers/STM32F7xx_HAL_Driver/Src/stm32f7xx_hal.o
                0x0000000020000018                uwTickPrio
 .data.uwTickFreq
                0x000000002000001c        0x1 ./Drivers/STM32F7xx_HAL_Driver/Src/stm32f7xx_hal.o
                0x000000002000001c                uwTickFreq
 *fill*         0x000000002000001d        0x3 
 .data._impure_data
                0x0000000020000020       0x4c C:/ST/STM32CubeIDE_1.13.1/STM32CubeIDE/plugins/com.st.stm32cube.ide.mcu.externaltools.gnu-tools-for-stm32.11.3.rel1.win32_1.1.0.202305231506/tools/bin/../lib/gcc/arm-none-eabi/11.3.1/../../../../arm-none-eabi/lib/thumb/v7e-m+dp/hard\libc_nano.a(libc_a-impure.o)
                0x0000000020000020                _impure_data
 .data._impure_ptr
                0x000000002000006c        0x4 C:/ST/STM32CubeIDE_1.13.1/STM32CubeIDE/plugins/com.st.stm32cube.ide.mcu.externaltools.gnu-tools-for-stm32.11.3.rel1.win32_1.1.0.202305231506/tools/bin/../lib/gcc/arm-none-eabi/11.3.1/../../../../arm-none-eabi/lib/thumb/v7e-m+dp/hard\libc_nano.a(libc_a-impure.o)
                0x000000002000006c                _impure_ptr
 *(.RamFunc)
 *(.RamFunc*)
                0x0000000020000070                . = ALIGN (0x4)
                0x0000000020000070                _edata = .

.igot.plt       0x0000000020000070        0x0 load address 0x0000000008005450
 .igot.plt      0x0000000020000070        0x0 C:/ST/STM32CubeIDE_1.13.1/STM32CubeIDE/plugins/com.st.stm32cube.ide.mcu.externaltools.gnu-tools-for-stm32.11.3.rel1.win32_1.1.0.202305231506/tools/bin/../lib/gcc/arm-none-eabi/11.3.1/thumb/v7e-m+dp/hard/crtbegin.o
                0x0000000020000070                . = ALIGN (0x4)

.bss            0x0000000020000070      0x3dc load address 0x0000000008005450
                0x0000000020000070                _sbss = .
                0x0000000020000070                __bss_start__ = _sbss
 *(.bss)
 .bss           0x0000000020000070       0x1c C:/ST/STM32CubeIDE_1.13.1/STM32CubeIDE/plugins/com.st.stm32cube.ide.mcu.externaltools.gnu-tools-for-stm32.11.3.rel1.win32_1.1.0.202305231506/tools/bin/../lib/gcc/arm-none-eabi/11.3.1/thumb/v7e-m+dp/hard/crtbegin.o
 *(.bss*)
 .bss.user      0x000000002000008c      0x14a ./Core/Src/ESP_DATA_HANDLER.o
                0x000000002000008c                user
 *fill*         0x00000000200001d6        0x2 
 .bss.usernumber
                0x00000000200001d8        0x4 ./Core/Src/ESP_DATA_HANDLER.o
                0x00000000200001d8                usernumber
 .bss.rx_buffer
                0x00000000200001dc       0x48 ./Core/Src/UartRingbuffer.o
                0x00000000200001dc                rx_buffer
 .bss.tx_buffer
                0x0000000020000224       0x48 ./Core/Src/UartRingbuffer.o
                0x0000000020000224                tx_buffer
 .bss._rx_buffer
                0x000000002000026c        0x4 ./Core/Src/UartRingbuffer.o
                0x000000002000026c                _rx_buffer
 .bss._tx_buffer
                0x0000000020000270        0x4 ./Core/Src/UartRingbuffer.o
                0x0000000020000270                _tx_buffer
 .bss.__sbrk_heap_end
                0x0000000020000274        0x4 ./Core/Src/sysmem.o
 .bss.huart1    0x0000000020000278       0x88 ./Core/Src/usart.o
                0x0000000020000278                huart1
 .bss.uwTick    0x0000000020000300        0x4 ./Drivers/STM32F7xx_HAL_Driver/Src/stm32f7xx_hal.o
                0x0000000020000300                uwTick
 .bss.__sf      0x0000000020000304      0x138 C:/ST/STM32CubeIDE_1.13.1/STM32CubeIDE/plugins/com.st.stm32cube.ide.mcu.externaltools.gnu-tools-for-stm32.11.3.rel1.win32_1.1.0.202305231506/tools/bin/../lib/gcc/arm-none-eabi/11.3.1/../../../../arm-none-eabi/lib/thumb/v7e-m+dp/hard\libc_nano.a(libc_a-findfp.o)
                0x0000000020000304                __sf
 .bss.errno     0x000000002000043c        0x4 C:/ST/STM32CubeIDE_1.13.1/STM32CubeIDE/plugins/com.st.stm32cube.ide.mcu.externaltools.gnu-tools-for-stm32.11.3.rel1.win32_1.1.0.202305231506/tools/bin/../lib/gcc/arm-none-eabi/11.3.1/../../../../arm-none-eabi/lib/thumb/v7e-m+dp/hard\libc_nano.a(libc_a-reent.o)
                0x000000002000043c                errno
 .bss.__lock___malloc_recursive_mutex
                0x0000000020000440        0x1 C:/ST/STM32CubeIDE_1.13.1/STM32CubeIDE/plugins/com.st.stm32cube.ide.mcu.externaltools.gnu-tools-for-stm32.11.3.rel1.win32_1.1.0.202305231506/tools/bin/../lib/gcc/arm-none-eabi/11.3.1/../../../../arm-none-eabi/lib/thumb/v7e-m+dp/hard\libc_nano.a(libc_a-lock.o)
                0x0000000020000440                __lock___malloc_recursive_mutex
 *fill*         0x0000000020000441        0x3 
 .bss.__malloc_free_list
                0x0000000020000444        0x4 C:/ST/STM32CubeIDE_1.13.1/STM32CubeIDE/plugins/com.st.stm32cube.ide.mcu.externaltools.gnu-tools-for-stm32.11.3.rel1.win32_1.1.0.202305231506/tools/bin/../lib/gcc/arm-none-eabi/11.3.1/../../../../arm-none-eabi/lib/thumb/v7e-m+dp/hard\libc_nano.a(libc_a-mallocr.o)
                0x0000000020000444                __malloc_free_list
 .bss.__malloc_sbrk_start
                0x0000000020000448        0x4 C:/ST/STM32CubeIDE_1.13.1/STM32CubeIDE/plugins/com.st.stm32cube.ide.mcu.externaltools.gnu-tools-for-stm32.11.3.rel1.win32_1.1.0.202305231506/tools/bin/../lib/gcc/arm-none-eabi/11.3.1/../../../../arm-none-eabi/lib/thumb/v7e-m+dp/hard\libc_nano.a(libc_a-mallocr.o)
                0x0000000020000448                __malloc_sbrk_start
 *(COMMON)
                0x000000002000044c                . = ALIGN (0x4)
                0x000000002000044c                _ebss = .
                0x000000002000044c                __bss_end__ = _ebss

._user_heap_stack
                0x000000002000044c      0x604 load address 0x0000000008005450
                0x0000000020000450                . = ALIGN (0x8)
 *fill*         0x000000002000044c        0x4 
                [!provide]                        PROVIDE (end = .)
                0x0000000020000450                PROVIDE (_end = .)
                0x0000000020000650                . = (. + _Min_Heap_Size)
 *fill*         0x0000000020000450      0x200 
                0x0000000020000a50                . = (. + _Min_Stack_Size)
 *fill*         0x0000000020000650      0x400 
                0x0000000020000a50                . = ALIGN (0x8)

/DISCARD/
 libc.a(*)
 libm.a(*)
 libgcc.a(*)

.ARM.attributes
                0x0000000000000000       0x2e
 *(.ARM.attributes)
 .ARM.attributes
                0x0000000000000000       0x1e C:/ST/STM32CubeIDE_1.13.1/STM32CubeIDE/plugins/com.st.stm32cube.ide.mcu.externaltools.gnu-tools-for-stm32.11.3.rel1.win32_1.1.0.202305231506/tools/bin/../lib/gcc/arm-none-eabi/11.3.1/thumb/v7e-m+dp/hard/crti.o
 .ARM.attributes
                0x000000000000001e       0x32 C:/ST/STM32CubeIDE_1.13.1/STM32CubeIDE/plugins/com.st.stm32cube.ide.mcu.externaltools.gnu-tools-for-stm32.11.3.rel1.win32_1.1.0.202305231506/tools/bin/../lib/gcc/arm-none-eabi/11.3.1/thumb/v7e-m+dp/hard/crtbegin.o
 .ARM.attributes
                0x0000000000000050       0x32 ./Core/Src/ESP_DATA_HANDLER.o
 .ARM.attributes
                0x0000000000000082       0x32 ./Core/Src/UartRingbuffer.o
 .ARM.attributes
                0x00000000000000b4       0x32 ./Core/Src/gpio.o
 .ARM.attributes
                0x00000000000000e6       0x32 ./Core/Src/main.o
 .ARM.attributes
                0x0000000000000118       0x32 ./Core/Src/stm32f7xx_hal_msp.o
 .ARM.attributes
                0x000000000000014a       0x32 ./Core/Src/stm32f7xx_it.o
 .ARM.attributes
                0x000000000000017c       0x32 ./Core/Src/sysmem.o
 .ARM.attributes
                0x00000000000001ae       0x32 ./Core/Src/system_stm32f7xx.o
 .ARM.attributes
                0x00000000000001e0       0x32 ./Core/Src/usart.o
 .ARM.attributes
                0x0000000000000212       0x21 ./Core/Startup/startup_stm32f767zitx.o
 .ARM.attributes
                0x0000000000000233       0x32 ./Drivers/STM32F7xx_HAL_Driver/Src/stm32f7xx_hal.o
 .ARM.attributes
                0x0000000000000265       0x32 ./Drivers/STM32F7xx_HAL_Driver/Src/stm32f7xx_hal_cortex.o
 .ARM.attributes
                0x0000000000000297       0x32 ./Drivers/STM32F7xx_HAL_Driver/Src/stm32f7xx_hal_dma.o
 .ARM.attributes
                0x00000000000002c9       0x32 ./Drivers/STM32F7xx_HAL_Driver/Src/stm32f7xx_hal_gpio.o
 .ARM.attributes
                0x00000000000002fb       0x32 ./Drivers/STM32F7xx_HAL_Driver/Src/stm32f7xx_hal_pwr_ex.o
 .ARM.attributes
                0x000000000000032d       0x32 ./Drivers/STM32F7xx_HAL_Driver/Src/stm32f7xx_hal_rcc.o
 .ARM.attributes
                0x000000000000035f       0x32 ./Drivers/STM32F7xx_HAL_Driver/Src/stm32f7xx_hal_rcc_ex.o
 .ARM.attributes
                0x0000000000000391       0x32 ./Drivers/STM32F7xx_HAL_Driver/Src/stm32f7xx_hal_uart.o
 .ARM.attributes
                0x00000000000003c3       0x32 C:/ST/STM32CubeIDE_1.13.1/STM32CubeIDE/plugins/com.st.stm32cube.ide.mcu.externaltools.gnu-tools-for-stm32.11.3.rel1.win32_1.1.0.202305231506/tools/bin/../lib/gcc/arm-none-eabi/11.3.1/../../../../arm-none-eabi/lib/thumb/v7e-m+dp/hard\libc_nano.a(libc_a-findfp.o)
 .ARM.attributes
                0x00000000000003f5       0x32 C:/ST/STM32CubeIDE_1.13.1/STM32CubeIDE/plugins/com.st.stm32cube.ide.mcu.externaltools.gnu-tools-for-stm32.11.3.rel1.win32_1.1.0.202305231506/tools/bin/../lib/gcc/arm-none-eabi/11.3.1/../../../../arm-none-eabi/lib/thumb/v7e-m+dp/hard\libc_nano.a(libc_a-sprintf.o)
 .ARM.attributes
                0x0000000000000427       0x32 C:/ST/STM32CubeIDE_1.13.1/STM32CubeIDE/plugins/com.st.stm32cube.ide.mcu.externaltools.gnu-tools-for-stm32.11.3.rel1.win32_1.1.0.202305231506/tools/bin/../lib/gcc/arm-none-eabi/11.3.1/../../../../arm-none-eabi/lib/thumb/v7e-m+dp/hard\libc_nano.a(libc_a-memset.o)
 .ARM.attributes
                0x0000000000000459       0x32 C:/ST/STM32CubeIDE_1.13.1/STM32CubeIDE/plugins/com.st.stm32cube.ide.mcu.externaltools.gnu-tools-for-stm32.11.3.rel1.win32_1.1.0.202305231506/tools/bin/../lib/gcc/arm-none-eabi/11.3.1/../../../../arm-none-eabi/lib/thumb/v7e-m+dp/hard\libc_nano.a(libc_a-strcat.o)
 .ARM.attributes
                0x000000000000048b       0x32 C:/ST/STM32CubeIDE_1.13.1/STM32CubeIDE/plugins/com.st.stm32cube.ide.mcu.externaltools.gnu-tools-for-stm32.11.3.rel1.win32_1.1.0.202305231506/tools/bin/../lib/gcc/arm-none-eabi/11.3.1/../../../../arm-none-eabi/lib/thumb/v7e-m+dp/hard\libc_nano.a(libc_a-reent.o)
 .ARM.attributes
                0x00000000000004bd       0x32 C:/ST/STM32CubeIDE_1.13.1/STM32CubeIDE/plugins/com.st.stm32cube.ide.mcu.externaltools.gnu-tools-for-stm32.11.3.rel1.win32_1.1.0.202305231506/tools/bin/../lib/gcc/arm-none-eabi/11.3.1/../../../../arm-none-eabi/lib/thumb/v7e-m+dp/hard\libc_nano.a(libc_a-impure.o)
 .ARM.attributes
                0x00000000000004ef       0x32 C:/ST/STM32CubeIDE_1.13.1/STM32CubeIDE/plugins/com.st.stm32cube.ide.mcu.externaltools.gnu-tools-for-stm32.11.3.rel1.win32_1.1.0.202305231506/tools/bin/../lib/gcc/arm-none-eabi/11.3.1/../../../../arm-none-eabi/lib/thumb/v7e-m+dp/hard\libc_nano.a(libc_a-errno.o)
 .ARM.attributes
                0x0000000000000521       0x32 C:/ST/STM32CubeIDE_1.13.1/STM32CubeIDE/plugins/com.st.stm32cube.ide.mcu.externaltools.gnu-tools-for-stm32.11.3.rel1.win32_1.1.0.202305231506/tools/bin/../lib/gcc/arm-none-eabi/11.3.1/../../../../arm-none-eabi/lib/thumb/v7e-m+dp/hard\libc_nano.a(libc_a-init.o)
 .ARM.attributes
                0x0000000000000553       0x32 C:/ST/STM32CubeIDE_1.13.1/STM32CubeIDE/plugins/com.st.stm32cube.ide.mcu.externaltools.gnu-tools-for-stm32.11.3.rel1.win32_1.1.0.202305231506/tools/bin/../lib/gcc/arm-none-eabi/11.3.1/../../../../arm-none-eabi/lib/thumb/v7e-m+dp/hard\libc_nano.a(libc_a-lock.o)
 .ARM.attributes
                0x0000000000000585       0x1c C:/ST/STM32CubeIDE_1.13.1/STM32CubeIDE/plugins/com.st.stm32cube.ide.mcu.externaltools.gnu-tools-for-stm32.11.3.rel1.win32_1.1.0.202305231506/tools/bin/../lib/gcc/arm-none-eabi/11.3.1/../../../../arm-none-eabi/lib/thumb/v7e-m+dp/hard\libc_nano.a(libc_a-strcmp.o)
 .ARM.attributes
                0x00000000000005a1       0x17 C:/ST/STM32CubeIDE_1.13.1/STM32CubeIDE/plugins/com.st.stm32cube.ide.mcu.externaltools.gnu-tools-for-stm32.11.3.rel1.win32_1.1.0.202305231506/tools/bin/../lib/gcc/arm-none-eabi/11.3.1/../../../../arm-none-eabi/lib/thumb/v7e-m+dp/hard\libc_nano.a(libc_a-strlen.o)
 .ARM.attributes
                0x00000000000005b8       0x32 C:/ST/STM32CubeIDE_1.13.1/STM32CubeIDE/plugins/com.st.stm32cube.ide.mcu.externaltools.gnu-tools-for-stm32.11.3.rel1.win32_1.1.0.202305231506/tools/bin/../lib/gcc/arm-none-eabi/11.3.1/../../../../arm-none-eabi/lib/thumb/v7e-m+dp/hard\libc_nano.a(libc_a-freer.o)
 .ARM.attributes
                0x00000000000005ea       0x32 C:/ST/STM32CubeIDE_1.13.1/STM32CubeIDE/plugins/com.st.stm32cube.ide.mcu.externaltools.gnu-tools-for-stm32.11.3.rel1.win32_1.1.0.202305231506/tools/bin/../lib/gcc/arm-none-eabi/11.3.1/../../../../arm-none-eabi/lib/thumb/v7e-m+dp/hard\libc_nano.a(libc_a-mallocr.o)
 .ARM.attributes
                0x000000000000061c       0x32 C:/ST/STM32CubeIDE_1.13.1/STM32CubeIDE/plugins/com.st.stm32cube.ide.mcu.externaltools.gnu-tools-for-stm32.11.3.rel1.win32_1.1.0.202305231506/tools/bin/../lib/gcc/arm-none-eabi/11.3.1/../../../../arm-none-eabi/lib/thumb/v7e-m+dp/hard\libc_nano.a(libc_a-mlock.o)
 .ARM.attributes
                0x000000000000064e       0x32 C:/ST/STM32CubeIDE_1.13.1/STM32CubeIDE/plugins/com.st.stm32cube.ide.mcu.externaltools.gnu-tools-for-stm32.11.3.rel1.win32_1.1.0.202305231506/tools/bin/../lib/gcc/arm-none-eabi/11.3.1/../../../../arm-none-eabi/lib/thumb/v7e-m+dp/hard\libc_nano.a(libc_a-nano-svfprintf.o)
 .ARM.attributes
                0x0000000000000680       0x32 C:/ST/STM32CubeIDE_1.13.1/STM32CubeIDE/plugins/com.st.stm32cube.ide.mcu.externaltools.gnu-tools-for-stm32.11.3.rel1.win32_1.1.0.202305231506/tools/bin/../lib/gcc/arm-none-eabi/11.3.1/../../../../arm-none-eabi/lib/thumb/v7e-m+dp/hard\libc_nano.a(libc_a-nano-vfprintf_i.o)
 .ARM.attributes
                0x00000000000006b2       0x32 C:/ST/STM32CubeIDE_1.13.1/STM32CubeIDE/plugins/com.st.stm32cube.ide.mcu.externaltools.gnu-tools-for-stm32.11.3.rel1.win32_1.1.0.202305231506/tools/bin/../lib/gcc/arm-none-eabi/11.3.1/../../../../arm-none-eabi/lib/thumb/v7e-m+dp/hard\libc_nano.a(libc_a-memmove.o)
 .ARM.attributes
                0x00000000000006e4       0x32 C:/ST/STM32CubeIDE_1.13.1/STM32CubeIDE/plugins/com.st.stm32cube.ide.mcu.externaltools.gnu-tools-for-stm32.11.3.rel1.win32_1.1.0.202305231506/tools/bin/../lib/gcc/arm-none-eabi/11.3.1/../../../../arm-none-eabi/lib/thumb/v7e-m+dp/hard\libc_nano.a(libc_a-sbrkr.o)
 .ARM.attributes
                0x0000000000000716       0x1c C:/ST/STM32CubeIDE_1.13.1/STM32CubeIDE/plugins/com.st.stm32cube.ide.mcu.externaltools.gnu-tools-for-stm32.11.3.rel1.win32_1.1.0.202305231506/tools/bin/../lib/gcc/arm-none-eabi/11.3.1/../../../../arm-none-eabi/lib/thumb/v7e-m+dp/hard\libc_nano.a(libc_a-memchr.o)
 .ARM.attributes
                0x0000000000000732       0x32 C:/ST/STM32CubeIDE_1.13.1/STM32CubeIDE/plugins/com.st.stm32cube.ide.mcu.externaltools.gnu-tools-for-stm32.11.3.rel1.win32_1.1.0.202305231506/tools/bin/../lib/gcc/arm-none-eabi/11.3.1/../../../../arm-none-eabi/lib/thumb/v7e-m+dp/hard\libc_nano.a(libc_a-memcpy-stub.o)
 .ARM.attributes
                0x0000000000000764       0x32 C:/ST/STM32CubeIDE_1.13.1/STM32CubeIDE/plugins/com.st.stm32cube.ide.mcu.externaltools.gnu-tools-for-stm32.11.3.rel1.win32_1.1.0.202305231506/tools/bin/../lib/gcc/arm-none-eabi/11.3.1/../../../../arm-none-eabi/lib/thumb/v7e-m+dp/hard\libc_nano.a(libc_a-reallocr.o)
 .ARM.attributes
                0x0000000000000796       0x32 C:/ST/STM32CubeIDE_1.13.1/STM32CubeIDE/plugins/com.st.stm32cube.ide.mcu.externaltools.gnu-tools-for-stm32.11.3.rel1.win32_1.1.0.202305231506/tools/bin/../lib/gcc/arm-none-eabi/11.3.1/../../../../arm-none-eabi/lib/thumb/v7e-m+dp/hard\libc_nano.a(libc_a-msizer.o)
 .ARM.attributes
                0x00000000000007c8       0x1e C:/ST/STM32CubeIDE_1.13.1/STM32CubeIDE/plugins/com.st.stm32cube.ide.mcu.externaltools.gnu-tools-for-stm32.11.3.rel1.win32_1.1.0.202305231506/tools/bin/../lib/gcc/arm-none-eabi/11.3.1/thumb/v7e-m+dp/hard\libgcc.a(_aeabi_uldivmod.o)
 .ARM.attributes
                0x00000000000007e6       0x32 C:/ST/STM32CubeIDE_1.13.1/STM32CubeIDE/plugins/com.st.stm32cube.ide.mcu.externaltools.gnu-tools-for-stm32.11.3.rel1.win32_1.1.0.202305231506/tools/bin/../lib/gcc/arm-none-eabi/11.3.1/thumb/v7e-m+dp/hard\libgcc.a(_udivmoddi4.o)
 .ARM.attributes
                0x0000000000000818       0x1e C:/ST/STM32CubeIDE_1.13.1/STM32CubeIDE/plugins/com.st.stm32cube.ide.mcu.externaltools.gnu-tools-for-stm32.11.3.rel1.win32_1.1.0.202305231506/tools/bin/../lib/gcc/arm-none-eabi/11.3.1/thumb/v7e-m+dp/hard\libgcc.a(_dvmd_tls.o)
 .ARM.attributes
                0x0000000000000836       0x1e C:/ST/STM32CubeIDE_1.13.1/STM32CubeIDE/plugins/com.st.stm32cube.ide.mcu.externaltools.gnu-tools-for-stm32.11.3.rel1.win32_1.1.0.202305231506/tools/bin/../lib/gcc/arm-none-eabi/11.3.1/thumb/v7e-m+dp/hard/crtn.o
OUTPUT(FreeRTOS_WiFi_v3.elf elf32-littlearm)
LOAD linker stubs
LOAD C:/ST/STM32CubeIDE_1.13.1/STM32CubeIDE/plugins/com.st.stm32cube.ide.mcu.externaltools.gnu-tools-for-stm32.11.3.rel1.win32_1.1.0.202305231506/tools/bin/../lib/gcc/arm-none-eabi/11.3.1/../../../../arm-none-eabi/lib/thumb/v7e-m+dp/hard\libc.a
LOAD C:/ST/STM32CubeIDE_1.13.1/STM32CubeIDE/plugins/com.st.stm32cube.ide.mcu.externaltools.gnu-tools-for-stm32.11.3.rel1.win32_1.1.0.202305231506/tools/bin/../lib/gcc/arm-none-eabi/11.3.1/../../../../arm-none-eabi/lib/thumb/v7e-m+dp/hard\libm.a
LOAD C:/ST/STM32CubeIDE_1.13.1/STM32CubeIDE/plugins/com.st.stm32cube.ide.mcu.externaltools.gnu-tools-for-stm32.11.3.rel1.win32_1.1.0.202305231506/tools/bin/../lib/gcc/arm-none-eabi/11.3.1/thumb/v7e-m+dp/hard\libgcc.a

.comment        0x0000000000000000       0x43
 .comment       0x0000000000000000       0x43 C:/ST/STM32CubeIDE_1.13.1/STM32CubeIDE/plugins/com.st.stm32cube.ide.mcu.externaltools.gnu-tools-for-stm32.11.3.rel1.win32_1.1.0.202305231506/tools/bin/../lib/gcc/arm-none-eabi/11.3.1/thumb/v7e-m+dp/hard/crtbegin.o
                                         0x44 (size before relaxing)
 .comment       0x0000000000000043       0x44 ./Core/Src/ESP_DATA_HANDLER.o
 .comment       0x0000000000000043       0x44 ./Core/Src/UartRingbuffer.o
 .comment       0x0000000000000043       0x44 ./Core/Src/gpio.o
 .comment       0x0000000000000043       0x44 ./Core/Src/main.o
 .comment       0x0000000000000043       0x44 ./Core/Src/stm32f7xx_hal_msp.o
 .comment       0x0000000000000043       0x44 ./Core/Src/stm32f7xx_it.o
 .comment       0x0000000000000043       0x44 ./Core/Src/sysmem.o
 .comment       0x0000000000000043       0x44 ./Core/Src/system_stm32f7xx.o
 .comment       0x0000000000000043       0x44 ./Core/Src/usart.o
 .comment       0x0000000000000043       0x44 ./Drivers/STM32F7xx_HAL_Driver/Src/stm32f7xx_hal.o
 .comment       0x0000000000000043       0x44 ./Drivers/STM32F7xx_HAL_Driver/Src/stm32f7xx_hal_cortex.o
 .comment       0x0000000000000043       0x44 ./Drivers/STM32F7xx_HAL_Driver/Src/stm32f7xx_hal_dma.o
 .comment       0x0000000000000043       0x44 ./Drivers/STM32F7xx_HAL_Driver/Src/stm32f7xx_hal_gpio.o
 .comment       0x0000000000000043       0x44 ./Drivers/STM32F7xx_HAL_Driver/Src/stm32f7xx_hal_pwr_ex.o
 .comment       0x0000000000000043       0x44 ./Drivers/STM32F7xx_HAL_Driver/Src/stm32f7xx_hal_rcc.o
 .comment       0x0000000000000043       0x44 ./Drivers/STM32F7xx_HAL_Driver/Src/stm32f7xx_hal_rcc_ex.o
 .comment       0x0000000000000043       0x44 ./Drivers/STM32F7xx_HAL_Driver/Src/stm32f7xx_hal_uart.o

.debug_info     0x0000000000000000     0xb8e4
 .debug_info    0x0000000000000000      0x4c4 ./Core/Src/ESP_DATA_HANDLER.o
 .debug_info    0x00000000000004c4      0xbbe ./Core/Src/UartRingbuffer.o
 .debug_info    0x0000000000001082      0x47d ./Core/Src/gpio.o
 .debug_info    0x00000000000014ff      0x51b ./Core/Src/main.o
 .debug_info    0x0000000000001a1a      0x28d ./Core/Src/stm32f7xx_hal_msp.o
 .debug_info    0x0000000000001ca7      0x730 ./Core/Src/stm32f7xx_it.o
 .debug_info    0x00000000000023d7      0x168 ./Core/Src/sysmem.o
 .debug_info    0x000000000000253f      0x6ed ./Core/Src/system_stm32f7xx.o
 .debug_info    0x0000000000002c2c      0xf92 ./Core/Src/usart.o
 .debug_info    0x0000000000003bbe       0x23 ./Core/Startup/startup_stm32f767zitx.o
 .debug_info    0x0000000000003be1      0xa4c ./Drivers/STM32F7xx_HAL_Driver/Src/stm32f7xx_hal.o
 .debug_info    0x000000000000462d      0xf8b ./Drivers/STM32F7xx_HAL_Driver/Src/stm32f7xx_hal_cortex.o
 .debug_info    0x00000000000055b8      0x8e7 ./Drivers/STM32F7xx_HAL_Driver/Src/stm32f7xx_hal_dma.o
 .debug_info    0x0000000000005e9f      0x6f3 ./Drivers/STM32F7xx_HAL_Driver/Src/stm32f7xx_hal_gpio.o
 .debug_info    0x0000000000006592      0x8cd ./Drivers/STM32F7xx_HAL_Driver/Src/stm32f7xx_hal_pwr_ex.o
 .debug_info    0x0000000000006e5f      0x937 ./Drivers/STM32F7xx_HAL_Driver/Src/stm32f7xx_hal_rcc.o
 .debug_info    0x0000000000007796      0x6e1 ./Drivers/STM32F7xx_HAL_Driver/Src/stm32f7xx_hal_rcc_ex.o
 .debug_info    0x0000000000007e77     0x3a6d ./Drivers/STM32F7xx_HAL_Driver/Src/stm32f7xx_hal_uart.o

.debug_abbrev   0x0000000000000000     0x2169
 .debug_abbrev  0x0000000000000000      0x1a4 ./Core/Src/ESP_DATA_HANDLER.o
 .debug_abbrev  0x00000000000001a4      0x32e ./Core/Src/UartRingbuffer.o
 .debug_abbrev  0x00000000000004d2      0x152 ./Core/Src/gpio.o
 .debug_abbrev  0x0000000000000624      0x1ed ./Core/Src/main.o
 .debug_abbrev  0x0000000000000811       0xd8 ./Core/Src/stm32f7xx_hal_msp.o
 .debug_abbrev  0x00000000000008e9      0x189 ./Core/Src/stm32f7xx_it.o
 .debug_abbrev  0x0000000000000a72       0xbc ./Core/Src/sysmem.o
 .debug_abbrev  0x0000000000000b2e      0x13b ./Core/Src/system_stm32f7xx.o
 .debug_abbrev  0x0000000000000c69      0x218 ./Core/Src/usart.o
 .debug_abbrev  0x0000000000000e81       0x12 ./Core/Startup/startup_stm32f767zitx.o
 .debug_abbrev  0x0000000000000e93      0x213 ./Drivers/STM32F7xx_HAL_Driver/Src/stm32f7xx_hal.o
 .debug_abbrev  0x00000000000010a6      0x329 ./Drivers/STM32F7xx_HAL_Driver/Src/stm32f7xx_hal_cortex.o
 .debug_abbrev  0x00000000000013cf      0x264 ./Drivers/STM32F7xx_HAL_Driver/Src/stm32f7xx_hal_dma.o
 .debug_abbrev  0x0000000000001633      0x1d4 ./Drivers/STM32F7xx_HAL_Driver/Src/stm32f7xx_hal_gpio.o
 .debug_abbrev  0x0000000000001807      0x1d5 ./Drivers/STM32F7xx_HAL_Driver/Src/stm32f7xx_hal_pwr_ex.o
 .debug_abbrev  0x00000000000019dc      0x2de ./Drivers/STM32F7xx_HAL_Driver/Src/stm32f7xx_hal_rcc.o
 .debug_abbrev  0x0000000000001cba      0x1c9 ./Drivers/STM32F7xx_HAL_Driver/Src/stm32f7xx_hal_rcc_ex.o
 .debug_abbrev  0x0000000000001e83      0x2e6 ./Drivers/STM32F7xx_HAL_Driver/Src/stm32f7xx_hal_uart.o

.debug_aranges  0x0000000000000000      0x8e0
 .debug_aranges
                0x0000000000000000       0x40 ./Core/Src/ESP_DATA_HANDLER.o
 .debug_aranges
                0x0000000000000040       0x90 ./Core/Src/UartRingbuffer.o
 .debug_aranges
                0x00000000000000d0       0x20 ./Core/Src/gpio.o
 .debug_aranges
                0x00000000000000f0       0x30 ./Core/Src/main.o
 .debug_aranges
                0x0000000000000120       0x20 ./Core/Src/stm32f7xx_hal_msp.o
 .debug_aranges
                0x0000000000000140       0x68 ./Core/Src/stm32f7xx_it.o
 .debug_aranges
                0x00000000000001a8       0x20 ./Core/Src/sysmem.o
 .debug_aranges
                0x00000000000001c8       0x28 ./Core/Src/system_stm32f7xx.o
 .debug_aranges
                0x00000000000001f0       0x30 ./Core/Src/usart.o
 .debug_aranges
                0x0000000000000220       0x28 ./Core/Startup/startup_stm32f767zitx.o
 .debug_aranges
                0x0000000000000248      0x110 ./Drivers/STM32F7xx_HAL_Driver/Src/stm32f7xx_hal.o
 .debug_aranges
                0x0000000000000358      0x118 ./Drivers/STM32F7xx_HAL_Driver/Src/stm32f7xx_hal_cortex.o
 .debug_aranges
                0x0000000000000470       0x90 ./Drivers/STM32F7xx_HAL_Driver/Src/stm32f7xx_hal_dma.o
 .debug_aranges
                0x0000000000000500       0x58 ./Drivers/STM32F7xx_HAL_Driver/Src/stm32f7xx_hal_gpio.o
 .debug_aranges
                0x0000000000000558       0x80 ./Drivers/STM32F7xx_HAL_Driver/Src/stm32f7xx_hal_pwr_ex.o
 .debug_aranges
                0x00000000000005d8       0x88 ./Drivers/STM32F7xx_HAL_Driver/Src/stm32f7xx_hal_rcc.o
 .debug_aranges
                0x0000000000000660       0x50 ./Drivers/STM32F7xx_HAL_Driver/Src/stm32f7xx_hal_rcc_ex.o
 .debug_aranges
                0x00000000000006b0      0x230 ./Drivers/STM32F7xx_HAL_Driver/Src/stm32f7xx_hal_uart.o

.debug_rnglists
                0x0000000000000000      0x6c4
 .debug_rnglists
                0x0000000000000000       0x2f ./Core/Src/ESP_DATA_HANDLER.o
 .debug_rnglists
                0x000000000000002f       0x79 ./Core/Src/UartRingbuffer.o
 .debug_rnglists
                0x00000000000000a8       0x14 ./Core/Src/gpio.o
 .debug_rnglists
                0x00000000000000bc       0x20 ./Core/Src/main.o
 .debug_rnglists
                0x00000000000000dc       0x13 ./Core/Src/stm32f7xx_hal_msp.o
 .debug_rnglists
                0x00000000000000ef       0x49 ./Core/Src/stm32f7xx_it.o
 .debug_rnglists
                0x0000000000000138       0x13 ./Core/Src/sysmem.o
 .debug_rnglists
                0x000000000000014b       0x1a ./Core/Src/system_stm32f7xx.o
 .debug_rnglists
                0x0000000000000165       0x20 ./Core/Src/usart.o
 .debug_rnglists
                0x0000000000000185       0x19 ./Core/Startup/startup_stm32f767zitx.o
 .debug_rnglists
                0x000000000000019e       0xc7 ./Drivers/STM32F7xx_HAL_Driver/Src/stm32f7xx_hal.o
 .debug_rnglists
                0x0000000000000265       0xce ./Drivers/STM32F7xx_HAL_Driver/Src/stm32f7xx_hal_cortex.o
 .debug_rnglists
                0x0000000000000333       0x70 ./Drivers/STM32F7xx_HAL_Driver/Src/stm32f7xx_hal_dma.o
 .debug_rnglists
                0x00000000000003a3       0x3f ./Drivers/STM32F7xx_HAL_Driver/Src/stm32f7xx_hal_gpio.o
 .debug_rnglists
                0x00000000000003e2       0x5f ./Drivers/STM32F7xx_HAL_Driver/Src/stm32f7xx_hal_pwr_ex.o
 .debug_rnglists
                0x0000000000000441       0x67 ./Drivers/STM32F7xx_HAL_Driver/Src/stm32f7xx_hal_rcc.o
 .debug_rnglists
                0x00000000000004a8       0x3c ./Drivers/STM32F7xx_HAL_Driver/Src/stm32f7xx_hal_rcc_ex.o
 .debug_rnglists
                0x00000000000004e4      0x1e0 ./Drivers/STM32F7xx_HAL_Driver/Src/stm32f7xx_hal_uart.o

.debug_macro    0x0000000000000000    0x27902
 .debug_macro   0x0000000000000000      0x2fd ./Core/Src/ESP_DATA_HANDLER.o
 .debug_macro   0x00000000000002fd      0xac0 ./Core/Src/ESP_DATA_HANDLER.o
 .debug_macro   0x0000000000000dbd      0x28d ./Core/Src/ESP_DATA_HANDLER.o
 .debug_macro   0x000000000000104a       0x2e ./Core/Src/ESP_DATA_HANDLER.o
 .debug_macro   0x0000000000001078       0x3b ./Core/Src/ESP_DATA_HANDLER.o
 .debug_macro   0x00000000000010b3       0x22 ./Core/Src/ESP_DATA_HANDLER.o
 .debug_macro   0x00000000000010d5       0x8e ./Core/Src/ESP_DATA_HANDLER.o
 .debug_macro   0x0000000000001163       0x51 ./Core/Src/ESP_DATA_HANDLER.o
 .debug_macro   0x00000000000011b4      0x103 ./Core/Src/ESP_DATA_HANDLER.o
 .debug_macro   0x00000000000012b7       0x6a ./Core/Src/ESP_DATA_HANDLER.o
 .debug_macro   0x0000000000001321      0x1df ./Core/Src/ESP_DATA_HANDLER.o
 .debug_macro   0x0000000000001500       0x1c ./Core/Src/ESP_DATA_HANDLER.o
 .debug_macro   0x000000000000151c       0x22 ./Core/Src/ESP_DATA_HANDLER.o
 .debug_macro   0x000000000000153e       0xd9 ./Core/Src/ESP_DATA_HANDLER.o
 .debug_macro   0x0000000000001617     0x12cd ./Core/Src/ESP_DATA_HANDLER.o
 .debug_macro   0x00000000000028e4      0x11f ./Core/Src/ESP_DATA_HANDLER.o
 .debug_macro   0x0000000000002a03       0x19 ./Core/Src/ESP_DATA_HANDLER.o
 .debug_macro   0x0000000000002a1c    0x1aa0d ./Core/Src/ESP_DATA_HANDLER.o
 .debug_macro   0x000000000001d429       0x6d ./Core/Src/ESP_DATA_HANDLER.o
 .debug_macro   0x000000000001d496     0x3749 ./Core/Src/ESP_DATA_HANDLER.o
 .debug_macro   0x0000000000020bdf      0x174 ./Core/Src/ESP_DATA_HANDLER.o
 .debug_macro   0x0000000000020d53       0x63 ./Core/Src/ESP_DATA_HANDLER.o
 .debug_macro   0x0000000000020db6     0x1add ./Core/Src/ESP_DATA_HANDLER.o
 .debug_macro   0x0000000000022893      0x6c4 ./Core/Src/ESP_DATA_HANDLER.o
 .debug_macro   0x0000000000022f57      0x18b ./Core/Src/ESP_DATA_HANDLER.o
 .debug_macro   0x00000000000230e2      0x115 ./Core/Src/ESP_DATA_HANDLER.o
 .debug_macro   0x00000000000231f7      0x26e ./Core/Src/ESP_DATA_HANDLER.o
 .debug_macro   0x0000000000023465       0xa5 ./Core/Src/ESP_DATA_HANDLER.o
 .debug_macro   0x000000000002350a      0x24f ./Core/Src/ESP_DATA_HANDLER.o
 .debug_macro   0x0000000000023759       0x71 ./Core/Src/ESP_DATA_HANDLER.o
 .debug_macro   0x00000000000237ca       0x58 ./Core/Src/ESP_DATA_HANDLER.o
 .debug_macro   0x0000000000023822      0x236 ./Core/Src/ESP_DATA_HANDLER.o
 .debug_macro   0x0000000000023a58      0x14e ./Core/Src/ESP_DATA_HANDLER.o
 .debug_macro   0x0000000000023ba6      0x3db ./Core/Src/ESP_DATA_HANDLER.o
 .debug_macro   0x0000000000023f81       0x12 ./Core/Src/ESP_DATA_HANDLER.o
 .debug_macro   0x0000000000023f93      0x22c ./Core/Src/ESP_DATA_HANDLER.o
 .debug_macro   0x00000000000241bf       0x61 ./Core/Src/ESP_DATA_HANDLER.o
 .debug_macro   0x0000000000024220       0xa5 ./Core/Src/ESP_DATA_HANDLER.o
 .debug_macro   0x00000000000242c5      0x12e ./Core/Src/ESP_DATA_HANDLER.o
 .debug_macro   0x00000000000243f3      0x108 ./Core/Src/ESP_DATA_HANDLER.o
 .debug_macro   0x00000000000244fb       0x35 ./Core/Src/ESP_DATA_HANDLER.o
 .debug_macro   0x0000000000024530      0x5ba ./Core/Src/ESP_DATA_HANDLER.o
 .debug_macro   0x0000000000024aea       0x44 ./Core/Src/ESP_DATA_HANDLER.o
 .debug_macro   0x0000000000024b2e      0x15b ./Core/Src/ESP_DATA_HANDLER.o
 .debug_macro   0x0000000000024c89       0x61 ./Core/Src/ESP_DATA_HANDLER.o
 .debug_macro   0x0000000000024cea       0x29 ./Core/Src/ESP_DATA_HANDLER.o
 .debug_macro   0x0000000000024d13       0x43 ./Core/Src/ESP_DATA_HANDLER.o
 .debug_macro   0x0000000000024d56       0x34 ./Core/Src/ESP_DATA_HANDLER.o
 .debug_macro   0x0000000000024d8a       0x16 ./Core/Src/ESP_DATA_HANDLER.o
 .debug_macro   0x0000000000024da0       0x35 ./Core/Src/ESP_DATA_HANDLER.o
 .debug_macro   0x0000000000024dd5      0x369 ./Core/Src/ESP_DATA_HANDLER.o
 .debug_macro   0x000000000002513e       0x10 ./Core/Src/ESP_DATA_HANDLER.o
 .debug_macro   0x000000000002514e       0x16 ./Core/Src/ESP_DATA_HANDLER.o
 .debug_macro   0x0000000000025164       0x43 ./Core/Src/ESP_DATA_HANDLER.o
 .debug_macro   0x00000000000251a7       0x34 ./Core/Src/ESP_DATA_HANDLER.o
 .debug_macro   0x00000000000251db       0x10 ./Core/Src/ESP_DATA_HANDLER.o
 .debug_macro   0x00000000000251eb       0x58 ./Core/Src/ESP_DATA_HANDLER.o
 .debug_macro   0x0000000000025243       0x8e ./Core/Src/ESP_DATA_HANDLER.o
 .debug_macro   0x00000000000252d1       0x1c ./Core/Src/ESP_DATA_HANDLER.o
 .debug_macro   0x00000000000252ed      0x177 ./Core/Src/ESP_DATA_HANDLER.o
 .debug_macro   0x0000000000025464       0x16 ./Core/Src/ESP_DATA_HANDLER.o
 .debug_macro   0x000000000002547a       0x16 ./Core/Src/ESP_DATA_HANDLER.o
 .debug_macro   0x0000000000025490      0x147 ./Core/Src/ESP_DATA_HANDLER.o
 .debug_macro   0x00000000000255d7       0x16 ./Core/Src/ESP_DATA_HANDLER.o
 .debug_macro   0x00000000000255ed       0x20 ./Core/Src/ESP_DATA_HANDLER.o
 .debug_macro   0x000000000002560d      0x2c6 ./Core/Src/UartRingbuffer.o
 .debug_macro   0x00000000000258d3       0x10 ./Core/Src/UartRingbuffer.o
 .debug_macro   0x00000000000258e3      0x142 ./Core/Src/UartRingbuffer.o
 .debug_macro   0x0000000000025a25      0x1e8 ./Core/Src/gpio.o
 .debug_macro   0x0000000000025c0d      0x13c ./Core/Src/gpio.o
 .debug_macro   0x0000000000025d49      0x200 ./Core/Src/main.o
 .debug_macro   0x0000000000025f49      0x1de ./Core/Src/stm32f7xx_hal_msp.o
 .debug_macro   0x0000000000026127      0x1e8 ./Core/Src/stm32f7xx_it.o
 .debug_macro   0x000000000002630f       0xff ./Core/Src/sysmem.o
 .debug_macro   0x000000000002640e      0x23c ./Core/Src/sysmem.o
 .debug_macro   0x000000000002664a      0x1cf ./Core/Src/system_stm32f7xx.o
 .debug_macro   0x0000000000026819      0x1e8 ./Core/Src/usart.o
 .debug_macro   0x0000000000026a01      0x1f3 ./Drivers/STM32F7xx_HAL_Driver/Src/stm32f7xx_hal.o
 .debug_macro   0x0000000000026bf4      0x1cf ./Drivers/STM32F7xx_HAL_Driver/Src/stm32f7xx_hal_cortex.o
 .debug_macro   0x0000000000026dc3      0x1d5 ./Drivers/STM32F7xx_HAL_Driver/Src/stm32f7xx_hal_dma.o
 .debug_macro   0x0000000000026f98      0x1d5 ./Drivers/STM32F7xx_HAL_Driver/Src/stm32f7xx_hal_gpio.o
 .debug_macro   0x000000000002716d      0x1e7 ./Drivers/STM32F7xx_HAL_Driver/Src/stm32f7xx_hal_pwr_ex.o
 .debug_macro   0x0000000000027354      0x1f3 ./Drivers/STM32F7xx_HAL_Driver/Src/stm32f7xx_hal_rcc.o
 .debug_macro   0x0000000000027547      0x1cf ./Drivers/STM32F7xx_HAL_Driver/Src/stm32f7xx_hal_rcc_ex.o
 .debug_macro   0x0000000000027716      0x1ec ./Drivers/STM32F7xx_HAL_Driver/Src/stm32f7xx_hal_uart.o

.debug_line     0x0000000000000000     0xd92c
 .debug_line    0x0000000000000000      0xb07 ./Core/Src/ESP_DATA_HANDLER.o
 .debug_line    0x0000000000000b07      0xe64 ./Core/Src/UartRingbuffer.o
 .debug_line    0x000000000000196b      0x7de ./Core/Src/gpio.o
 .debug_line    0x0000000000002149      0x7ea ./Core/Src/main.o
 .debug_line    0x0000000000002933      0x741 ./Core/Src/stm32f7xx_hal_msp.o
 .debug_line    0x0000000000003074      0x81e ./Core/Src/stm32f7xx_it.o
 .debug_line    0x0000000000003892      0x579 ./Core/Src/sysmem.o
 .debug_line    0x0000000000003e0b      0x7c0 ./Core/Src/system_stm32f7xx.o
 .debug_line    0x00000000000045cb      0x7d5 ./Core/Src/usart.o
 .debug_line    0x0000000000004da0       0x7a ./Core/Startup/startup_stm32f767zitx.o
 .debug_line    0x0000000000004e1a      0xa81 ./Drivers/STM32F7xx_HAL_Driver/Src/stm32f7xx_hal.o
 .debug_line    0x000000000000589b      0xcd7 ./Drivers/STM32F7xx_HAL_Driver/Src/stm32f7xx_hal_cortex.o
 .debug_line    0x0000000000006572      0xfa0 ./Drivers/STM32F7xx_HAL_Driver/Src/stm32f7xx_hal_dma.o
 .debug_line    0x0000000000007512      0xbc5 ./Drivers/STM32F7xx_HAL_Driver/Src/stm32f7xx_hal_gpio.o
 .debug_line    0x00000000000080d7      0x9bd ./Drivers/STM32F7xx_HAL_Driver/Src/stm32f7xx_hal_pwr_ex.o
 .debug_line    0x0000000000008a94      0xec0 ./Drivers/STM32F7xx_HAL_Driver/Src/stm32f7xx_hal_rcc.o
 .debug_line    0x0000000000009954      0xe97 ./Drivers/STM32F7xx_HAL_Driver/Src/stm32f7xx_hal_rcc_ex.o
 .debug_line    0x000000000000a7eb     0x3141 ./Drivers/STM32F7xx_HAL_Driver/Src/stm32f7xx_hal_uart.o

.debug_str      0x0000000000000000    0xf198d
 .debug_str     0x0000000000000000    0xee049 ./Core/Src/ESP_DATA_HANDLER.o
                                      0xee731 (size before relaxing)
 .debug_str     0x00000000000ee049      0xad2 ./Core/Src/UartRingbuffer.o
                                      0xeeadb (size before relaxing)
 .debug_str     0x00000000000eeb1b      0x1f9 ./Core/Src/gpio.o
                                      0xeb495 (size before relaxing)
 .debug_str     0x00000000000eed14      0x1e6 ./Core/Src/main.o
                                      0xeb5e6 (size before relaxing)
 .debug_str     0x00000000000eeefa       0x2c ./Core/Src/stm32f7xx_hal_msp.o
                                      0xeb3b8 (size before relaxing)
 .debug_str     0x00000000000eef26       0xef ./Core/Src/stm32f7xx_it.o
                                      0xeb806 (size before relaxing)
 .debug_str     0x00000000000ef015      0x4dc ./Core/Src/sysmem.o
                                       0x60cd (size before relaxing)
 .debug_str     0x00000000000ef4f1      0x1a4 ./Core/Src/system_stm32f7xx.o
                                      0xeb049 (size before relaxing)
 .debug_str     0x00000000000ef695      0x95f ./Core/Src/usart.o
                                      0xec2c7 (size before relaxing)
 .debug_str     0x00000000000efff4       0x34 ./Core/Startup/startup_stm32f767zitx.o
                                         0x96 (size before relaxing)
 .debug_str     0x00000000000f0028      0x447 ./Drivers/STM32F7xx_HAL_Driver/Src/stm32f7xx_hal.o
                                      0xeba89 (size before relaxing)
 .debug_str     0x00000000000f046f      0x323 ./Drivers/STM32F7xx_HAL_Driver/Src/stm32f7xx_hal_cortex.o
                                      0xeba39 (size before relaxing)
 .debug_str     0x00000000000f0792      0x333 ./Drivers/STM32F7xx_HAL_Driver/Src/stm32f7xx_hal_dma.o
                                      0xeb388 (size before relaxing)
 .debug_str     0x00000000000f0ac5      0x105 ./Drivers/STM32F7xx_HAL_Driver/Src/stm32f7xx_hal_gpio.o
                                      0xeb107 (size before relaxing)
 .debug_str     0x00000000000f0bca      0x1d1 ./Drivers/STM32F7xx_HAL_Driver/Src/stm32f7xx_hal_pwr_ex.o
                                      0xeb2b8 (size before relaxing)
 .debug_str     0x00000000000f0d9b      0x260 ./Drivers/STM32F7xx_HAL_Driver/Src/stm32f7xx_hal_rcc.o
                                      0xeb3c4 (size before relaxing)
 .debug_str     0x00000000000f0ffb      0x147 ./Drivers/STM32F7xx_HAL_Driver/Src/stm32f7xx_hal_rcc_ex.o
                                      0xeb327 (size before relaxing)
 .debug_str     0x00000000000f1142      0x84b ./Drivers/STM32F7xx_HAL_Driver/Src/stm32f7xx_hal_uart.o
                                      0xebd12 (size before relaxing)

.debug_frame    0x0000000000000000     0x272c
 .debug_frame   0x0000000000000000       0xd8 ./Core/Src/ESP_DATA_HANDLER.o
 .debug_frame   0x00000000000000d8      0x224 ./Core/Src/UartRingbuffer.o
 .debug_frame   0x00000000000002fc       0x38 ./Core/Src/gpio.o
 .debug_frame   0x0000000000000334       0x68 ./Core/Src/main.o
 .debug_frame   0x000000000000039c       0x38 ./Core/Src/stm32f7xx_hal_msp.o
 .debug_frame   0x00000000000003d4      0x120 ./Core/Src/stm32f7xx_it.o
 .debug_frame   0x00000000000004f4       0x34 ./Core/Src/sysmem.o
 .debug_frame   0x0000000000000528       0x58 ./Core/Src/system_stm32f7xx.o
 .debug_frame   0x0000000000000580       0x78 ./Core/Src/usart.o
 .debug_frame   0x00000000000005f8      0x3f4 ./Drivers/STM32F7xx_HAL_Driver/Src/stm32f7xx_hal.o
 .debug_frame   0x00000000000009ec      0x498 ./Drivers/STM32F7xx_HAL_Driver/Src/stm32f7xx_hal_cortex.o
 .debug_frame   0x0000000000000e84      0x250 ./Drivers/STM32F7xx_HAL_Driver/Src/stm32f7xx_hal_dma.o
 .debug_frame   0x00000000000010d4      0x14c ./Drivers/STM32F7xx_HAL_Driver/Src/stm32f7xx_hal_gpio.o
 .debug_frame   0x0000000000001220      0x1c8 ./Drivers/STM32F7xx_HAL_Driver/Src/stm32f7xx_hal_pwr_ex.o
 .debug_frame   0x00000000000013e8      0x1f8 ./Drivers/STM32F7xx_HAL_Driver/Src/stm32f7xx_hal_rcc.o
 .debug_frame   0x00000000000015e0      0x118 ./Drivers/STM32F7xx_HAL_Driver/Src/stm32f7xx_hal_rcc_ex.o
 .debug_frame   0x00000000000016f8      0xa10 ./Drivers/STM32F7xx_HAL_Driver/Src/stm32f7xx_hal_uart.o
 .debug_frame   0x0000000000002108      0x13c C:/ST/STM32CubeIDE_1.13.1/STM32CubeIDE/plugins/com.st.stm32cube.ide.mcu.externaltools.gnu-tools-for-stm32.11.3.rel1.win32_1.1.0.202305231506/tools/bin/../lib/gcc/arm-none-eabi/11.3.1/../../../../arm-none-eabi/lib/thumb/v7e-m+dp/hard\libc_nano.a(libc_a-findfp.o)
 .debug_frame   0x0000000000002244       0x6c C:/ST/STM32CubeIDE_1.13.1/STM32CubeIDE/plugins/com.st.stm32cube.ide.mcu.externaltools.gnu-tools-for-stm32.11.3.rel1.win32_1.1.0.202305231506/tools/bin/../lib/gcc/arm-none-eabi/11.3.1/../../../../arm-none-eabi/lib/thumb/v7e-m+dp/hard\libc_nano.a(libc_a-sprintf.o)
 .debug_frame   0x00000000000022b0       0x20 C:/ST/STM32CubeIDE_1.13.1/STM32CubeIDE/plugins/com.st.stm32cube.ide.mcu.externaltools.gnu-tools-for-stm32.11.3.rel1.win32_1.1.0.202305231506/tools/bin/../lib/gcc/arm-none-eabi/11.3.1/../../../../arm-none-eabi/lib/thumb/v7e-m+dp/hard\libc_nano.a(libc_a-memset.o)
 .debug_frame   0x00000000000022d0       0x28 C:/ST/STM32CubeIDE_1.13.1/STM32CubeIDE/plugins/com.st.stm32cube.ide.mcu.externaltools.gnu-tools-for-stm32.11.3.rel1.win32_1.1.0.202305231506/tools/bin/../lib/gcc/arm-none-eabi/11.3.1/../../../../arm-none-eabi/lib/thumb/v7e-m+dp/hard\libc_nano.a(libc_a-strcat.o)
 .debug_frame   0x00000000000022f8       0x38 C:/ST/STM32CubeIDE_1.13.1/STM32CubeIDE/plugins/com.st.stm32cube.ide.mcu.externaltools.gnu-tools-for-stm32.11.3.rel1.win32_1.1.0.202305231506/tools/bin/../lib/gcc/arm-none-eabi/11.3.1/../../../../arm-none-eabi/lib/thumb/v7e-m+dp/hard\libc_nano.a(libc_a-reent.o)
 .debug_frame   0x0000000000002330       0x20 C:/ST/STM32CubeIDE_1.13.1/STM32CubeIDE/plugins/com.st.stm32cube.ide.mcu.externaltools.gnu-tools-for-stm32.11.3.rel1.win32_1.1.0.202305231506/tools/bin/../lib/gcc/arm-none-eabi/11.3.1/../../../../arm-none-eabi/lib/thumb/v7e-m+dp/hard\libc_nano.a(libc_a-errno.o)
 .debug_frame   0x0000000000002350       0x2c C:/ST/STM32CubeIDE_1.13.1/STM32CubeIDE/plugins/com.st.stm32cube.ide.mcu.externaltools.gnu-tools-for-stm32.11.3.rel1.win32_1.1.0.202305231506/tools/bin/../lib/gcc/arm-none-eabi/11.3.1/../../../../arm-none-eabi/lib/thumb/v7e-m+dp/hard\libc_nano.a(libc_a-init.o)
 .debug_frame   0x000000000000237c       0xb0 C:/ST/STM32CubeIDE_1.13.1/STM32CubeIDE/plugins/com.st.stm32cube.ide.mcu.externaltools.gnu-tools-for-stm32.11.3.rel1.win32_1.1.0.202305231506/tools/bin/../lib/gcc/arm-none-eabi/11.3.1/../../../../arm-none-eabi/lib/thumb/v7e-m+dp/hard\libc_nano.a(libc_a-lock.o)
 .debug_frame   0x000000000000242c       0x20 C:/ST/STM32CubeIDE_1.13.1/STM32CubeIDE/plugins/com.st.stm32cube.ide.mcu.externaltools.gnu-tools-for-stm32.11.3.rel1.win32_1.1.0.202305231506/tools/bin/../lib/gcc/arm-none-eabi/11.3.1/../../../../arm-none-eabi/lib/thumb/v7e-m+dp/hard\libc_nano.a(libc_a-strcmp.o)
 .debug_frame   0x000000000000244c       0x38 C:/ST/STM32CubeIDE_1.13.1/STM32CubeIDE/plugins/com.st.stm32cube.ide.mcu.externaltools.gnu-tools-for-stm32.11.3.rel1.win32_1.1.0.202305231506/tools/bin/../lib/gcc/arm-none-eabi/11.3.1/../../../../arm-none-eabi/lib/thumb/v7e-m+dp/hard\libc_nano.a(libc_a-freer.o)
 .debug_frame   0x0000000000002484       0x50 C:/ST/STM32CubeIDE_1.13.1/STM32CubeIDE/plugins/com.st.stm32cube.ide.mcu.externaltools.gnu-tools-for-stm32.11.3.rel1.win32_1.1.0.202305231506/tools/bin/../lib/gcc/arm-none-eabi/11.3.1/../../../../arm-none-eabi/lib/thumb/v7e-m+dp/hard\libc_nano.a(libc_a-mallocr.o)
 .debug_frame   0x00000000000024d4       0x30 C:/ST/STM32CubeIDE_1.13.1/STM32CubeIDE/plugins/com.st.stm32cube.ide.mcu.externaltools.gnu-tools-for-stm32.11.3.rel1.win32_1.1.0.202305231506/tools/bin/../lib/gcc/arm-none-eabi/11.3.1/../../../../arm-none-eabi/lib/thumb/v7e-m+dp/hard\libc_nano.a(libc_a-mlock.o)
 .debug_frame   0x0000000000002504       0x90 C:/ST/STM32CubeIDE_1.13.1/STM32CubeIDE/plugins/com.st.stm32cube.ide.mcu.externaltools.gnu-tools-for-stm32.11.3.rel1.win32_1.1.0.202305231506/tools/bin/../lib/gcc/arm-none-eabi/11.3.1/../../../../arm-none-eabi/lib/thumb/v7e-m+dp/hard\libc_nano.a(libc_a-nano-svfprintf.o)
 .debug_frame   0x0000000000002594       0x60 C:/ST/STM32CubeIDE_1.13.1/STM32CubeIDE/plugins/com.st.stm32cube.ide.mcu.externaltools.gnu-tools-for-stm32.11.3.rel1.win32_1.1.0.202305231506/tools/bin/../lib/gcc/arm-none-eabi/11.3.1/../../../../arm-none-eabi/lib/thumb/v7e-m+dp/hard\libc_nano.a(libc_a-nano-vfprintf_i.o)
 .debug_frame   0x00000000000025f4       0x28 C:/ST/STM32CubeIDE_1.13.1/STM32CubeIDE/plugins/com.st.stm32cube.ide.mcu.externaltools.gnu-tools-for-stm32.11.3.rel1.win32_1.1.0.202305231506/tools/bin/../lib/gcc/arm-none-eabi/11.3.1/../../../../arm-none-eabi/lib/thumb/v7e-m+dp/hard\libc_nano.a(libc_a-memmove.o)
 .debug_frame   0x000000000000261c       0x2c C:/ST/STM32CubeIDE_1.13.1/STM32CubeIDE/plugins/com.st.stm32cube.ide.mcu.externaltools.gnu-tools-for-stm32.11.3.rel1.win32_1.1.0.202305231506/tools/bin/../lib/gcc/arm-none-eabi/11.3.1/../../../../arm-none-eabi/lib/thumb/v7e-m+dp/hard\libc_nano.a(libc_a-sbrkr.o)
 .debug_frame   0x0000000000002648       0x28 C:/ST/STM32CubeIDE_1.13.1/STM32CubeIDE/plugins/com.st.stm32cube.ide.mcu.externaltools.gnu-tools-for-stm32.11.3.rel1.win32_1.1.0.202305231506/tools/bin/../lib/gcc/arm-none-eabi/11.3.1/../../../../arm-none-eabi/lib/thumb/v7e-m+dp/hard\libc_nano.a(libc_a-memcpy-stub.o)
 .debug_frame   0x0000000000002670       0x3c C:/ST/STM32CubeIDE_1.13.1/STM32CubeIDE/plugins/com.st.stm32cube.ide.mcu.externaltools.gnu-tools-for-stm32.11.3.rel1.win32_1.1.0.202305231506/tools/bin/../lib/gcc/arm-none-eabi/11.3.1/../../../../arm-none-eabi/lib/thumb/v7e-m+dp/hard\libc_nano.a(libc_a-reallocr.o)
 .debug_frame   0x00000000000026ac       0x20 C:/ST/STM32CubeIDE_1.13.1/STM32CubeIDE/plugins/com.st.stm32cube.ide.mcu.externaltools.gnu-tools-for-stm32.11.3.rel1.win32_1.1.0.202305231506/tools/bin/../lib/gcc/arm-none-eabi/11.3.1/../../../../arm-none-eabi/lib/thumb/v7e-m+dp/hard\libc_nano.a(libc_a-msizer.o)
 .debug_frame   0x00000000000026cc       0x2c C:/ST/STM32CubeIDE_1.13.1/STM32CubeIDE/plugins/com.st.stm32cube.ide.mcu.externaltools.gnu-tools-for-stm32.11.3.rel1.win32_1.1.0.202305231506/tools/bin/../lib/gcc/arm-none-eabi/11.3.1/thumb/v7e-m+dp/hard\libgcc.a(_aeabi_uldivmod.o)
 .debug_frame   0x00000000000026f8       0x34 C:/ST/STM32CubeIDE_1.13.1/STM32CubeIDE/plugins/com.st.stm32cube.ide.mcu.externaltools.gnu-tools-for-stm32.11.3.rel1.win32_1.1.0.202305231506/tools/bin/../lib/gcc/arm-none-eabi/11.3.1/thumb/v7e-m+dp/hard\libgcc.a(_udivmoddi4.o)

.debug_line_str
                0x0000000000000000       0x8a
 .debug_line_str
                0x0000000000000000       0x8a ./Core/Startup/startup_stm32f767zitx.o
                                         0xa2 (size before relaxing)
